Component: ARM Compiler 5.05 update 1 (build 106) Tool: armlink [4d0efa]

==============================================================================

Section Cross References

    main.o(i.main) refers to misc.o(i.NVIC_PriorityGroupConfig) for NVIC_PriorityGroupConfig
    main.o(i.main) refers to delay.o(i.delay_init) for delay_init
    main.o(i.main) refers to usart.o(i.uart_init) for uart_init
    main.o(i.main) refers to led.o(i.LED_Init) for LED_Init
    main.o(i.main) refers to key.o(i.KEY_Init) for KEY_Init
    main.o(i.main) refers to lcd.o(i.LCD_Init) for LCD_Init
    main.o(i.main) refers to malloc.o(i.my_mem_init) for my_mem_init
    main.o(i.main) refers to lcd.o(i.LCD_ShowString) for LCD_ShowString
    main.o(i.main) refers to tasks.o(i.xTaskCreate) for xTaskCreate
    main.o(i.main) refers to tasks.o(i.vTaskStartScheduler) for vTaskStartScheduler
    main.o(i.main) refers to lcd.o(.data) for POINT_COLOR
    main.o(i.main) refers to main.o(.data) for .data
    main.o(i.main) refers to main.o(i.start_task) for start_task
    main.o(i.malloc_task) refers to _printf_percent.o(.ARM.Collect$$_printf_percent$$00000000) for _printf_percent
    main.o(i.malloc_task) refers to _printf_x.o(.ARM.Collect$$_printf_percent$$0000000C) for _printf_x
    main.o(i.malloc_task) refers to _printf_hex_int.o(.text) for _printf_longlong_hex
    main.o(i.malloc_task) refers to _printf_d.o(.ARM.Collect$$_printf_percent$$00000009) for _printf_d
    main.o(i.malloc_task) refers to _printf_dec.o(.text) for _printf_int_dec
    main.o(i.malloc_task) refers to lcd.o(i.LCD_ShowxNum) for LCD_ShowxNum
    main.o(i.malloc_task) refers to key.o(i.KEY_Scan) for KEY_Scan
    main.o(i.malloc_task) refers to heap_4.o(i.pvPortMalloc) for pvPortMalloc
    main.o(i.malloc_task) refers to noretval__2printf.o(.text) for __2printf
    main.o(i.malloc_task) refers to heap_4.o(i.vPortFree) for vPortFree
    main.o(i.malloc_task) refers to noretval__2sprintf.o(.text) for __2sprintf
    main.o(i.malloc_task) refers to lcd.o(i.LCD_ShowString) for LCD_ShowString
    main.o(i.malloc_task) refers to heap_4.o(i.xPortGetFreeHeapSize) for xPortGetFreeHeapSize
    main.o(i.malloc_task) refers to tasks.o(i.vTaskDelay) for vTaskDelay
    main.o(i.start_task) refers to port.o(i.vPortEnterCritical) for vPortEnterCritical
    main.o(i.start_task) refers to tasks.o(i.xTaskCreate) for xTaskCreate
    main.o(i.start_task) refers to tasks.o(i.vTaskDelete) for vTaskDelete
    main.o(i.start_task) refers to port.o(i.vPortExitCritical) for vPortExitCritical
    main.o(i.start_task) refers to main.o(.data) for .data
    main.o(i.start_task) refers to main.o(i.malloc_task) for malloc_task
    system_stm32f4xx.o(i.SystemCoreClockUpdate) refers to system_stm32f4xx.o(.data) for .data
    system_stm32f4xx.o(i.SystemInit) refers to system_stm32f4xx.o(i.SetSysClock) for SetSysClock
    led.o(i.LED_Init) refers to stm32f4xx_rcc.o(i.RCC_AHB1PeriphClockCmd) for RCC_AHB1PeriphClockCmd
    led.o(i.LED_Init) refers to stm32f4xx_gpio.o(i.GPIO_Init) for GPIO_Init
    led.o(i.LED_Init) refers to stm32f4xx_gpio.o(i.GPIO_SetBits) for GPIO_SetBits
    timer.o(i.ConfigureTimeForRunTimeStats) refers to timer.o(i.TIM3_Int_Init) for TIM3_Int_Init
    timer.o(i.ConfigureTimeForRunTimeStats) refers to timer.o(.data) for .data
    timer.o(i.TIM3_IRQHandler) refers to stm32f4xx_tim.o(i.TIM_GetITStatus) for TIM_GetITStatus
    timer.o(i.TIM3_IRQHandler) refers to stm32f4xx_tim.o(i.TIM_ClearITPendingBit) for TIM_ClearITPendingBit
    timer.o(i.TIM3_IRQHandler) refers to timer.o(.data) for .data
    timer.o(i.TIM3_Int_Init) refers to stm32f4xx_rcc.o(i.RCC_APB1PeriphClockCmd) for RCC_APB1PeriphClockCmd
    timer.o(i.TIM3_Int_Init) refers to stm32f4xx_tim.o(i.TIM_TimeBaseInit) for TIM_TimeBaseInit
    timer.o(i.TIM3_Int_Init) refers to stm32f4xx_tim.o(i.TIM_ITConfig) for TIM_ITConfig
    timer.o(i.TIM3_Int_Init) refers to stm32f4xx_tim.o(i.TIM_Cmd) for TIM_Cmd
    timer.o(i.TIM3_Int_Init) refers to misc.o(i.NVIC_Init) for NVIC_Init
    lcd.o(i.LCD_Clear) refers to lcd.o(i.LCD_SetCursor) for LCD_SetCursor
    lcd.o(i.LCD_Clear) refers to lcd.o(i.LCD_WriteRAM_Prepare) for LCD_WriteRAM_Prepare
    lcd.o(i.LCD_Clear) refers to lcd.o(.bss) for .bss
    lcd.o(i.LCD_Color_Fill) refers to lcd.o(i.LCD_SetCursor) for LCD_SetCursor
    lcd.o(i.LCD_Color_Fill) refers to lcd.o(i.LCD_WriteRAM_Prepare) for LCD_WriteRAM_Prepare
    lcd.o(i.LCD_DisplayOff) refers to lcd.o(i.LCD_WriteReg) for LCD_WriteReg
    lcd.o(i.LCD_DisplayOff) refers to lcd.o(i.LCD_WR_REG) for LCD_WR_REG
    lcd.o(i.LCD_DisplayOff) refers to lcd.o(.bss) for .bss
    lcd.o(i.LCD_DisplayOn) refers to lcd.o(i.LCD_WriteReg) for LCD_WriteReg
    lcd.o(i.LCD_DisplayOn) refers to lcd.o(i.LCD_WR_REG) for LCD_WR_REG
    lcd.o(i.LCD_DisplayOn) refers to lcd.o(.bss) for .bss
    lcd.o(i.LCD_Display_Dir) refers to lcd.o(i.LCD_Scan_Dir) for LCD_Scan_Dir
    lcd.o(i.LCD_Display_Dir) refers to lcd.o(.bss) for .bss
[...]
    SetSysClock                              0x08004c6d   Thumb Code   162  system_stm32f4xx.o(i.SetSysClock)
    i.SysTick_CLKSourceConfig                0x08004d20   Section        0  misc.o(i.SysTick_CLKSourceConfig)
    i.SysTick_Handler                        0x08004d38   Section        0  delay.o(i.SysTick_Handler)
    i.SystemInit                             0x08004d4c   Section        0  system_stm32f4xx.o(i.SystemInit)
    i.TIM3_IRQHandler                        0x08004da8   Section        0  timer.o(i.TIM3_IRQHandler)
    i.TIM3_Int_Init                          0x08004ddc   Section        0  timer.o(i.TIM3_Int_Init)
    i.TIM_ClearITPendingBit                  0x08004e38   Section        0  stm32f4xx_tim.o(i.TIM_ClearITPendingBit)
    i.TIM_Cmd                                0x08004e3e   Section        0  stm32f4xx_tim.o(i.TIM_Cmd)
    i.TIM_GetITStatus                        0x08004e52   Section        0  stm32f4xx_tim.o(i.TIM_GetITStatus)
    i.TIM_ITConfig                           0x08004e6a   Section        0  stm32f4xx_tim.o(i.TIM_ITConfig)
    i.TIM_TimeBaseInit                       0x08004e7c   Section        0  stm32f4xx_tim.o(i.TIM_TimeBaseInit)
    i.USART1_IRQHandler                      0x08004ef8   Section        0  usart.o(i.USART1_IRQHandler)
    i.USART_Cmd                              0x08004f5c   Section        0  stm32f4xx_usart.o(i.USART_Cmd)
    i.USART_GetITStatus                      0x08004f70   Section        0  stm32f4xx_usart.o(i.USART_GetITStatus)
    i.USART_ITConfig                         0x08004fae   Section        0  stm32f4xx_usart.o(i.USART_ITConfig)
    i.USART_Init                             0x08004fe0   Section        0  stm32f4xx_usart.o(i.USART_Init)
    i.USART_ReceiveData                      0x0800508c   Section        0  stm32f4xx_usart.o(i.USART_ReceiveData)
    i.UsageFault_Handler                     0x08005094   Section        0  stm32f4xx_it.o(i.UsageFault_Handler)
    i._sys_exit                              0x08005096   Section        0  usart.o(i._sys_exit)
    i.delay_init                             0x08005098   Section        0  delay.o(i.delay_init)
    i.delay_ms                               0x080050d0   Section        0  delay.o(i.delay_ms)
    i.delay_us                               0x08005108   Section        0  delay.o(i.delay_us)
    i.fputc                                  0x0800513c   Section        0  usart.o(i.fputc)
    i.main                                   0x08005150   Section        0  main.o(i.main)
    i.malloc_task                            0x08005328   Section        0  main.o(i.malloc_task)
    i.my_mem_init                            0x080053f8   Section        0  malloc.o(i.my_mem_init)
    i.my_mem_perused                         0x08005434   Section        0  malloc.o(i.my_mem_perused)
    i.mymemset                               0x0800546c   Section        0  malloc.o(i.mymemset)
    i.prvAddCurrentTaskToDelayedList         0x08005478   Section        0  tasks.o(i.prvAddCurrentTaskToDelayedList)
    prvAddCurrentTaskToDelayedList           0x08005479   Thumb Code   102  tasks.o(i.prvAddCurrentTaskToDelayedList)
    i.prvAddNewTaskToReadyList               0x080054e8   Section        0  tasks.o(i.prvAddNewTaskToReadyList)
    prvAddNewTaskToReadyList                 0x080054e9   Thumb Code   192  tasks.o(i.prvAddNewTaskToReadyList)
    i.prvCheckForValidListAndQueue           0x080055b8   Section        0  timers.o(i.prvCheckForValidListAndQueue)
    prvCheckForValidListAndQueue             0x080055b9   Thumb Code    62  timers.o(i.prvCheckForValidListAndQueue)
    i.prvCheckTasksWaitingTermination        0x08005608   Section        0  tasks.o(i.prvCheckTasksWaitingTermination)
    prvCheckTasksWaitingTermination          0x08005609   Thumb Code    74  tasks.o(i.prvCheckTasksWaitingTermination)
    i.prvCopyDataFromQueue                   0x0800565c   Section        0  queue.o(i.prvCopyDataFromQueue)
    prvCopyDataFromQueue                     0x0800565d   Thumb Code    38  queue.o(i.prvCopyDataFromQueue)
    i.prvCopyDataToQueue                     0x08005682   Section        0  queue.o(i.prvCopyDataToQueue)
    prvCopyDataToQueue                       0x08005683   Thumb Code   108  queue.o(i.prvCopyDataToQueue)
    i.prvDeleteTCB                           0x080056ee   Section        0  tasks.o(i.prvDeleteTCB)
    prvDeleteTCB                             0x080056ef   Thumb Code    20  tasks.o(i.prvDeleteTCB)
    i.prvHeapInit                            0x08005704   Section        0  heap_4.o(i.prvHeapInit)
    prvHeapInit                              0x08005705   Thumb Code    66  heap_4.o(i.prvHeapInit)
    i.prvIdleTask                            0x08005750   Section        0  tasks.o(i.prvIdleTask)
    prvIdleTask                              0x08005751   Thumb Code    30  tasks.o(i.prvIdleTask)
    i.prvInitialiseNewTask                   0x08005778   Section        0  tasks.o(i.prvInitialiseNewTask)
    prvInitialiseNewTask                     0x08005779   Thumb Code   156  tasks.o(i.prvInitialiseNewTask)
    i.prvInsertBlockIntoFreeList             0x08005838   Section        0  heap_4.o(i.prvInsertBlockIntoFreeList)
    prvInsertBlockIntoFreeList               0x08005839   Thumb Code    72  heap_4.o(i.prvInsertBlockIntoFreeList)
    i.prvInsertTimerInActiveList             0x08005884   Section        0  timers.o(i.prvInsertTimerInActiveList)
    prvInsertTimerInActiveList               0x08005885   Thumb Code    52  timers.o(i.prvInsertTimerInActiveList)
    i.prvIsQueueEmpty                        0x080058bc   Section        0  queue.o(i.prvIsQueueEmpty)
    prvIsQueueEmpty                          0x080058bd   Thumb Code    26  queue.o(i.prvIsQueueEmpty)
    i.prvNotifyQueueSetContainer             0x080058d8   Section        0  queue.o(i.prvNotifyQueueSetContainer)
    prvNotifyQueueSetContainer               0x080058d9   Thumb Code   108  queue.o(i.prvNotifyQueueSetContainer)
    i.prvProcessExpiredTimer                 0x08005968   Section        0  timers.o(i.prvProcessExpiredTimer)
    prvProcessExpiredTimer                   0x08005969   Thumb Code    86  timers.o(i.prvProcessExpiredTimer)
    i.prvProcessReceivedCommands             0x080059c8   Section        0  timers.o(i.prvProcessReceivedCommands)
    prvProcessReceivedCommands               0x080059c9   Thumb Code   196  timers.o(i.prvProcessReceivedCommands)
    i.prvProcessTimerOrBlockTask             0x08005ab8   Section        0  timers.o(i.prvProcessTimerOrBlockTask)
    prvProcessTimerOrBlockTask               0x08005ab9   Thumb Code    98  timers.o(i.prvProcessTimerOrBlockTask)
    i.prvResetNextTaskUnblockTime            0x08005b24   Section        0  tasks.o(i.prvResetNextTaskUnblockTime)
    prvResetNextTaskUnblockTime              0x08005b25   Thumb Code    26  tasks.o(i.prvResetNextTaskUnblockTime)
    i.prvSampleTimeNow                       0x08005b44   Section        0  timers.o(i.prvSampleTimeNow)
    prvSampleTimeNow                         0x08005b45   Thumb Code    36  timers.o(i.prvSampleTimeNow)
    i.prvSwitchTimerLists                    0x08005b6c   Section        0  timers.o(i.prvSwitchTimerLists)
    prvSwitchTimerLists                      0x08005b6d   Thumb Code   100  timers.o(i.prvSwitchTimerLists)
    i.prvTaskExitError                       0x08005bd8   Section        0  port.o(i.prvTaskExitError)
    prvTaskExitError                         0x08005bd9   Thumb Code    36  port.o(i.prvTaskExitError)
    i.prvTimerTask                           0x08005c3c   Section        0  timers.o(i.prvTimerTask)
    prvTimerTask                             0x08005c3d   Thumb Code    34  timers.o(i.prvTimerTask)
    i.prvUnlockQueue                         0x08005c64   Section        0  queue.o(i.prvUnlockQueue)
    prvUnlockQueue                           0x08005c65   Thumb Code   120  queue.o(i.prvUnlockQueue)
    i.pvPortMalloc                           0x08005cdc   Section        0  heap_4.o(i.pvPortMalloc)
    i.pvTaskIncrementMutexHeldCount          0x08005df0   Section        0  tasks.o(i.pvTaskIncrementMutexHeldCount)
    i.pxPortInitialiseStack                  0x08005e08   Section        0  port.o(i.pxPortInitialiseStack)
    i.start_task                             0x08005e34   Section        0  main.o(i.start_task)
    i.uart_init                              0x08005e74   Section        0  usart.o(i.uart_init)
    i.uxListRemove                           0x08005f20   Section        0  list.o(i.uxListRemove)
    i.vListInitialise                        0x08005f44   Section        0  list.o(i.vListInitialise)
    i.vListInitialiseItem                    0x08005f5a   Section        0  list.o(i.vListInitialiseItem)
    i.vListInsert                            0x08005f60   Section        0  list.o(i.vListInsert)
    i.vListInsertEnd                         0x08005f90   Section        0  list.o(i.vListInsertEnd)
    i.vPortEnterCritical                     0x08005fa8   Section        0  port.o(i.vPortEnterCritical)
    i.vPortExitCritical                      0x08006020   Section        0  port.o(i.vPortExitCritical)
    i.vPortFree                              0x08006084   Section        0  heap_4.o(i.vPortFree)
    i.vPortSetupTimerInterrupt               0x08006120   Section        0  port.o(i.vPortSetupTimerInterrupt)
    i.vPortValidateInterruptPriority         0x08006140   Section        0  port.o(i.vPortValidateInterruptPriority)
    i.vQueueAddToRegistry                    0x080061cc   Section        0  queue.o(i.vQueueAddToRegistry)
    i.vQueueWaitForMessageRestricted         0x080061f0   Section        0  queue.o(i.vQueueWaitForMessageRestricted)
    i.vTaskDelay                             0x08006234   Section        0  tasks.o(i.vTaskDelay)
    i.vTaskDelete                            0x080062a0   Section        0  tasks.o(i.vTaskDelete)
    i.vTaskMissedYield                       0x0800636c   Section        0  tasks.o(i.vTaskMissedYield)
    i.vTaskPlaceOnEventList                  0x08006378   Section        0  tasks.o(i.vTaskPlaceOnEventList)
    i.vTaskPlaceOnEventListRestricted        0x080063cc   Section        0  tasks.o(i.vTaskPlaceOnEventListRestricted)
    i.vTaskPriorityInherit                   0x08006428   Section        0  tasks.o(i.vTaskPriorityInherit)
    i.vTaskSetTimeOutState                   0x080064ac   Section        0  tasks.o(i.vTaskSetTimeOutState)
    i.vTaskStartScheduler                    0x080064f4   Section        0  tasks.o(i.vTaskStartScheduler)
    i.vTaskSuspendAll                        0x0800658c   Section        0  tasks.o(i.vTaskSuspendAll)
    i.vTaskSwitchContext                     0x0800659c   Section        0  tasks.o(i.vTaskSwitchContext)
    i.xPortGetFreeHeapSize                   0x08006638   Section        0  heap_4.o(i.xPortGetFreeHeapSize)
    i.xPortStartScheduler                    0x08006644   Section        0  port.o(i.xPortStartScheduler)
    i.xPortSysTickHandler                    0x08006758   Section        0  port.o(i.xPortSysTickHandler)
    i.xQueueGenericCreate                    0x08006784   Section        0  queue.o(i.xQueueGenericCreate)
    i.xQueueGenericReceive                   0x080067fc   Section        0  queue.o(i.xQueueGenericReceive)
    i.xQueueGenericReset                     0x08006980   Section        0  queue.o(i.xQueueGenericReset)
    i.xQueueGenericSend                      0x08006a28   Section        0  queue.o(i.xQueueGenericSend)
    i.xQueueGenericSendFromISR               0x08006bb0   Section        0  queue.o(i.xQueueGenericSendFromISR)
    i.xTaskCheckForTimeOut                   0x08006c90   Section        0  tasks.o(i.xTaskCheckForTimeOut)
    i.xTaskCreate                            0x08006d18   Section        0  tasks.o(i.xTaskCreate)
    i.xTaskGetSchedulerState                 0x08006d70   Section        0  tasks.o(i.xTaskGetSchedulerState)
    i.xTaskGetTickCount                      0x08006d8c   Section        0  tasks.o(i.xTaskGetTickCount)
    i.xTaskIncrementTick                     0x08006d98   Section        0  tasks.o(i.xTaskIncrementTick)
    i.xTaskPriorityDisinherit                0x08006e80   Section        0  tasks.o(i.xTaskPriorityDisinherit)
    i.xTaskRemoveFromEventList               0x08006f34   Section        0  tasks.o(i.xTaskRemoveFromEventList)
    i.xTaskResumeAll                         0x08006fcc   Section        0  tasks.o(i.xTaskResumeAll)
    i.xTimerCreate                           0x080070b0   Section        0  timers.o(i.xTimerCreate)
    i.xTimerCreateTimerTask                  0x08007124   Section        0  timers.o(i.xTimerCreateTimerTask)
    i.xTimerGenericCommand                   0x08007198   Section        0  timers.o(i.xTimerGenericCommand)
    x$fpl$dfixu                              0x08007228   Section       90  dfixu.o(x$fpl$dfixu)
    $v0                                      0x08007228   Number         0  dfixu.o(x$fpl$dfixu)
    x$fpl$dfltu                              0x08007282   Section       38  dflt_clz.o(x$fpl$dfltu)
    $v0                                      0x08007282   Number         0  dflt_clz.o(x$fpl$dfltu)
    x$fpl$dmul                               0x080072a8   Section      340  dmul.o(x$fpl$dmul)
    $v0                                      0x080072a8   Number         0  dmul.o(x$fpl$dmul)
    x$fpl$dnaninf                            0x080073fc   Section      156  dnaninf.o(x$fpl$dnaninf)
    $v0                                      0x080073fc   Number         0  dnaninf.o(x$fpl$dnaninf)
    x$fpl$dretinf                            0x08007498   Section       12  dretinf.o(x$fpl$dretinf)
    $v0                                      0x08007498   Number         0  dretinf.o(x$fpl$dretinf)
    x$fpl$fpinit                             0x080074a4   Section       10  fpinit.o(x$fpl$fpinit)
    $v0                                      0x080074a4   Number         0  fpinit.o(x$fpl$fpinit)
    .constdata                               0x080074ae   Section     6080  lcd.o(.constdata)
    x$fpl$usenofp                            0x080074ae   Section        0  usenofp.o(x$fpl$usenofp)
    .constdata                               0x08008c70   Section       36  malloc.o(.constdata)
    .constdata                               0x08008c94   Section       40  _printf_hex_int.o(.constdata)
    uc_hextab                                0x08008c94   Data          20  _printf_hex_int.o(.constdata)
    lc_hextab                                0x08008ca8   Data          20  _printf_hex_int.o(.constdata)
    .constdata                               0x08008cbc   Section       17  __printf_flags.o(.constdata)
    maptable                                 0x08008cbc   Data          17  __printf_flags.o(.constdata)
    .ARM.__AT_0x10000000                     0x10000000   Section    61440  malloc.o(.ARM.__AT_0x10000000)
    .ARM.__AT_0x1000F000                     0x1000f000   Section     3840  malloc.o(.ARM.__AT_0x1000F000)
    .data                                    0x20000000   Section        8  main.o(.data)
    .data                                    0x20000008   Section       20  system_stm32f4xx.o(.data)
    .data                                    0x20000020   Section        8  timer.o(.data)
    .data                                    0x20000028   Section        4  lcd.o(.data)
    .data                                    0x2000002c   Section        1  key.o(.data)
    key_up                                   0x2000002c   Data           1  key.o(.data)
    .data                                    0x2000002e   Section        4  delay.o(.data)
    fac_us                                   0x2000002e   Data           1  delay.o(.data)
    fac_ms                                   0x20000030   Data           2  delay.o(.data)
    .data                                    0x20000032   Section        2  usart.o(.data)
    .data                                    0x20000034   Section        4  usart.o(.data)
    .data                                    0x20000038   Section       16  stm32f4xx_rcc.o(.data)
    APBAHBPrescTable                         0x20000038   Data          16  stm32f4xx_rcc.o(.data)
    .data                                    0x20000048   Section       36  malloc.o(.data)
    .data                                    0x2000006c   Section       68  tasks.o(.data)
    uxDeletedTasksWaitingCleanUp             0x20000070   Data           4  tasks.o(.data)
    uxCurrentNumberOfTasks                   0x20000074   Data           4  tasks.o(.data)
    xTickCount                               0x20000078   Data           4  tasks.o(.data)
    uxTopReadyPriority                       0x2000007c   Data           4  tasks.o(.data)
    xSchedulerRunning                        0x20000080   Data           4  tasks.o(.data)
    uxPendedTicks                            0x20000084   Data           4  tasks.o(.data)
    xYieldPending                            0x20000088   Data           4  tasks.o(.data)
    xNumOfOverflows                          0x2000008c   Data           4  tasks.o(.data)
    uxTaskNumber                             0x20000090   Data           4  tasks.o(.data)
    xNextTaskUnblockTime                     0x20000094   Data           4  tasks.o(.data)
    xIdleTaskHandle                          0x20000098   Data           4  tasks.o(.data)
    uxSchedulerSuspended                     0x2000009c   Data           4  tasks.o(.data)
    ulTaskSwitchedInTime                     0x200000a0   Data           4  tasks.o(.data)
    ulTotalRunTime                           0x200000a4   Data           4  tasks.o(.data)
    pxDelayedTaskList                        0x200000a8   Data           4  tasks.o(.data)
    pxOverflowDelayedTaskList                0x200000ac   Data           4  tasks.o(.data)
    .data                                    0x200000b0   Section       20  timers.o(.data)
    xTimerQueue                              0x200000b0   Data           4  timers.o(.data)
    xTimerTaskHandle                         0x200000b4   Data           4  timers.o(.data)
    xLastTime                                0x200000b8   Data           4  timers.o(.data)
    pxCurrentTimerList                       0x200000bc   Data           4  timers.o(.data)
    pxOverflowTimerList                      0x200000c0   Data           4  timers.o(.data)
    .data                                    0x200000c4   Section       12  port.o(.data)
    ucMaxSysCallPriority                     0x200000c4   Data           1  port.o(.data)
    uxCriticalNesting                        0x200000c8   Data           4  port.o(.data)
    ulMaxPRIGROUPValue                       0x200000cc   Data           4  port.o(.data)
    .data                                    0x200000d0   Section       24  heap_4.o(.data)
    pxEnd                                    0x200000d0   Data           4  heap_4.o(.data)
    xFreeBytesRemaining                      0x200000d4   Data           4  heap_4.o(.data)
    xMinimumEverFreeBytesRemaining           0x200000d8   Data           4  heap_4.o(.data)
    xBlockAllocatedBit                       0x200000dc   Data           4  heap_4.o(.data)
    xStart                                   0x200000e0   Data           8  heap_4.o(.data)
    .bss                                     0x200000e8   Section       14  lcd.o(.bss)
    .bss                                     0x200000f6   Section      200  usart.o(.bss)
    .bss                                     0x200001c0   Section    61440  malloc.o(.bss)
    .bss                                     0x2000f1c0   Section     3840  malloc.o(.bss)
    .bss                                     0x200100c0   Section       64  queue.o(.bss)
    .bss                                     0x20010100   Section      740  tasks.o(.bss)
    pxReadyTasksLists                        0x20010100   Data         640  tasks.o(.bss)
    xDelayedTaskList1                        0x20010380   Data          20  tasks.o(.bss)
    xDelayedTaskList2                        0x20010394   Data          20  tasks.o(.bss)
    xPendingReadyList                        0x200103a8   Data          20  tasks.o(.bss)
    xTasksWaitingTermination                 0x200103bc   Data          20  tasks.o(.bss)
    xSuspendedTaskList                       0x200103d0   Data          20  tasks.o(.bss)
    .bss                                     0x200103e4   Section       40  timers.o(.bss)
    xActiveTimerList1                        0x200103e4   Data          20  timers.o(.bss)
    xActiveTimerList2                        0x200103f8   Data          20  timers.o(.bss)
    .bss                                     0x2001040c   Section    20480  heap_4.o(.bss)
    ucHeap                                   0x2001040c   Data       20480  heap_4.o(.bss)
    .bss                                     0x2001540c   Section       96  libspace.o(.bss)
    HEAP                                     0x20015470   Section      512  startup_stm32f40_41xxx.o(HEAP)
    Heap_Mem                                 0x20015470   Data         512  startup_stm32f40_41xxx.o(HEAP)
    STACK                                    0x20015670   Section     1024  startup_stm32f40_41xxx.o(STACK)
    Stack_Mem                                0x20015670   Data        1024  startup_stm32f40_41xxx.o(STACK)
    __initial_sp                             0x20015a70   Data           0  startup_stm32f40_41xxx.o(STACK)
    .ARM.__AT_0x68000000                     0x68000000   Section    983040  malloc.o(.ARM.__AT_0x68000000)
    .ARM.__AT_0x680F0000                     0x680f0000   Section    61440  malloc.o(.ARM.__AT_0x680F0000)

    Global Symbols

    Symbol Name                              Value     Ov Type        Size  Object(Section)

    BuildAttributes$$THM_ISAv4$E$P$D$K$B$S$7EM$VFPi3$EXTD16$VFPS$VFMA$PE$A:L22UL41UL21$X:L11$S22US41US21$IEEE1$IW$USESV6$~STKCKD$USESV7$~SHL$OSPACE$ROPI$EBA8$UX$STANDARDLIB$REQ8$PRES8$EABIv2 0x00000000   Number         0  anon$$obj.o ABSOLUTE
    __ARM_use_no_argv                        0x00000000   Number         0  main.o ABSOLUTE
    _printf_flags                            0x00000000   Number         0  printf_stubs.o ABSOLUTE
    _printf_return_value                     0x00000000   Number         0  printf_stubs.o ABSOLUTE
    _printf_sizespec                         0x00000000   Number         0  printf_stubs.o ABSOLUTE
    _printf_widthprec                        0x00000000   Number         0  printf_stubs.o ABSOLUTE
    __ARM_exceptions_init                     - Undefined Weak Reference
    __alloca_initialize                       - Undefined Weak Reference
    __arm_preinit_                            - Undefined Weak Reference
    __cpp_initialize__aeabi_                  - Undefined Weak Reference
    __cxa_finalize                            - Undefined Weak Reference
    __rt_locale                               - Undefined Weak Reference
    __sigvec_lookup                           - Undefined Weak Reference
    _atexit_init                              - Undefined Weak Reference
    _call_atexit_fns                          - Undefined Weak Reference
    _clock_init                               - Undefined Weak Reference
    _fp_trap_init                             - Undefined Weak Reference
    _fp_trap_shutdown                         - Undefined Weak Reference
    _get_lc_collate                           - Undefined Weak Reference
    _get_lc_ctype                             - Undefined Weak Reference
    _get_lc_monetary                          - Undefined Weak Reference
    _get_lc_numeric                           - Undefined Weak Reference
    _get_lc_time                              - Undefined Weak Reference
    _getenv_init                              - Undefined Weak Reference
    _handle_redirection                       - Undefined Weak Reference
    _init_alloc                               - Undefined Weak Reference
    _init_user_alloc                          - Undefined Weak Reference
    _initio                                   - Undefined Weak Reference
    _mutex_acquire                            - Undefined Weak Reference
    _mutex_release                            - Undefined Weak Reference
    _printf_mbtowc                            - Undefined Weak Reference
    _printf_post_padding                      - Undefined Weak Reference
    _printf_pre_padding                       - Undefined Weak Reference
    _printf_truncate_signed                   - Undefined Weak Reference
    _printf_truncate_unsigned                 - Undefined Weak Reference
    _rand_init                                - Undefined Weak Reference
    _signal_finish                            - Undefined Weak Reference
    _signal_init                              - Undefined Weak Reference
    _terminate_alloc                          - Undefined Weak Reference
    _terminate_user_alloc                     - Undefined Weak Reference
    _terminateio                              - Undefined Weak Reference
    __Vectors_Size                           0x00000188   Number         0  startup_stm32f40_41xxx.o ABSOLUTE
    __Vectors                                0x08000000   Data           4  startup_stm32f40_41xxx.o(RESET)
    __Vectors_End                            0x08000188   Data           0  startup_stm32f40_41xxx.o(RESET)
    __main                                   0x08000189   Thumb Code     8  __main.o(!!!main)
    __scatterload                            0x08000191   Thumb Code     0  __scatter.o(!!!scatter)
    __scatterload_rt2                        0x08000191   Thumb Code    44  __scatter.o(!!!scatter)
    __scatterload_rt2_thumb_only             0x08000191   Thumb Code     0  __scatter.o(!!!scatter)
    __scatterload_null                       0x0800019f   Thumb Code     0  __scatter.o(!!!scatter)
    __scatterload_copy                       0x080001c5   Thumb Code    26  __scatter_copy.o(!!handler_copy)
    __scatterload_zeroinit                   0x080001e1   Thumb Code    28  __scatter_zi.o(!!handler_zi)
    _printf_d                                0x080001fd   Thumb Code     0  _printf_d.o(.ARM.Collect$$_printf_percent$$00000009)
    _printf_percent                          0x080001fd   Thumb Code     0  _printf_percent.o(.ARM.Collect$$_printf_percent$$00000000)
    _printf_x                                0x08000203   Thumb Code     0  _printf_x.o(.ARM.Collect$$_printf_percent$$0000000C)
    _printf_s                                0x08000209   Thumb Code     0  _printf_s.o(.ARM.Collect$$_printf_percent$$00000014)
    _printf_percent_end                      0x0800020f   Thumb Code     0  _printf_percent_end.o(.ARM.Collect$$_printf_percent$$00000017)
    __rt_lib_init                            0x08000213   Thumb Code     0  libinit.o(.ARM.Collect$$libinit$$00000000)
    __rt_lib_init_fp_1                       0x08000215   Thumb Code     0  libinit2.o(.ARM.Collect$$libinit$$00000001)
    __rt_lib_init_alloca_1                   0x08000219   Thumb Code     0  libinit2.o(.ARM.Collect$$libinit$$0000002E)
    __rt_lib_init_argv_1                     0x08000219   Thumb Code     0  libinit2.o(.ARM.Collect$$libinit$$0000002C)
    __rt_lib_init_atexit_1                   0x08000219   Thumb Code     0  libinit2.o(.ARM.Collect$$libinit$$0000001B)
    __rt_lib_init_clock_1                    0x08000219   Thumb Code     0  libinit2.o(.ARM.Collect$$libinit$$00000021)
    __rt_lib_init_cpp_1                      0x08000219   Thumb Code     0  libinit2.o(.ARM.Collect$$libinit$$00000032)
    __rt_lib_init_exceptions_1               0x08000219   Thumb Code     0  libinit2.o(.ARM.Collect$$libinit$$00000030)
    __rt_lib_init_fp_trap_1                  0x08000219   Thumb Code     0  libinit2.o(.ARM.Collect$$libinit$$0000001F)
    __rt_lib_init_getenv_1                   0x08000219   Thumb Code     0  libinit2.o(.ARM.Collect$$libinit$$00000023)
    __rt_lib_init_heap_1                     0x08000219   Thumb Code     0  libinit2.o(.ARM.Collect$$libinit$$0000000A)
    __rt_lib_init_lc_collate_1               0x08000219   Thumb Code     0  libinit2.o(.ARM.Collect$$libinit$$00000011)
    __rt_lib_init_lc_ctype_1                 0x08000219   Thumb Code     0  libinit2.o(.ARM.Collect$$libinit$$00000013)
    __rt_lib_init_lc_monetary_1              0x08000219   Thumb Code     0  libinit2.o(.ARM.Collect$$libinit$$00000015)
    __rt_lib_init_lc_numeric_1               0x08000219   Thumb Code     0  libinit2.o(.ARM.Collect$$libinit$$00000017)
    __rt_lib_init_lc_time_1                  0x08000219   Thumb Code     0  libinit2.o(.ARM.Collect$$libinit$$00000019)
    __rt_lib_init_preinit_1                  0x08000219   Thumb Code     0  libinit2.o(.ARM.Collect$$libinit$$00000004)
    __rt_lib_init_rand_1                     0x08000219   Thumb Code     0  libinit2.o(.ARM.Collect$$libinit$$0000000E)
    __rt_lib_init_return                     0x08000219   Thumb Code     0  libinit2.o(.ARM.Collect$$libinit$$00000033)
    __rt_lib_init_signal_1                   0x08000219   Thumb Code     0  libinit2.o(.ARM.Collect$$libinit$$0000001D)
    __rt_lib_init_stdio_1                    0x08000219   Thumb Code     0  libinit2.o(.ARM.Collect$$libinit$$00000025)
    __rt_lib_init_user_alloc_1               0x08000219   Thumb Code     0  libinit2.o(.ARM.Collect$$libinit$$0000000C)
    __rt_lib_shutdown                        0x0800021b   Thumb Code     0  libshutdown.o(.ARM.Collect$$libshutdown$$00000000)
    __rt_lib_shutdown_fp_trap_1              0x0800021d   Thumb Code     0  libshutdown2.o(.ARM.Collect$$libshutdown$$00000006)
    __rt_lib_shutdown_heap_1                 0x0800021d   Thumb Code     0  libshutdown2.o(.ARM.Collect$$libshutdown$$0000000E)
    __rt_lib_shutdown_return                 0x0800021d   Thumb Code     0  libshutdown2.o(.ARM.Collect$$libshutdown$$0000000F)
    __rt_lib_shutdown_signal_1               0x0800021d   Thumb Code     0  libshutdown2.o(.ARM.Collect$$libshutdown$$00000009)
    __rt_lib_shutdown_stdio_1                0x0800021d   Thumb Code     0  libshutdown2.o(.ARM.Collect$$libshutdown$$00000003)
    __rt_lib_shutdown_user_alloc_1           0x0800021d   Thumb Code     0  libshutdown2.o(.ARM.Collect$$libshutdown$$0000000B)
    __rt_entry                               0x0800021f   Thumb Code     0  __rtentry.o(.ARM.Collect$$rtentry$$00000000)
    __rt_entry_presh_1                       0x0800021f   Thumb Code     0  __rtentry2.o(.ARM.Collect$$rtentry$$00000002)
    __rt_entry_sh                            0x0800021f   Thumb Code     0  __rtentry4.o(.ARM.Collect$$rtentry$$00000004)
    __rt_entry_li                            0x08000225   Thumb Code     0  __rtentry2.o(.ARM.Collect$$rtentry$$0000000A)
    __rt_entry_postsh_1                      0x08000225   Thumb Code     0  __rtentry2.o(.ARM.Collect$$rtentry$$00000009)
    __rt_entry_main                          0x08000229   Thumb Code     0  __rtentry2.o(.ARM.Collect$$rtentry$$0000000D)
    __rt_entry_postli_1                      0x08000229   Thumb Code     0  __rtentry2.o(.ARM.Collect$$rtentry$$0000000C)
    __rt_exit                                0x08000231   Thumb Code     0  rtexit.o(.ARM.Collect$$rtexit$$00000000)
    __rt_exit_ls                             0x08000233   Thumb Code     0  rtexit2.o(.ARM.Collect$$rtexit$$00000003)
    __rt_exit_prels_1                        0x08000233   Thumb Code     0  rtexit2.o(.ARM.Collect$$rtexit$$00000002)
    __rt_exit_exit                           0x08000237   Thumb Code     0  rtexit2.o(.ARM.Collect$$rtexit$$00000004)
    SVC_Handler                              0x0800023d   Thumb Code    28  port.o(.emb_text)
    __asm___6_port_c_39a90d8d__prvStartFirstTask 0x0800025d   Thumb Code    28  port.o(.emb_text)
    __asm___6_port_c_39a90d8d__prvEnableVFP  0x0800027d   Thumb Code    16  port.o(.emb_text)
    PendSV_Handler                           0x08000291   Thumb Code    88  port.o(.emb_text)
    vPortGetIPSR                             0x080002ed   Thumb Code     6  port.o(.emb_text)
    Reset_Handler                            0x080002f5   Thumb Code     8  startup_stm32f40_41xxx.o(.text)
    ADC_IRQHandler                           0x0800030f   Thumb Code     0  startup_stm32f40_41xxx.o(.text)
    CAN1_RX0_IRQHandler                      0x0800030f   Thumb Code     0  startup_stm32f40_41xxx.o(.text)
    CAN1_RX1_IRQHandler                      0x0800030f   Thumb Code     0  startup_stm32f40_41xxx.o(.text)
    CAN1_SCE_IRQHandler                      0x0800030f   Thumb Code     0  startup_stm32f40_41xxx.o(.text)
    CAN1_TX_IRQHandler                       0x0800030f   Thumb Code     0  startup_stm32f40_41xxx.o(.text)
    CAN2_RX0_IRQHandler                      0x0800030f   Thumb Code     0  startup_stm32f40_41xxx.o(.text)
    CAN2_RX1_IRQHandler                      0x0800030f   Thumb Code     0  startup_stm32f40_41xxx.o(.text)
    CAN2_SCE_IRQHandler                      0x0800030f   Thumb Code     0  startup_stm32f40_41xxx.o(.text)
    CAN2_TX_IRQHandler                       0x0800030f   Thumb Code     0  startup_stm32f40_41xxx.o(.text)
    CRYP_IRQHandler                          0x0800030f   Thumb Code     0  startup_stm32f40_41xxx.o(.text)
    DCMI_IRQHandler                          0x0800030f   Thumb Code     0  startup_stm32f40_41xxx.o(.text)
    DMA1_Stream0_IRQHandler                  0x0800030f   Thumb Code     0  startup_stm32f40_41xxx.o(.text)
    DMA1_Stream1_IRQHandler                  0x0800030f   Thumb Code     0  startup_stm32f40_41xxx.o(.text)
    DMA1_Stream2_IRQHandler                  0x0800030f   Thumb Code     0  startup_stm32f40_41xxx.o(.text)
    DMA1_Stream3_IRQHandler                  0x0800030f   Thumb Code     0  startup_stm32f40_41xxx.o(.text)
    DMA1_Stream4_IRQHandler                  0x0800030f   Thumb Code     0  startup_stm32f40_41xxx.o(.text)
    DMA1_Stream5_IRQHandler                  0x0800030f   Thumb Code     0  startup_stm32f40_41xxx.o(.text)
    DMA1_Stream6_IRQHandler                  0x0800030f   Thumb Code     0  startup_stm32f40_41xxx.o(.text)
    DMA1_Stream7_IRQHandler                  0x0800030f   Thumb Code     0  startup_stm32f40_41xxx.o(.text)
    DMA2_Stream0_IRQHandler                  0x0800030f   Thumb Code     0  startup_stm32f40_41xxx.o(.text)
    DMA2_Stream1_IRQHandler                  0x0800030f   Thumb Code     0  startup_stm32f40_41xxx.o(.text)
    DMA2_Stream2_IRQHandler                  0x0800030f   Thumb Code     0  startup_stm32f40_41xxx.o(.text)
    DMA2_Stream3_IRQHandler                  0x0800030f   Thumb Code     0  startup_stm32f40_41xxx.o(.text)
    DMA2_Stream4_IRQHandler                  0x0800030f   Thumb Code     0  startup_stm32f40_41xxx.o(.text)
    DMA2_Stream5_IRQHandler                  0x0800030f   Thumb Code     0  startup_stm32f40_41xxx.o(.text)
    DMA2_Stream6_IRQHandler                  0x0800030f   Thumb Code     0  startup_stm32f40_41xxx.o(.text)
    DMA2_Stream7_IRQHandler                  0x0800030f   Thumb Code     0  startup_stm32f40_41xxx.o(.text)
    ETH_IRQHandler                           0x0800030f   Thumb Code     0  startup_stm32f40_41xxx.o(.text)
    ETH_WKUP_IRQHandler                      0x0800030f   Thumb Code     0  startup_stm32f40_41xxx.o(.text)
    EXTI0_IRQHandler                         0x0800030f   Thumb Code     0  startup_stm32f40_41xxx.o(.text)
    EXTI15_10_IRQHandler                     0x0800030f   Thumb Code     0  startup_stm32f40_41xxx.o(.text)
    EXTI1_IRQHandler                         0x0800030f   Thumb Code     0  startup_stm32f40_41xxx.o(.text)
    EXTI2_IRQHandler                         0x0800030f   Thumb Code     0  startup_stm32f40_41xxx.o(.text)
    EXTI3_IRQHandler                         0x0800030f   Thumb Code     0  startup_stm32f40_41xxx.o(.text)
    EXTI4_IRQHandler                         0x0800030f   Thumb Code     0  startup_stm32f40_41xxx.o(.text)
    EXTI9_5_IRQHandler                       0x0800030f   Thumb Code     0  startup_stm32f40_41xxx.o(.text)
    FLASH_IRQHandler                         0x0800030f   Thumb Code     0  startup_stm32f40_41xxx.o(.text)
    FPU_IRQHandler                           0x0800030f   Thumb Code     0  startup_stm32f40_41xxx.o(.text)
    FSMC_IRQHandler                          0x0800030f   Thumb Code     0  startup_stm32f40_41xxx.o(.text)
    HASH_RNG_IRQHandler                      0x0800030f   Thumb Code     0  startup_stm32f40_41xxx.o(.text)
    I2C1_ER_IRQHandler                       0x0800030f   Thumb Code     0  startup_stm32f40_41xxx.o(.text)
    I2C1_EV_IRQHandler                       0x0800030f   Thumb Code     0  startup_stm32f40_41xxx.o(.text)
    I2C2_ER_IRQHandler                       0x0800030f   Thumb Code     0  startup_stm32f40_41xxx.o(.text)
    I2C2_EV_IRQHandler                       0x0800030f   Thumb Code     0  startup_stm32f40_41xxx.o(.text)
    I2C3_ER_IRQHandler                       0x0800030f   Thumb Code     0  startup_stm32f40_41xxx.o(.text)
    I2C3_EV_IRQHandler                       0x0800030f   Thumb Code     0  startup_stm32f40_41xxx.o(.text)
    OTG_FS_IRQHandler                        0x0800030f   Thumb Code     0  startup_stm32f40_41xxx.o(.text)
    OTG_FS_WKUP_IRQHandler                   0x0800030f   Thumb Code     0  startup_stm32f40_41xxx.o(.text)
    OTG_HS_EP1_IN_IRQHandler                 0x0800030f   Thumb Code     0  startup_stm32f40_41xxx.o(.text)
    OTG_HS_EP1_OUT_IRQHandler                0x0800030f   Thumb Code     0  startup_stm32f40_41xxx.o(.text)
    OTG_HS_IRQHandler                        0x0800030f   Thumb Code     0  startup_stm32f40_41xxx.o(.text)
    OTG_HS_WKUP_IRQHandler                   0x0800030f   Thumb Code     0  startup_stm32f40_41xxx.o(.text)
    PVD_IRQHandler                           0x0800030f   Thumb Code     0  startup_stm32f40_41xxx.o(.text)
    RCC_IRQHandler                           0x0800030f   Thumb Code     0  startup_stm32f40_41xxx.o(.text)
    RTC_Alarm_IRQHandler                     0x0800030f   Thumb Code     0  startup_stm32f40_41xxx.o(.text)
    RTC_WKUP_IRQHandler                      0x0800030f   Thumb Code     0  startup_stm32f40_41xxx.o(.text)
    SDIO_IRQHandler                          0x0800030f   Thumb Code     0  startup_stm32f40_41xxx.o(.text)
    SPI1_IRQHandler                          0x0800030f   Thumb Code     0  startup_stm32f40_41xxx.o(.text)
    SPI2_IRQHandler                          0x0800030f   Thumb Code     0  startup_stm32f40_41xxx.o(.text)
    SPI3_IRQHandler                          0x0800030f   Thumb Code     0  startup_stm32f40_41xxx.o(.text)
    TAMP_STAMP_IRQHandler                    0x0800030f   Thumb Code     0  startup_stm32f40_41xxx.o(.text)
    TIM1_BRK_TIM9_IRQHandler                 0x0800030f   Thumb Code     0  startup_stm32f40_41xxx.o(.text)
    TIM1_CC_IRQHandler                       0x0800030f   Thumb Code     0  startup_stm32f40_41xxx.o(.text)
    TIM1_TRG_COM_TIM11_IRQHandler            0x0800030f   Thumb Code     0  startup_stm32f40_41xxx.o(.text)
    TIM1_UP_TIM10_IRQHandler                 0x0800030f   Thumb Code     0  startup_stm32f40_41xxx.o(.text)
    TIM2_IRQHandler                          0x0800030f   Thumb Code     0  startup_stm32f40_41xxx.o(.text)
    TIM4_IRQHandler                          0x0800030f   Thumb Code     0  startup_stm32f40_41xxx.o(.text)
    TIM5_IRQHandler                          0x0800030f   Thumb Code     0  startup_stm32f40_41xxx.o(.text)
    TIM6_DAC_IRQHandler                      0x0800030f   Thumb Code     0  startup_stm32f40_41xxx.o(.text)
    TIM7_IRQHandler                          0x0800030f   Thumb Code     0  startup_stm32f40_41xxx.o(.text)
    TIM8_BRK_TIM12_IRQHandler                0x0800030f   Thumb Code     0  startup_stm32f40_41xxx.o(.text)
    TIM8_CC_IRQHandler                       0x0800030f   Thumb Code     0  startup_stm32f40_41xxx.o(.text)
    TIM8_TRG_COM_TIM14_IRQHandler            0x0800030f   Thumb Code     0  startup_stm32f40_41xxx.o(.text)
    TIM8_UP_TIM13_IRQHandler                 0x0800030f   Thumb Code     0  startup_stm32f40_41xxx.o(.text)
    UART4_IRQHandler                         0x0800030f   Thumb Code     0  startup_stm32f40_41xxx.o(.text)
    UART5_IRQHandler                         0x0800030f   Thumb Code     0  startup_stm32f40_41xxx.o(.text)
    USART2_IRQHandler                        0x0800030f   Thumb Code     0  startup_stm32f40_41xxx.o(.text)
    USART3_IRQHandler                        0x0800030f   Thumb Code     0  startup_stm32f40_41xxx.o(.text)
    USART6_IRQHandler                        0x0800030f   Thumb Code     0  startup_stm32f40_41xxx.o(.text)
    WWDG_IRQHandler                          0x0800030f   Thumb Code     0  startup_stm32f40_41xxx.o(.text)
    __user_initial_stackheap                 0x08000311   Thumb Code     0  startup_stm32f40_41xxx.o(.text)
    __use_no_semihosting                     0x08000335   Thumb Code     2  use_no_semi_2.o(.text)
    __2printf                                0x08000339   Thumb Code    20  noretval__2printf.o(.text)
    __2sprintf                               0x08000351   Thumb Code    34  noretval__2sprintf.o(.text)
    _printf_str                              0x08000379   Thumb Code    82  _printf_str.o(.text)
    _printf_int_dec                          0x080003cd   Thumb Code   104  _printf_dec.o(.text)
    _printf_int_hex                          0x08000445   Thumb Code    84  _printf_hex_int.o(.text)
    _printf_longlong_hex                     0x08000445   Thumb Code     0  _printf_hex_int.o(.text)
    __printf                                 0x0800049d   Thumb Code   144  __printf_flags.o(.text)
    __aeabi_memcpy                           0x08000531   Thumb Code     0  rt_memcpy_v6.o(.text)
    __rt_memcpy                              0x08000531   Thumb Code   138  rt_memcpy_v6.o(.text)
    _memcpy_lastbytes                        0x08000597   Thumb Code     0  rt_memcpy_v6.o(.text)
    __aeabi_memset                           0x080005bb   Thumb Code    16  aeabi_memset.o(.text)
    __use_two_region_memory                  0x080005cb   Thumb Code     2  heapauxi.o(.text)
    __rt_heap_escrow$2region                 0x080005cd   Thumb Code     2  heapauxi.o(.text)
    __rt_heap_expand$2region                 0x080005cf   Thumb Code     2  heapauxi.o(.text)
    __I$use$semihosting                      0x080005d1   Thumb Code     0  use_no_semi.o(.text)
    __use_no_semihosting_swi                 0x080005d1   Thumb Code     2  use_no_semi.o(.text)
    _printf_int_common                       0x080005d3   Thumb Code   178  _printf_intcommon.o(.text)
    _printf_char_common                      0x0800068f   Thumb Code    32  _printf_char_common.o(.text)
    _sputc                                   0x080006b5   Thumb Code    10  _sputc.o(.text)
    _printf_cs_common                        0x080006bf   Thumb Code    20  _printf_char.o(.text)
    _printf_char                             0x080006d3   Thumb Code    16  _printf_char.o(.text)
    _printf_string                           0x080006e3   Thumb Code     8  _printf_char.o(.text)
    _printf_char_file                        0x080006ed   Thumb Code    32  _printf_char_file.o(.text)
    __aeabi_memcpy4                          0x08000711   Thumb Code     0  rt_memcpy_w.o(.text)
    __aeabi_memcpy8                          0x08000711   Thumb Code     0  rt_memcpy_w.o(.text)
    __rt_memcpy_w                            0x08000711   Thumb Code   100  rt_memcpy_w.o(.text)
    _memcpy_lastbytes_aligned                0x08000759   Thumb Code     0  rt_memcpy_w.o(.text)
    __aeabi_memclr                           0x08000775   Thumb Code     0  rt_memclr.o(.text)
    __rt_memclr                              0x08000775   Thumb Code    68  rt_memclr.o(.text)
    _memset                                  0x08000779   Thumb Code     0  rt_memclr.o(.text)
    ferror                                   0x080007b9   Thumb Code     8  ferror.o(.text)
    __aeabi_memclr4                          0x080007c1   Thumb Code     0  rt_memclr_w.o(.text)
    __aeabi_memclr8                          0x080007c1   Thumb Code     0  rt_memclr_w.o(.text)
    __rt_memclr_w                            0x080007c1   Thumb Code    78  rt_memclr_w.o(.text)
    _memset_w                                0x080007c5   Thumb Code     0  rt_memclr_w.o(.text)
    __user_setup_stackheap                   0x0800080f   Thumb Code    74  sys_stackheap_outer.o(.text)
    exit                                     0x08000859   Thumb Code    12  exit.o(.text)
    __user_libspace                          0x08000865   Thumb Code     8  libspace.o(.text)
    __user_perproc_libspace                  0x08000865   Thumb Code     0  libspace.o(.text)
    __user_perthread_libspace                0x08000865   Thumb Code     0  libspace.o(.text)
    BusFault_Handler                         0x0800086d   Thumb Code     2  stm32f4xx_it.o(i.BusFault_Handler)
    ConfigureTimeForRunTimeStats             0x08000871   Thumb Code    16  timer.o(i.ConfigureTimeForRunTimeStats)
    DebugMon_Handler                         0x08000885   Thumb Code     2  stm32f4xx_it.o(i.DebugMon_Handler)
    FSMC_NORSRAMCmd                          0x08000889   Thumb Code    26  stm32f4xx_fsmc.o(i.FSMC_NORSRAMCmd)
    FSMC_NORSRAMInit                         0x080008a9   Thumb Code   200  stm32f4xx_fsmc.o(i.FSMC_NORSRAMInit)
    GPIO_Init                                0x08000971   Thumb Code   120  stm32f4xx_gpio.o(i.GPIO_Init)
    GPIO_PinAFConfig                         0x080009e9   Thumb Code    32  stm32f4xx_gpio.o(i.GPIO_PinAFConfig)
    GPIO_ReadInputDataBit                    0x08000a09   Thumb Code    14  stm32f4xx_gpio.o(i.GPIO_ReadInputDataBit)
    GPIO_SetBits                             0x08000a17   Thumb Code     4  stm32f4xx_gpio.o(i.GPIO_SetBits)
    HardFault_Handler                        0x08000a1b   Thumb Code     2  stm32f4xx_it.o(i.HardFault_Handler)
    KEY_Init                                 0x08000a1d   Thumb Code    58  key.o(i.KEY_Init)
    KEY_Scan                                 0x08000a61   Thumb Code   190  key.o(i.KEY_Scan)
    LCD_Clear                                0x08000b2d   Thumb Code   104  lcd.o(i.LCD_Clear)
    LCD_Display_Dir                          0x08000b99   Thumb Code   304  lcd.o(i.LCD_Display_Dir)
    LCD_Fast_DrawPoint                       0x08000ccd   Thumb Code   266  lcd.o(i.LCD_Fast_DrawPoint)
    LCD_Init                                 0x08000ddd   Thumb Code 14094  lcd.o(i.LCD_Init)
    LCD_Pow                                  0x080044eb   Thumb Code    16  lcd.o(i.LCD_Pow)
    LCD_RD_DATA                              0x080044fb   Thumb Code    20  lcd.o(i.LCD_RD_DATA)
    LCD_ReadReg                              0x0800450f   Thumb Code    20  lcd.o(i.LCD_ReadReg)
    LCD_SSD_BackLightSet                     0x08004525   Thumb Code    72  lcd.o(i.LCD_SSD_BackLightSet)
    LCD_Scan_Dir                             0x08004575   Thumb Code   510  lcd.o(i.LCD_Scan_Dir)
    LCD_SetCursor                            0x08004779   Thumb Code   332  lcd.o(i.LCD_SetCursor)
    LCD_ShowChar                             0x080048c9   Thumb Code   184  lcd.o(i.LCD_ShowChar)
    LCD_ShowString                           0x08004995   Thumb Code    84  lcd.o(i.LCD_ShowString)
    LCD_ShowxNum                             0x080049e9   Thumb Code   134  lcd.o(i.LCD_ShowxNum)
    LCD_WR_DATA                              0x08004a6f   Thumb Code    24  lcd.o(i.LCD_WR_DATA)
    LCD_WR_REG                               0x08004a87   Thumb Code    24  lcd.o(i.LCD_WR_REG)
    LCD_WriteRAM_Prepare                     0x08004aa1   Thumb Code    14  lcd.o(i.LCD_WriteRAM_Prepare)
    LCD_WriteReg                             0x08004ab5   Thumb Code    12  lcd.o(i.LCD_WriteReg)
    LED_Init                                 0x08004ac1   Thumb Code    58  led.o(i.LED_Init)
    MemManage_Handler                        0x08004b01   Thumb Code     2  stm32f4xx_it.o(i.MemManage_Handler)
    NMI_Handler                              0x08004b03   Thumb Code     2  stm32f4xx_it.o(i.NMI_Handler)
    NVIC_Init                                0x08004b05   Thumb Code    96  misc.o(i.NVIC_Init)
    NVIC_PriorityGroupConfig                 0x08004b69   Thumb Code    10  misc.o(i.NVIC_PriorityGroupConfig)
    RCC_AHB1PeriphClockCmd                   0x08004b7d   Thumb Code    18  stm32f4xx_rcc.o(i.RCC_AHB1PeriphClockCmd)
    RCC_AHB3PeriphClockCmd                   0x08004b95   Thumb Code    18  stm32f4xx_rcc.o(i.RCC_AHB3PeriphClockCmd)
    RCC_APB1PeriphClockCmd                   0x08004bad   Thumb Code    18  stm32f4xx_rcc.o(i.RCC_APB1PeriphClockCmd)
    RCC_APB2PeriphClockCmd                   0x08004bc5   Thumb Code    18  stm32f4xx_rcc.o(i.RCC_APB2PeriphClockCmd)
    RCC_GetClocksFreq                        0x08004bdd   Thumb Code   132  stm32f4xx_rcc.o(i.RCC_GetClocksFreq)
    SysTick_CLKSourceConfig                  0x08004d21   Thumb Code    24  misc.o(i.SysTick_CLKSourceConfig)
    SysTick_Handler                          0x08004d39   Thumb Code    20  delay.o(i.SysTick_Handler)
    SystemInit                               0x08004d4d   Thumb Code    74  system_stm32f4xx.o(i.SystemInit)
    TIM3_IRQHandler                          0x08004da9   Thumb Code    44  timer.o(i.TIM3_IRQHandler)
    TIM3_Int_Init                            0x08004ddd   Thumb Code    86  timer.o(i.TIM3_Int_Init)
    TIM_ClearITPendingBit                    0x08004e39   Thumb Code     6  stm32f4xx_tim.o(i.TIM_ClearITPendingBit)
    TIM_Cmd                                  0x08004e3f   Thumb Code    20  stm32f4xx_tim.o(i.TIM_Cmd)
    TIM_GetITStatus                          0x08004e53   Thumb Code    24  stm32f4xx_tim.o(i.TIM_GetITStatus)
    TIM_ITConfig                             0x08004e6b   Thumb Code    16  stm32f4xx_tim.o(i.TIM_ITConfig)
    TIM_TimeBaseInit                         0x08004e7d   Thumb Code    96  stm32f4xx_tim.o(i.TIM_TimeBaseInit)
    USART1_IRQHandler                        0x08004ef9   Thumb Code    88  usart.o(i.USART1_IRQHandler)
    USART_Cmd                                0x08004f5d   Thumb Code    20  stm32f4xx_usart.o(i.USART_Cmd)
    USART_GetITStatus                        0x08004f71   Thumb Code    62  stm32f4xx_usart.o(i.USART_GetITStatus)
    USART_ITConfig                           0x08004faf   Thumb Code    48  stm32f4xx_usart.o(i.USART_ITConfig)
    USART_Init                               0x08004fe1   Thumb Code   164  stm32f4xx_usart.o(i.USART_Init)
    USART_ReceiveData                        0x0800508d   Thumb Code     8  stm32f4xx_usart.o(i.USART_ReceiveData)
    UsageFault_Handler                       0x08005095   Thumb Code     2  stm32f4xx_it.o(i.UsageFault_Handler)
    _sys_exit                                0x08005097   Thumb Code     2  usart.o(i._sys_exit)
    delay_init                               0x08005099   Thumb Code    50  delay.o(i.delay_init)
    delay_ms                                 0x080050d1   Thumb Code    52  delay.o(i.delay_ms)
    delay_us                                 0x08005109   Thumb Code    48  delay.o(i.delay_us)
    fputc                                    0x0800513d   Thumb Code    14  usart.o(i.fputc)
    main                                     0x08005151   Thumb Code   264  main.o(i.main)
    malloc_task                              0x08005329   Thumb Code   158  main.o(i.malloc_task)
    my_mem_init                              0x080053f9   Thumb Code    52  malloc.o(i.my_mem_init)
    my_mem_perused                           0x08005435   Thumb Code    48  malloc.o(i.my_mem_perused)
    mymemset                                 0x0800546d   Thumb Code    12  malloc.o(i.mymemset)
    pvPortMalloc                             0x08005cdd   Thumb Code   214  heap_4.o(i.pvPortMalloc)
    pvTaskIncrementMutexHeldCount            0x08005df1   Thumb Code    18  tasks.o(i.pvTaskIncrementMutexHeldCount)
    pxPortInitialiseStack                    0x08005e09   Thumb Code    40  port.o(i.pxPortInitialiseStack)
    start_task                               0x08005e35   Thumb Code    44  main.o(i.start_task)
    uart_init                                0x08005e75   Thumb Code   164  usart.o(i.uart_init)
    uxListRemove                             0x08005f21   Thumb Code    36  list.o(i.uxListRemove)
    vListInitialise                          0x08005f45   Thumb Code    22  list.o(i.vListInitialise)
    vListInitialiseItem                      0x08005f5b   Thumb Code     6  list.o(i.vListInitialiseItem)
    vListInsert                              0x08005f61   Thumb Code    48  list.o(i.vListInsert)
    vListInsertEnd                           0x08005f91   Thumb Code    24  list.o(i.vListInsertEnd)
    vPortEnterCritical                       0x08005fa9   Thumb Code    50  port.o(i.vPortEnterCritical)
    vPortExitCritical                        0x08006021   Thumb Code    34  port.o(i.vPortExitCritical)
    vPortFree                                0x08006085   Thumb Code    94  heap_4.o(i.vPortFree)
    vPortSetupTimerInterrupt                 0x08006121   Thumb Code    26  port.o(i.vPortSetupTimerInterrupt)
    vPortValidateInterruptPriority           0x08006141   Thumb Code    70  port.o(i.vPortValidateInterruptPriority)
    vQueueAddToRegistry                      0x080061cd   Thumb Code    32  queue.o(i.vQueueAddToRegistry)
    vQueueWaitForMessageRestricted           0x080061f1   Thumb Code    68  queue.o(i.vQueueWaitForMessageRestricted)
    vTaskDelay                               0x08006235   Thumb Code    62  tasks.o(i.vTaskDelay)
    vTaskDelete                              0x080062a1   Thumb Code   152  tasks.o(i.vTaskDelete)
    vTaskMissedYield                         0x0800636d   Thumb Code     8  tasks.o(i.vTaskMissedYield)
    vTaskPlaceOnEventList                    0x08006379   Thumb Code    44  tasks.o(i.vTaskPlaceOnEventList)
    vTaskPlaceOnEventListRestricted          0x080063cd   Thumb Code    52  tasks.o(i.vTaskPlaceOnEventListRestricted)
    vTaskPriorityInherit                     0x08006429   Thumb Code   124  tasks.o(i.vTaskPriorityInherit)
    vTaskSetTimeOutState                     0x080064ad   Thumb Code    30  tasks.o(i.vTaskSetTimeOutState)
    vTaskStartScheduler                      0x080064f5   Thumb Code   100  tasks.o(i.vTaskStartScheduler)
    vTaskSuspendAll                          0x0800658d   Thumb Code    10  tasks.o(i.vTaskSuspendAll)
    vTaskSwitchContext                       0x0800659d   Thumb Code   106  tasks.o(i.vTaskSwitchContext)
    xPortGetFreeHeapSize                     0x08006639   Thumb Code     6  heap_4.o(i.xPortGetFreeHeapSize)
    xPortStartScheduler                      0x08006645   Thumb Code   196  port.o(i.xPortStartScheduler)
    xPortSysTickHandler                      0x08006759   Thumb Code    38  port.o(i.xPortSysTickHandler)
    xQueueGenericCreate                      0x08006785   Thumb Code    82  queue.o(i.xQueueGenericCreate)
    xQueueGenericReceive                     0x080067fd   Thumb Code   348  queue.o(i.xQueueGenericReceive)
    xQueueGenericReset                       0x08006981   Thumb Code   128  queue.o(i.xQueueGenericReset)
    xQueueGenericSend                        0x08006a29   Thumb Code   350  queue.o(i.xQueueGenericSend)
    xQueueGenericSendFromISR                 0x08006bb1   Thumb Code   188  queue.o(i.xQueueGenericSendFromISR)
    xTaskCheckForTimeOut                     0x08006c91   Thumb Code    94  tasks.o(i.xTaskCheckForTimeOut)
    xTaskCreate                              0x08006d19   Thumb Code    86  tasks.o(i.xTaskCreate)
    xTaskGetSchedulerState                   0x08006d71   Thumb Code    22  tasks.o(i.xTaskGetSchedulerState)
    xTaskGetTickCount                        0x08006d8d   Thumb Code     6  tasks.o(i.xTaskGetTickCount)
    xTaskIncrementTick                       0x08006d99   Thumb Code   188  tasks.o(i.xTaskIncrementTick)
    xTaskPriorityDisinherit                  0x08006e81   Thumb Code   136  tasks.o(i.xTaskPriorityDisinherit)
    xTaskRemoveFromEventList                 0x08006f35   Thumb Code   102  tasks.o(i.xTaskRemoveFromEventList)
    xTaskResumeAll                           0x08006fcd   Thumb Code   180  tasks.o(i.xTaskResumeAll)
    xTimerCreate                             0x080070b1   Thumb Code    74  timers.o(i.xTimerCreate)
    xTimerCreateTimerTask                    0x08007125   Thumb Code    58  timers.o(i.xTimerCreateTimerTask)
    xTimerGenericCommand                     0x08007199   Thumb Code    98  timers.o(i.xTimerGenericCommand)
    __aeabi_d2uiz                            0x08007229   Thumb Code     0  dfixu.o(x$fpl$dfixu)
    _dfixu                                   0x08007229   Thumb Code    90  dfixu.o(x$fpl$dfixu)
    __aeabi_ui2d                             0x08007283   Thumb Code     0  dflt_clz.o(x$fpl$dfltu)
    _dfltu                                   0x08007283   Thumb Code    38  dflt_clz.o(x$fpl$dfltu)
    __aeabi_dmul                             0x080072a9   Thumb Code     0  dmul.o(x$fpl$dmul)
    _dmul                                    0x080072a9   Thumb Code   332  dmul.o(x$fpl$dmul)
    __fpl_dnaninf                            0x080073fd   Thumb Code   156  dnaninf.o(x$fpl$dnaninf)
    __fpl_dretinf                            0x08007499   Thumb Code    12  dretinf.o(x$fpl$dretinf)
    _fp_init                                 0x080074a5   Thumb Code    10  fpinit.o(x$fpl$fpinit)
    __fplib_config_fpu_vfp                   0x080074ad   Thumb Code     0  fpinit.o(x$fpl$fpinit)
    __fplib_config_pureend_doubles           0x080074ad   Thumb Code     0  fpinit.o(x$fpl$fpinit)
    __I$use$fp                               0x080074ae   Number         0  usenofp.o(x$fpl$usenofp)
    asc2_1206                                0x080074ae   Data        1140  lcd.o(.constdata)
    asc2_1608                                0x08007922   Data        1520  lcd.o(.constdata)
    asc2_2412                                0x08007f12   Data        3420  lcd.o(.constdata)
    memtblsize                               0x08008c70   Data          12  malloc.o(.constdata)
    memblksize                               0x08008c7c   Data          12  malloc.o(.constdata)
    memsize                                  0x08008c88   Data          12  malloc.o(.constdata)
    Region$$Table$$Base                      0x08008cd0   Number         0  anon$$obj.o(Region$$Table)
    Region$$Table$$Limit                     0x08008cf0   Number         0  anon$$obj.o(Region$$Table)
    mem3base                                 0x10000000   Data       61440  malloc.o(.ARM.__AT_0x10000000)
    mem3mapbase                              0x1000f000   Data        3840  malloc.o(.ARM.__AT_0x1000F000)
    StartTask_Handler                        0x20000000   Data           4  main.o(.data)
    MallocTask_Handler                       0x20000004   Data           4  main.o(.data)
    SystemCoreClock                          0x20000008   Data           4  system_stm32f4xx.o(.data)
    AHBPrescTable                            0x2000000c   Data          16  system_stm32f4xx.o(.data)
    FreeRTOSRunTimeTicks                     0x20000020   Data           8  timer.o(.data)
    POINT_COLOR                              0x20000028   Data           2  lcd.o(.data)
    BACK_COLOR                               0x2000002a   Data           2  lcd.o(.data)
    USART_RX_STA                             0x20000032   Data           2  usart.o(.data)
    __stdout                                 0x20000034   Data           4  usart.o(.data)
    mallco_dev                               0x20000048   Data          36  malloc.o(.data)
    pxCurrentTCB                             0x2000006c   Data           4  tasks.o(.data)
    lcddev                                   0x200000e8   Data          14  lcd.o(.bss)
    USART_RX_BUF                             0x200000f6   Data         200  usart.o(.bss)
    mem1base                                 0x200001c0   Data       61440  malloc.o(.bss)
    mem1mapbase                              0x2000f1c0   Data        3840  malloc.o(.bss)
    xQueueRegistry                           0x200100c0   Data          64  queue.o(.bss)
    __libspace_start                         0x2001540c   Data          96  libspace.o(.bss)
    __temporary_stack_top$libspace           0x2001546c   Data           0  libspace.o(.bss)
    mem2base                                 0x68000000   Data       983040  malloc.o(.ARM.__AT_0x68000000)
    mem2mapbase                              0x680f0000   Data       61440  malloc.o(.ARM.__AT_0x680F0000)



==============================================================================

Memory Map of the image

  Image Entry point : 0x08000189

  Load Region LR_IROM1 (Base: 0x08000000, Size: 0x00008dd8, Max: 0x00100000, ABSOLUTE)

    Execution Region ER_IROM1 (Base: 0x08000000, Size: 0x00008cf0, Max: 0x00100000, ABSOLUTE)

    Base Addr    Size         Type   Attr      Idx    E Section Name        Object

    0x08000000   0x00000188   Data   RO          826    RESET               startup_stm32f40_41xxx.o
    0x08000188   0x00000008   Code   RO         3485  * !!!main             c_w.l(__main.o)
    0x08000190   0x00000034   Code   RO         3679    !!!scatter          c_w.l(__scatter.o)
    0x080001c4   0x0000001a   Code   RO         3681    !!handler_copy      c_w.l(__scatter_copy.o)
    0x080001de   0x00000002   PAD
    0x080001e0   0x0000001c   Code   RO         3683    !!handler_zi        c_w.l(__scatter_zi.o)
    0x080001fc   0x00000000   Code   RO         3474    .ARM.Collect$$_printf_percent$$00000000  c_w.l(_printf_percent.o)
    0x080001fc   0x00000006   Code   RO         3472    .ARM.Collect$$_printf_percent$$00000009  c_w.l(_printf_d.o)
    0x08000202   0x00000006   Code   RO         3471    .ARM.Collect$$_printf_percent$$0000000C  c_w.l(_printf_x.o)
    0x08000208   0x00000006   Code   RO         3470    .ARM.Collect$$_printf_percent$$00000014  c_w.l(_printf_s.o)
    0x0800020e   0x00000004   Code   RO         3512    .ARM.Collect$$_printf_percent$$00000017  c_w.l(_printf_percent_end.o)
    0x08000212   0x00000002   Code   RO         3554    .ARM.Collect$$libinit$$00000000  c_w.l(libinit.o)
    0x08000214   0x00000004   Code   RO         3560    .ARM.Collect$$libinit$$00000001  c_w.l(libinit2.o)
    0x08000218   0x00000000   Code   RO         3563    .ARM.Collect$$libinit$$00000004  c_w.l(libinit2.o)
    0x08000218   0x00000000   Code   RO         3566    .ARM.Collect$$libinit$$0000000A  c_w.l(libinit2.o)
    0x08000218   0x00000000   Code   RO         3568    .ARM.Collect$$libinit$$0000000C  c_w.l(libinit2.o)
    0x08000218   0x00000000   Code   RO         3570    .ARM.Collect$$libinit$$0000000E  c_w.l(libinit2.o)
    0x08000218   0x00000000   Code   RO         3573    .ARM.Collect$$libinit$$00000011  c_w.l(libinit2.o)
    0x08000218   0x00000000   Code   RO         3575    .ARM.Collect$$libinit$$00000013  c_w.l(libinit2.o)
    0x08000218   0x00000000   Code   RO         3577    .ARM.Collect$$libinit$$00000015  c_w.l(libinit2.o)
    0x08000218   0x00000000   Code   RO         3579    .ARM.Collect$$libinit$$00000017  c_w.l(libinit2.o)
    0x08000218   0x00000000   Code   RO         3581    .ARM.Collect$$libinit$$00000019  c_w.l(libinit2.o)
    0x08000218   0x00000000   Code   RO         3583    .ARM.Collect$$libinit$$0000001B  c_w.l(libinit2.o)
    0x08000218   0x00000000   Code   RO         3585    .ARM.Collect$$libinit$$0000001D  c_w.l(libinit2.o)
    0x08000218   0x00000000   Code   RO         3587    .ARM.Collect$$libinit$$0000001F  c_w.l(libinit2.o)
    0x08000218   0x00000000   Code   RO         3589    .ARM.Collect$$libinit$$00000021  c_w.l(libinit2.o)
    0x08000218   0x00000000   Code   RO         3591    .ARM.Collect$$libinit$$00000023  c_w.l(libinit2.o)
    0x08000218   0x00000000   Code   RO         3593    .ARM.Collect$$libinit$$00000025  c_w.l(libinit2.o)
    0x08000218   0x00000000   Code   RO         3597    .ARM.Collect$$libinit$$0000002C  c_w.l(libinit2.o)
    0x08000218   0x00000000   Code   RO         3599    .ARM.Collect$$libinit$$0000002E  c_w.l(libinit2.o)
    0x08000218   0x00000000   Code   RO         3601    .ARM.Collect$$libinit$$00000030  c_w.l(libinit2.o)
    0x08000218   0x00000000   Code   RO         3603    .ARM.Collect$$libinit$$00000032  c_w.l(libinit2.o)
    0x08000218   0x00000002   Code   RO         3604    .ARM.Collect$$libinit$$00000033  c_w.l(libinit2.o)
    0x0800021a   0x00000002   Code   RO         3622    .ARM.Collect$$libshutdown$$00000000  c_w.l(libshutdown.o)
    0x0800021c   0x00000000   Code   RO         3633    .ARM.Collect$$libshutdown$$00000003  c_w.l(libshutdown2.o)
    0x0800021c   0x00000000   Code   RO         3636    .ARM.Collect$$libshutdown$$00000006  c_w.l(libshutdown2.o)
    0x0800021c   0x00000000   Code   RO         3639    .ARM.Collect$$libshutdown$$00000009  c_w.l(libshutdown2.o)
    0x0800021c   0x00000000   Code   RO         3641    .ARM.Collect$$libshutdown$$0000000B  c_w.l(libshutdown2.o)
    0x0800021c   0x00000000   Code   RO         3644    .ARM.Collect$$libshutdown$$0000000E  c_w.l(libshutdown2.o)
    0x0800021c   0x00000002   Code   RO         3645    .ARM.Collect$$libshutdown$$0000000F  c_w.l(libshutdown2.o)
    0x0800021e   0x00000000   Code   RO         3501    .ARM.Collect$$rtentry$$00000000  c_w.l(__rtentry.o)
    0x0800021e   0x00000000   Code   RO         3523    .ARM.Collect$$rtentry$$00000002  c_w.l(__rtentry2.o)
    0x0800021e   0x00000006   Code   RO         3535    .ARM.Collect$$rtentry$$00000004  c_w.l(__rtentry4.o)
    0x08000224   0x00000000   Code   RO         3525    .ARM.Collect$$rtentry$$00000009  c_w.l(__rtentry2.o)
    0x08000224   0x00000004   Code   RO         3526    .ARM.Collect$$rtentry$$0000000A  c_w.l(__rtentry2.o)
    0x08000228   0x00000000   Code   RO         3528    .ARM.Collect$$rtentry$$0000000C  c_w.l(__rtentry2.o)
    0x08000228   0x00000008   Code   RO         3529    .ARM.Collect$$rtentry$$0000000D  c_w.l(__rtentry2.o)
    0x08000230   0x00000002   Code   RO         3558    .ARM.Collect$$rtexit$$00000000  c_w.l(rtexit.o)
    0x08000232   0x00000000   Code   RO         3606    .ARM.Collect$$rtexit$$00000002  c_w.l(rtexit2.o)
    0x08000232   0x00000004   Code   RO         3607    .ARM.Collect$$rtexit$$00000003  c_w.l(rtexit2.o)
    0x08000236   0x00000006   Code   RO         3608    .ARM.Collect$$rtexit$$00000004  c_w.l(rtexit2.o)
    0x0800023c   0x000000b6   Code   RO         3270    .emb_text           port.o
    0x080002f2   0x00000002   PAD
    0x080002f4   0x00000040   Code   RO          827    .text               startup_stm32f40_41xxx.o
    0x08000334   0x00000002   Code   RO         3412    .text               c_w.l(use_no_semi_2.o)
    0x08000336   0x00000002   PAD
    0x08000338   0x00000018   Code   RO         3418    .text               c_w.l(noretval__2printf.o)
    0x08000350   0x00000028   Code   RO         3420    .text               c_w.l(noretval__2sprintf.o)
    0x08000378   0x00000052   Code   RO         3424    .text               c_w.l(_printf_str.o)
    0x080003ca   0x00000002   PAD
    0x080003cc   0x00000078   Code   RO         3426    .text               c_w.l(_printf_dec.o)
    0x08000444   0x00000058   Code   RO         3431    .text               c_w.l(_printf_hex_int.o)
    0x0800049c   0x00000094   Code   RO         3449    .text               c_w.l(__printf_flags.o)
    0x08000530   0x0000008a   Code   RO         3479    .text               c_w.l(rt_memcpy_v6.o)
    0x080005ba   0x00000010   Code   RO         3481    .text               c_w.l(aeabi_memset.o)
    0x080005ca   0x00000006   Code   RO         3483    .text               c_w.l(heapauxi.o)
    0x080005d0   0x00000002   Code   RO         3499    .text               c_w.l(use_no_semi.o)
    0x080005d2   0x000000b2   Code   RO         3502    .text               c_w.l(_printf_intcommon.o)
    0x08000684   0x00000030   Code   RO         3504    .text               c_w.l(_printf_char_common.o)
    0x080006b4   0x0000000a   Code   RO         3506    .text               c_w.l(_sputc.o)
    0x080006be   0x0000002c   Code   RO         3508    .text               c_w.l(_printf_char.o)
    0x080006ea   0x00000002   PAD
    0x080006ec   0x00000024   Code   RO         3510    .text               c_w.l(_printf_char_file.o)
    0x08000710   0x00000064   Code   RO         3513    .text               c_w.l(rt_memcpy_w.o)
    0x08000774   0x00000044   Code   RO         3515    .text               c_w.l(rt_memclr.o)
    0x080007b8   0x00000008   Code   RO         3539    .text               c_w.l(ferror.o)
    0x080007c0   0x0000004e   Code   RO         3543    .text               c_w.l(rt_memclr_w.o)
    0x0800080e   0x0000004a   Code   RO         3545    .text               c_w.l(sys_stackheap_outer.o)
    0x08000858   0x0000000c   Code   RO         3547    .text               c_w.l(exit.o)
    0x08000864   0x00000008   Code   RO         3555    .text               c_w.l(libspace.o)
    0x0800086c   0x00000002   Code   RO          216    i.BusFault_Handler  stm32f4xx_it.o
    0x0800086e   0x00000002   PAD
    0x08000870   0x00000014   Code   RO          352    i.ConfigureTimeForRunTimeStats  timer.o
    0x08000884   0x00000002   Code   RO          217    i.DebugMon_Handler  stm32f4xx_it.o
    0x08000886   0x00000002   PAD
    0x08000888   0x00000020   Code   RO         2111    i.FSMC_NORSRAMCmd   stm32f4xx_fsmc.o
    0x080008a8   0x000000c8   Code   RO         2113    i.FSMC_NORSRAMInit  stm32f4xx_fsmc.o
    0x08000970   0x00000078   Code   RO          878    i.GPIO_Init         stm32f4xx_gpio.o
    0x080009e8   0x00000020   Code   RO          879    i.GPIO_PinAFConfig  stm32f4xx_gpio.o
    0x08000a08   0x0000000e   Code   RO          882    i.GPIO_ReadInputDataBit  stm32f4xx_gpio.o
    0x08000a16   0x00000004   Code   RO          886    i.GPIO_SetBits      stm32f4xx_gpio.o
    0x08000a1a   0x00000002   Code   RO          218    i.HardFault_Handler  stm32f4xx_it.o
    0x08000a1c   0x00000044   Code   RO          606    i.KEY_Init          key.o
    0x08000a60   0x000000cc   Code   RO          607    i.KEY_Scan          key.o
    0x08000b2c   0x0000006c   Code   RO          398    i.LCD_Clear         lcd.o
    0x08000b98   0x00000134   Code   RO          402    i.LCD_Display_Dir   lcd.o
    0x08000ccc   0x00000110   Code   RO          407    i.LCD_Fast_DrawPoint  lcd.o
    0x08000ddc   0x0000370e   Code   RO          409    i.LCD_Init          lcd.o
    0x080044ea   0x00000010   Code   RO          410    i.LCD_Pow           lcd.o
    0x080044fa   0x00000014   Code   RO          411    i.LCD_RD_DATA       lcd.o
    0x0800450e   0x00000014   Code   RO          413    i.LCD_ReadReg       lcd.o
    0x08004522   0x00000002   PAD
    0x08004524   0x00000050   Code   RO          414    i.LCD_SSD_BackLightSet  lcd.o
    0x08004574   0x00000204   Code   RO          415    i.LCD_Scan_Dir      lcd.o
    0x08004778   0x00000150   Code   RO          416    i.LCD_SetCursor     lcd.o
    0x080048c8   0x000000cc   Code   RO          418    i.LCD_ShowChar      lcd.o
    0x08004994   0x00000054   Code   RO          420    i.LCD_ShowString    lcd.o
    0x080049e8   0x00000086   Code   RO          421    i.LCD_ShowxNum      lcd.o
    0x08004a6e   0x00000018   Code   RO          422    i.LCD_WR_DATA       lcd.o
    0x08004a86   0x00000018   Code   RO          423    i.LCD_WR_REG        lcd.o
    0x08004a9e   0x00000002   PAD
    0x08004aa0   0x00000014   Code   RO          425    i.LCD_WriteRAM_Prepare  lcd.o
    0x08004ab4   0x0000000c   Code   RO          426    i.LCD_WriteReg      lcd.o
    0x08004ac0   0x00000040   Code   RO          332    i.LED_Init          led.o
    0x08004b00   0x00000002   Code   RO          219    i.MemManage_Handler  stm32f4xx_it.o
    0x08004b02   0x00000002   Code   RO          220    i.NMI_Handler       stm32f4xx_it.o
    0x08004b04   0x00000064   Code   RO          833    i.NVIC_Init         misc.o
    0x08004b68   0x00000014   Code   RO          834    i.NVIC_PriorityGroupConfig  misc.o
    0x08004b7c   0x00000018   Code   RO          975    i.RCC_AHB1PeriphClockCmd  stm32f4xx_rcc.o
    0x08004b94   0x00000018   Code   RO          981    i.RCC_AHB3PeriphClockCmd  stm32f4xx_rcc.o
    0x08004bac   0x00000018   Code   RO          984    i.RCC_APB1PeriphClockCmd  stm32f4xx_rcc.o
    0x08004bc4   0x00000018   Code   RO          987    i.RCC_APB2PeriphClockCmd  stm32f4xx_rcc.o
    0x08004bdc   0x00000090   Code   RO          996    i.RCC_GetClocksFreq  stm32f4xx_rcc.o
    0x08004c6c   0x000000b4   Code   RO          295    i.SetSysClock       system_stm32f4xx.o
    0x08004d20   0x00000018   Code   RO          837    i.SysTick_CLKSourceConfig  misc.o
    0x08004d38   0x00000014   Code   RO          699    i.SysTick_Handler   delay.o
    0x08004d4c   0x0000005c   Code   RO          297    i.SystemInit        system_stm32f4xx.o
    0x08004da8   0x00000034   Code   RO          353    i.TIM3_IRQHandler   timer.o
    0x08004ddc   0x0000005c   Code   RO          354    i.TIM3_Int_Init     timer.o
    0x08004e38   0x00000006   Code   RO         1562    i.TIM_ClearITPendingBit  stm32f4xx_tim.o
    0x08004e3e   0x00000014   Code   RO         1567    i.TIM_Cmd           stm32f4xx_tim.o
    0x08004e52   0x00000018   Code   RO         1588    i.TIM_GetITStatus   stm32f4xx_tim.o
    0x08004e6a   0x00000010   Code   RO         1592    i.TIM_ITConfig      stm32f4xx_tim.o
    0x08004e7a   0x00000002   PAD
    0x08004e7c   0x0000007c   Code   RO         1639    i.TIM_TimeBaseInit  stm32f4xx_tim.o
    0x08004ef8   0x00000064   Code   RO          773    i.USART1_IRQHandler  usart.o
    0x08004f5c   0x00000014   Code   RO         1369    i.USART_Cmd         stm32f4xx_usart.o
    0x08004f70   0x0000003e   Code   RO         1373    i.USART_GetITStatus  stm32f4xx_usart.o
    0x08004fae   0x00000030   Code   RO         1375    i.USART_ITConfig    stm32f4xx_usart.o
    0x08004fde   0x00000002   PAD
    0x08004fe0   0x000000ac   Code   RO         1376    i.USART_Init        stm32f4xx_usart.o
    0x0800508c   0x00000008   Code   RO         1383    i.USART_ReceiveData  stm32f4xx_usart.o
    0x08005094   0x00000002   Code   RO          221    i.UsageFault_Handler  stm32f4xx_it.o
    0x08005096   0x00000002   Code   RO          774    i._sys_exit         usart.o
    0x08005098   0x00000038   Code   RO          700    i.delay_init        delay.o
    0x080050d0   0x00000038   Code   RO          701    i.delay_ms          delay.o
    0x08005108   0x00000034   Code   RO          702    i.delay_us          delay.o
    0x0800513c   0x00000014   Code   RO          775    i.fputc             usart.o
    0x08005150   0x000001d8   Code   RO            3    i.main              main.o
    0x08005328   0x000000d0   Code   RO            4    i.malloc_task       main.o
    0x080053f8   0x0000003c   Code   RO         2294    i.my_mem_init       malloc.o
    0x08005434   0x00000038   Code   RO         2296    i.my_mem_perused    malloc.o
    0x0800546c   0x0000000c   Code   RO         2300    i.mymemset          malloc.o
    0x08005478   0x00000070   Code   RO         2778    i.prvAddCurrentTaskToDelayedList  tasks.o
    0x080054e8   0x000000d0   Code   RO         2779    i.prvAddNewTaskToReadyList  tasks.o
    0x080055b8   0x00000050   Code   RO         3142    i.prvCheckForValidListAndQueue  timers.o
    0x08005608   0x00000054   Code   RO         2780    i.prvCheckTasksWaitingTermination  tasks.o
    0x0800565c   0x00000026   Code   RO         2549    i.prvCopyDataFromQueue  queue.o
    0x08005682   0x0000006c   Code   RO         2550    i.prvCopyDataToQueue  queue.o
    0x080056ee   0x00000014   Code   RO         2781    i.prvDeleteTCB      tasks.o
    0x08005702   0x00000002   PAD
    0x08005704   0x0000004c   Code   RO         3355    i.prvHeapInit       heap_4.o
    0x08005750   0x00000028   Code   RO         2782    i.prvIdleTask       tasks.o
    0x08005778   0x000000c0   Code   RO         2783    i.prvInitialiseNewTask  tasks.o
    0x08005838   0x0000004c   Code   RO         3356    i.prvInsertBlockIntoFreeList  heap_4.o
    0x08005884   0x00000038   Code   RO         3143    i.prvInsertTimerInActiveList  timers.o
    0x080058bc   0x0000001a   Code   RO         2551    i.prvIsQueueEmpty   queue.o
    0x080058d6   0x00000002   PAD
    0x080058d8   0x00000090   Code   RO         2552    i.prvNotifyQueueSetContainer  queue.o
    0x08005968   0x00000060   Code   RO         3144    i.prvProcessExpiredTimer  timers.o
    0x080059c8   0x000000f0   Code   RO         3145    i.prvProcessReceivedCommands  timers.o
    0x08005ab8   0x0000006c   Code   RO         3146    i.prvProcessTimerOrBlockTask  timers.o
    0x08005b24   0x00000020   Code   RO         2785    i.prvResetNextTaskUnblockTime  tasks.o
    0x08005b44   0x00000028   Code   RO         3147    i.prvSampleTimeNow  timers.o
    0x08005b6c   0x0000006c   Code   RO         3148    i.prvSwitchTimerLists  timers.o
    0x08005bd8   0x00000064   Code   RO         3271    i.prvTaskExitError  port.o
    0x08005c3c   0x00000028   Code   RO         3149    i.prvTimerTask      timers.o
    0x08005c64   0x00000078   Code   RO         2553    i.prvUnlockQueue    queue.o
    0x08005cdc   0x00000114   Code   RO         3357    i.pvPortMalloc      heap_4.o
    0x08005df0   0x00000018   Code   RO         2788    i.pvTaskIncrementMutexHeldCount  tasks.o
    0x08005e08   0x0000002c   Code   RO         3272    i.pxPortInitialiseStack  port.o
    0x08005e34   0x00000040   Code   RO            5    i.start_task        main.o
    0x08005e74   0x000000ac   Code   RO          776    i.uart_init         usart.o
    0x08005f20   0x00000024   Code   RO         2504    i.uxListRemove      list.o
    0x08005f44   0x00000016   Code   RO         2505    i.vListInitialise   list.o
    0x08005f5a   0x00000006   Code   RO         2506    i.vListInitialiseItem  list.o
    0x08005f60   0x00000030   Code   RO         2507    i.vListInsert       list.o
    0x08005f90   0x00000018   Code   RO         2508    i.vListInsertEnd    list.o
    0x08005fa8   0x00000078   Code   RO         3274    i.vPortEnterCritical  port.o
    0x08006020   0x00000064   Code   RO         3275    i.vPortExitCritical  port.o
    0x08006084   0x0000009c   Code   RO         3358    i.vPortFree         heap_4.o
    0x08006120   0x00000020   Code   RO         3276    i.vPortSetupTimerInterrupt  port.o
    0x08006140   0x0000008c   Code   RO         3277    i.vPortValidateInterruptPriority  port.o
    0x080061cc   0x00000024   Code   RO         2559    i.vQueueAddToRegistry  queue.o
    0x080061f0   0x00000044   Code   RO         2563    i.vQueueWaitForMessageRestricted  queue.o
    0x08006234   0x0000006c   Code   RO         2796    i.vTaskDelay        tasks.o
    0x080062a0   0x000000cc   Code   RO         2798    i.vTaskDelete       tasks.o
    0x0800636c   0x0000000c   Code   RO         2803    i.vTaskMissedYield  tasks.o
    0x08006378   0x00000054   Code   RO         2805    i.vTaskPlaceOnEventList  tasks.o
    0x080063cc   0x0000005c   Code   RO         2806    i.vTaskPlaceOnEventListRestricted  tasks.o
    0x08006428   0x00000084   Code   RO         2808    i.vTaskPriorityInherit  tasks.o
    0x080064ac   0x00000048   Code   RO         2812    i.vTaskSetTimeOutState  tasks.o
    0x080064f4   0x00000098   Code   RO         2813    i.vTaskStartScheduler  tasks.o
    0x0800658c   0x00000010   Code   RO         2815    i.vTaskSuspendAll   tasks.o
    0x0800659c   0x0000009c   Code   RO         2816    i.vTaskSwitchContext  tasks.o
    0x08006638   0x0000000c   Code   RO         3360    i.xPortGetFreeHeapSize  heap_4.o
    0x08006644   0x00000114   Code   RO         3278    i.xPortStartScheduler  port.o
    0x08006758   0x0000002c   Code   RO         3279    i.xPortSysTickHandler  port.o
    0x08006784   0x00000078   Code   RO         2568    i.xQueueGenericCreate  queue.o
    0x080067fc   0x00000184   Code   RO         2569    i.xQueueGenericReceive  queue.o
    0x08006980   0x000000a8   Code   RO         2570    i.xQueueGenericReset  queue.o
    0x08006a28   0x00000188   Code   RO         2571    i.xQueueGenericSend  queue.o
    0x08006bb0   0x000000e0   Code   RO         2572    i.xQueueGenericSendFromISR  queue.o
    0x08006c90   0x00000088   Code   RO         2817    i.xTaskCheckForTimeOut  tasks.o
    0x08006d18   0x00000056   Code   RO         2818    i.xTaskCreate       tasks.o
    0x08006d6e   0x00000002   PAD
    0x08006d70   0x0000001c   Code   RO         2822    i.xTaskGetSchedulerState  tasks.o
    0x08006d8c   0x0000000c   Code   RO         2823    i.xTaskGetTickCount  tasks.o
    0x08006d98   0x000000e8   Code   RO         2825    i.xTaskIncrementTick  tasks.o
    0x08006e80   0x000000b4   Code   RO         2828    i.xTaskPriorityDisinherit  tasks.o
    0x08006f34   0x00000098   Code   RO         2829    i.xTaskRemoveFromEventList  tasks.o
    0x08006fcc   0x000000e4   Code   RO         2831    i.xTaskResumeAll    tasks.o
    0x080070b0   0x00000074   Code   RO         3152    i.xTimerCreate      timers.o
    0x08007124   0x00000074   Code   RO         3153    i.xTimerCreateTimerTask  timers.o
    0x08007198   0x00000090   Code   RO         3154    i.xTimerGenericCommand  timers.o
    0x08007228   0x0000005a   Code   RO         3487    x$fpl$dfixu         fz_wm.l(dfixu.o)
    0x08007282   0x00000026   Code   RO         3491    x$fpl$dfltu         fz_wm.l(dflt_clz.o)
    0x080072a8   0x00000154   Code   RO         3497    x$fpl$dmul          fz_wm.l(dmul.o)
    0x080073fc   0x0000009c   Code   RO         3517    x$fpl$dnaninf       fz_wm.l(dnaninf.o)
    0x08007498   0x0000000c   Code   RO         3519    x$fpl$dretinf       fz_wm.l(dretinf.o)
    0x080074a4   0x0000000a   Code   RO         3614    x$fpl$fpinit        fz_wm.l(fpinit.o)
    0x080074ae   0x00000000   Code   RO         3521    x$fpl$usenofp       fz_wm.l(usenofp.o)
    0x080074ae   0x000017c0   Data   RO          429    .constdata          lcd.o
    0x08008c6e   0x00000002   PAD
    0x08008c70   0x00000024   Data   RO         2308    .constdata          malloc.o
    0x08008c94   0x00000028   Data   RO         3432    .constdata          c_w.l(_printf_hex_int.o)
    0x08008cbc   0x00000011   Data   RO         3450    .constdata          c_w.l(__printf_flags.o)
    0x08008ccd   0x00000003   PAD
    0x08008cd0   0x00000020   Data   RO         3677    Region$$Table       anon$$obj.o


    Execution Region RW_IRAM1 (Base: 0x20000000, Size: 0x00015a70, Max: 0x00020000, ABSOLUTE)

    Base Addr    Size         Type   Attr      Idx    E Section Name        Object

    0x20000000   0x00000008   Data   RW            6    .data               main.o
    0x20000008   0x00000014   Data   RW          298    .data               system_stm32f4xx.o
    0x2000001c   0x00000004   PAD
    0x20000020   0x00000008   Data   RW          355    .data               timer.o
    0x20000028   0x00000004   Data   RW          430    .data               lcd.o
    0x2000002c   0x00000001   Data   RW          608    .data               key.o
    0x2000002d   0x00000001   PAD
    0x2000002e   0x00000004   Data   RW          704    .data               delay.o
    0x20000032   0x00000002   Data   RW          778    .data               usart.o
    0x20000034   0x00000004   Data   RW          779    .data               usart.o
    0x20000038   0x00000010   Data   RW         1028    .data               stm32f4xx_rcc.o
    0x20000048   0x00000024   Data   RW         2309    .data               malloc.o
    0x2000006c   0x00000044   Data   RW         2834    .data               tasks.o
    0x200000b0   0x00000014   Data   RW         3162    .data               timers.o
    0x200000c4   0x0000000c   Data   RW         3280    .data               port.o
    0x200000d0   0x00000018   Data   RW         3363    .data               heap_4.o
    0x200000e8   0x0000000e   Zero   RW          428    .bss                lcd.o
    0x200000f6   0x000000c8   Zero   RW          777    .bss                usart.o
    0x200001be   0x00000002   PAD
    0x200001c0   0x0000f000   Zero   RW         2306    .bss                malloc.o
    0x2000f1c0   0x00000f00   Zero   RW         2307    .bss                malloc.o
    0x200100c0   0x00000040   Zero   RW         2583    .bss                queue.o
    0x20010100   0x000002e4   Zero   RW         2833    .bss                tasks.o
    0x200103e4   0x00000028   Zero   RW         3161    .bss                timers.o
    0x2001040c   0x00005000   Zero   RW         3362    .bss                heap_4.o
    0x2001540c   0x00000060   Zero   RW         3556    .bss                c_w.l(libspace.o)
    0x2001546c   0x00000004   PAD
    0x20015470   0x00000200   Zero   RW          825    HEAP                startup_stm32f40_41xxx.o
    0x20015670   0x00000400   Zero   RW          824    STACK               startup_stm32f40_41xxx.o



  Load Region LR$$.ARM.__AT_0x10000000 (Base: 0x10000000, Size: 0x00000000, Max: 0x0000f000, ABSOLUTE)

    Execution Region ER$$.ARM.__AT_0x10000000 (Base: 0x10000000, Size: 0x0000f000, Max: 0x0000f000, ABSOLUTE, UNINIT)

    Base Addr    Size         Type   Attr      Idx    E Section Name        Object

    0x10000000   0x0000f000   Zero   RW         2302    .ARM.__AT_0x10000000  malloc.o



  Load Region LR$$.ARM.__AT_0x1000F000 (Base: 0x1000f000, Size: 0x00000000, Max: 0x00000f00, ABSOLUTE)

    Execution Region ER$$.ARM.__AT_0x1000F000 (Base: 0x1000f000, Size: 0x00000f00, Max: 0x00000f00, ABSOLUTE, UNINIT)

    Base Addr    Size         Type   Attr      Idx    E Section Name        Object

    0x1000f000   0x00000f00   Zero   RW         2303    .ARM.__AT_0x1000F000  malloc.o



  Load Region LR$$.ARM.__AT_0x68000000 (Base: 0x68000000, Size: 0x00000000, Max: 0x000f0000, ABSOLUTE)

    Execution Region ER$$.ARM.__AT_0x68000000 (Base: 0x68000000, Size: 0x000f0000, Max: 0x000f0000, ABSOLUTE, UNINIT)

    Base Addr    Size         Type   Attr      Idx    E Section Name        Object

    0x68000000   0x000f0000   Zero   RW         2304    .ARM.__AT_0x68000000  malloc.o



  Load Region LR$$.ARM.__AT_0x680F0000 (Base: 0x680f0000, Size: 0x00000000, Max: 0x0000f000, ABSOLUTE)

    Execution Region ER$$.ARM.__AT_0x680F0000 (Base: 0x680f0000, Size: 0x0000f000, Max: 0x0000f000, ABSOLUTE, UNINIT)

    Base Addr    Size         Type   Attr      Idx    E Section Name        Object

    0x680f0000   0x0000f000   Zero   RW         2305    .ARM.__AT_0x680F0000  malloc.o


==============================================================================

Image component sizes


      Code (inc. data)   RO Data    RW Data    ZI Data      Debug   Object Name

       184         14          0          4          0       2361   delay.o
         0          0          0          0          0      10248   event_groups.o
       596        144          0         24      20480       4242   heap_4.o
       272         24          0          1          0       1262   key.o
     16272        130       6080          4         14      23248   lcd.o
        64          6          0          0          0        527   led.o
       136          0          0          0          0       2934   list.o
       744        278          0          8          0     301945   main.o
       128         16         36         36    1175040       3420   malloc.o
       144         14          0          0          0       1917   misc.o
      1038        382          0         12          0      10613   port.o
      1832        236          0          0         64      13753   queue.o
        64         26        392          0       1536        832   startup_stm32f40_41xxx.o
       232          6          0          0          0       1769   stm32f4xx_fsmc.o
       170          0          0          0          0       2638   stm32f4xx_gpio.o
        12          0          0          0          0       2625   stm32f4xx_it.o
       240         36          0         16          0       4956   stm32f4xx_rcc.o
       190         28          0          0          0       4317   stm32f4xx_tim.o
       310          8          0          0          0       3802   stm32f4xx_usart.o
       272         36          0         20          0       1709   system_stm32f4xx.o
      2794        674          0         68        740      28095   tasks.o
       164         18          0          8          0       1892   timer.o
      1144        260          0         20         40       8802   timers.o
       294         26          0          6        200       4168   usart.o

    ----------------------------------------------------------------------
     27316       2362       6542        232    1198116     442075   Object Totals
         0          0         32          0          0          0   (incl. Generated)
        20          0          2          5          2          0   (incl. Padding)

    ----------------------------------------------------------------------

      Code (inc. data)   RO Data    RW Data    ZI Data      Debug   Library Member Name

         8          0          0          0          0         68   __main.o
       148          4         17          0          0         84   __printf_flags.o
         0          0          0          0          0          0   __rtentry.o
        12          0          0          0          0          0   __rtentry2.o
         6          0          0          0          0          0   __rtentry4.o
        52          8          0          0          0          0   __scatter.o
        26          0          0          0          0          0   __scatter_copy.o
        28          0          0          0          0          0   __scatter_zi.o
        44          0          0          0          0        108   _printf_char.o
        48          6          0          0          0         96   _printf_char_common.o
        36          4          0          0          0         80   _printf_char_file.o
         6          0          0          0          0          0   _printf_d.o
       120         16          0          0          0         92   _printf_dec.o
        88          4         40          0          0         88   _printf_hex_int.o
       178          0          0          0          0         88   _printf_intcommon.o
         0          0          0          0          0          0   _printf_percent.o
         4          0          0          0          0          0   _printf_percent_end.o
         6          0          0          0          0          0   _printf_s.o
        82          0          0          0          0         80   _printf_str.o
         6          0          0          0          0          0   _printf_x.o
        10          0          0          0          0         68   _sputc.o
        16          0          0          0          0         68   aeabi_memset.o
        12          0          0          0          0         72   exit.o
         8          0          0          0          0         68   ferror.o
         6          0          0          0          0        152   heapauxi.o
         2          0          0          0          0          0   libinit.o
         6          0          0          0          0          0   libinit2.o
         2          0          0          0          0          0   libshutdown.o
         2          0          0          0          0          0   libshutdown2.o
         8          4          0          0         96         68   libspace.o
        24          4          0          0          0         84   noretval__2printf.o
        40          6          0          0          0         84   noretval__2sprintf.o
        68          0          0          0          0         68   rt_memclr.o
        78          0          0          0          0         80   rt_memclr_w.o
       138          0          0          0          0         68   rt_memcpy_v6.o
       100          0          0          0          0         80   rt_memcpy_w.o
         2          0          0          0          0          0   rtexit.o
        10          0          0          0          0          0   rtexit2.o
        74          0          0          0          0         80   sys_stackheap_outer.o
         2          0          0          0          0         68   use_no_semi.o
         2          0          0          0          0         68   use_no_semi_2.o
        90          4          0          0          0        140   dfixu.o
        38          0          0          0          0        116   dflt_clz.o
       340         12          0          0          0        152   dmul.o
       156          4          0          0          0        140   dnaninf.o
        12          0          0          0          0        116   dretinf.o
        10          0          0          0          0        116   fpinit.o
         0          0          0          0          0          0   usenofp.o

    ----------------------------------------------------------------------
      2162         76         60          0        100       2740   Library Totals
         8          0          3          0          4          0   (incl. Padding)

    ----------------------------------------------------------------------

      Code (inc. data)   RO Data    RW Data    ZI Data      Debug   Library Name

      1508         56         57          0         96       1960   c_w.l
       646         20          0          0          0        780   fz_wm.l

    ----------------------------------------------------------------------
      2162         76         60          0        100       2740   Library Totals

    ----------------------------------------------------------------------

==============================================================================


      Code (inc. data)   RO Data    RW Data    ZI Data      Debug   

     29478       2438       6602        232    1198216     430475   Grand Totals
     29478       2438       6602        232    1198216     430475   ELF Image Totals
     29478       2438       6602        232          0          0   ROM Totals

==============================================================================

    Total RO  Size (Code + RO Data)                36080 (  35.23kB)
    Total RW  Size (RW Data + ZI Data)           1198448 (1170.36kB)
    Total ROM Size (Code + RO Data + RW Data)      36312 (  35.46kB)

==============================================================================

