Component: ARM Compiler 5.05 update 1 (build 106) Tool: armlink [4d0efa]

==============================================================================

Section Cross References

    main.o(i.float_task) refers to _printf_percent.o(.ARM.Collect$$_printf_percent$$00000000) for _printf_percent
    main.o(i.float_task) refers to _printf_f.o(.ARM.Collect$$_printf_percent$$00000003) for _printf_f
    main.o(i.float_task) refers to printf1.o(x$fpl$printf1) for _printf_fp_dec
    main.o(i.float_task) refers to f2d.o(x$fpl$f2d) for __aeabi_f2d
    main.o(i.float_task) refers to noretval__2printf.o(.text) for __2printf
    main.o(i.float_task) refers to tasks.o(i.vTaskDelay) for vTaskDelay
    main.o(i.float_task) refers to main.o(.data) for .data
    main.o(i.led0_task) refers to tasks.o(i.vTaskDelay) for vTaskDelay
    main.o(i.led1_task) refers to tasks.o(i.vTaskDelay) for vTaskDelay
    main.o(i.main) refers to misc.o(i.NVIC_PriorityGroupConfig) for NVIC_PriorityGroupConfig
    main.o(i.main) refers to delay.o(i.delay_init) for delay_init
    main.o(i.main) refers to usart.o(i.uart_init) for uart_init
    main.o(i.main) refers to led.o(i.LED_Init) for LED_Init
    main.o(i.main) refers to tasks.o(i.xTaskCreate) for xTaskCreate
    main.o(i.main) refers to tasks.o(i.vTaskStartScheduler) for vTaskStartScheduler
    main.o(i.main) refers to main.o(.data) for .data
    main.o(i.main) refers to main.o(i.start_task) for start_task
    main.o(i.start_task) refers to port.o(i.vPortEnterCritical) for vPortEnterCritical
    main.o(i.start_task) refers to tasks.o(i.xTaskCreate) for xTaskCreate
    main.o(i.start_task) refers to tasks.o(i.vTaskDelete) for vTaskDelete
    main.o(i.start_task) refers to port.o(i.vPortExitCritical) for vPortExitCritical
    main.o(i.start_task) refers to main.o(.data) for .data
    main.o(i.start_task) refers to main.o(i.led0_task) for led0_task
    main.o(i.start_task) refers to main.o(i.led1_task) for led1_task
    main.o(i.start_task) refers to main.o(i.float_task) for float_task
    system_stm32f4xx.o(i.SystemCoreClockUpdate) refers to system_stm32f4xx.o(.data) for .data
    system_stm32f4xx.o(i.SystemInit) refers to system_stm32f4xx.o(i.SetSysClock) for SetSysClock
    led.o(i.LED_Init) refers to stm32f4xx_rcc.o(i.RCC_AHB1PeriphClockCmd) for RCC_AHB1PeriphClockCmd
    led.o(i.LED_Init) refers to stm32f4xx_gpio.o(i.GPIO_Init) for GPIO_Init
    led.o(i.LED_Init) refers to stm32f4xx_gpio.o(i.GPIO_SetBits) for GPIO_SetBits
    delay.o(i.SysTick_Handler) refers to tasks.o(i.xTaskGetSchedulerState) for xTaskGetSchedulerState
    delay.o(i.SysTick_Handler) refers to port.o(i.xPortSysTickHandler) for xPortSysTickHandler
    delay.o(i.delay_init) refers to misc.o(i.SysTick_CLKSourceConfig) for SysTick_CLKSourceConfig
    delay.o(i.delay_init) refers to delay.o(.data) for .data
    delay.o(i.delay_ms) refers to tasks.o(i.xTaskGetSchedulerState) for xTaskGetSchedulerState
    delay.o(i.delay_ms) refers to tasks.o(i.vTaskDelay) for vTaskDelay
    delay.o(i.delay_ms) refers to delay.o(i.delay_us) for delay_us
    delay.o(i.delay_ms) refers to delay.o(.data) for .data
    delay.o(i.delay_us) refers to delay.o(.data) for .data
    delay.o(i.delay_xms) refers to delay.o(i.delay_us) for delay_us
    usart.o(.rev16_text) refers (Special) to use_no_semi_2.o(.text) for __use_no_semihosting
    usart.o(.revsh_text) refers (Special) to use_no_semi_2.o(.text) for __use_no_semihosting
    usart.o(i.USART1_IRQHandler) refers (Special) to use_no_semi_2.o(.text) for __use_no_semihosting
    usart.o(i.USART1_IRQHandler) refers to stm32f4xx_usart.o(i.USART_GetITStatus) for USART_GetITStatus
    usart.o(i.USART1_IRQHandler) refers to stm32f4xx_usart.o(i.USART_ReceiveData) for USART_ReceiveData
    usart.o(i.USART1_IRQHandler) refers to usart.o(.data) for .data
    usart.o(i.USART1_IRQHandler) refers to usart.o(.bss) for .bss
    usart.o(i._sys_exit) refers (Special) to use_no_semi_2.o(.text) for __use_no_semihosting
    usart.o(i.fputc) refers (Special) to use_no_semi_2.o(.text) for __use_no_semihosting
    usart.o(i.uart_init) refers (Special) to use_no_semi_2.o(.text) for __use_no_semihosting
    usart.o(i.uart_init) refers to stm32f4xx_rcc.o(i.RCC_AHB1PeriphClockCmd) for RCC_AHB1PeriphClockCmd
    usart.o(i.uart_init) refers to stm32f4xx_rcc.o(i.RCC_APB2PeriphClockCmd) for RCC_APB2PeriphClockCmd
    usart.o(i.uart_init) refers to stm32f4xx_gpio.o(i.GPIO_PinAFConfig) for GPIO_PinAFConfig
    usart.o(i.uart_init) refers to stm32f4xx_gpio.o(i.GPIO_Init) for GPIO_Init
    usart.o(i.uart_init) refers to stm32f4xx_usart.o(i.USART_Init) for USART_Init
    usart.o(i.uart_init) refers to stm32f4xx_usart.o(i.USART_Cmd) for USART_Cmd
    usart.o(i.uart_init) refers to stm32f4xx_usart.o(i.USART_ITConfig) for USART_ITConfig
    usart.o(i.uart_init) refers to misc.o(i.NVIC_Init) for NVIC_Init
    usart.o(.bss) refers (Special) to use_no_semi_2.o(.text) for __use_no_semihosting
[...]
    .ARM.Collect$$libinit$$0000000E          0x08000218   Section        0  libinit2.o(.ARM.Collect$$libinit$$0000000E)
    .ARM.Collect$$libinit$$0000000F          0x08000218   Section        6  libinit2.o(.ARM.Collect$$libinit$$0000000F)
    .ARM.Collect$$libinit$$00000011          0x0800021e   Section        0  libinit2.o(.ARM.Collect$$libinit$$00000011)
    .ARM.Collect$$libinit$$00000013          0x0800021e   Section        0  libinit2.o(.ARM.Collect$$libinit$$00000013)
    .ARM.Collect$$libinit$$00000015          0x0800021e   Section        0  libinit2.o(.ARM.Collect$$libinit$$00000015)
    .ARM.Collect$$libinit$$00000016          0x0800021e   Section       10  libinit2.o(.ARM.Collect$$libinit$$00000016)
    .ARM.Collect$$libinit$$00000017          0x08000228   Section        0  libinit2.o(.ARM.Collect$$libinit$$00000017)
    .ARM.Collect$$libinit$$00000019          0x08000228   Section        0  libinit2.o(.ARM.Collect$$libinit$$00000019)
    .ARM.Collect$$libinit$$0000001B          0x08000228   Section        0  libinit2.o(.ARM.Collect$$libinit$$0000001B)
    .ARM.Collect$$libinit$$0000001D          0x08000228   Section        0  libinit2.o(.ARM.Collect$$libinit$$0000001D)
    .ARM.Collect$$libinit$$0000001F          0x08000228   Section        0  libinit2.o(.ARM.Collect$$libinit$$0000001F)
    .ARM.Collect$$libinit$$00000021          0x08000228   Section        0  libinit2.o(.ARM.Collect$$libinit$$00000021)
    .ARM.Collect$$libinit$$00000023          0x08000228   Section        0  libinit2.o(.ARM.Collect$$libinit$$00000023)
    .ARM.Collect$$libinit$$00000025          0x08000228   Section        0  libinit2.o(.ARM.Collect$$libinit$$00000025)
    .ARM.Collect$$libinit$$0000002C          0x08000228   Section        0  libinit2.o(.ARM.Collect$$libinit$$0000002C)
    .ARM.Collect$$libinit$$0000002E          0x08000228   Section        0  libinit2.o(.ARM.Collect$$libinit$$0000002E)
    .ARM.Collect$$libinit$$00000030          0x08000228   Section        0  libinit2.o(.ARM.Collect$$libinit$$00000030)
    .ARM.Collect$$libinit$$00000032          0x08000228   Section        0  libinit2.o(.ARM.Collect$$libinit$$00000032)
    .ARM.Collect$$libinit$$00000033          0x08000228   Section        2  libinit2.o(.ARM.Collect$$libinit$$00000033)
    .ARM.Collect$$libshutdown$$00000000      0x0800022a   Section        2  libshutdown.o(.ARM.Collect$$libshutdown$$00000000)
    .ARM.Collect$$libshutdown$$00000003      0x0800022c   Section        0  libshutdown2.o(.ARM.Collect$$libshutdown$$00000003)
    .ARM.Collect$$libshutdown$$00000006      0x0800022c   Section        0  libshutdown2.o(.ARM.Collect$$libshutdown$$00000006)
    .ARM.Collect$$libshutdown$$00000009      0x0800022c   Section        0  libshutdown2.o(.ARM.Collect$$libshutdown$$00000009)
    .ARM.Collect$$libshutdown$$0000000B      0x0800022c   Section        0  libshutdown2.o(.ARM.Collect$$libshutdown$$0000000B)
    .ARM.Collect$$libshutdown$$0000000E      0x0800022c   Section        0  libshutdown2.o(.ARM.Collect$$libshutdown$$0000000E)
    .ARM.Collect$$libshutdown$$0000000F      0x0800022c   Section        2  libshutdown2.o(.ARM.Collect$$libshutdown$$0000000F)
    .ARM.Collect$$rtentry$$00000000          0x0800022e   Section        0  __rtentry.o(.ARM.Collect$$rtentry$$00000000)
    .ARM.Collect$$rtentry$$00000002          0x0800022e   Section        0  __rtentry2.o(.ARM.Collect$$rtentry$$00000002)
    .ARM.Collect$$rtentry$$00000004          0x0800022e   Section        6  __rtentry4.o(.ARM.Collect$$rtentry$$00000004)
    .ARM.Collect$$rtentry$$00000009          0x08000234   Section        0  __rtentry2.o(.ARM.Collect$$rtentry$$00000009)
    .ARM.Collect$$rtentry$$0000000A          0x08000234   Section        4  __rtentry2.o(.ARM.Collect$$rtentry$$0000000A)
    .ARM.Collect$$rtentry$$0000000C          0x08000238   Section        0  __rtentry2.o(.ARM.Collect$$rtentry$$0000000C)
    .ARM.Collect$$rtentry$$0000000D          0x08000238   Section        8  __rtentry2.o(.ARM.Collect$$rtentry$$0000000D)
    .ARM.Collect$$rtexit$$00000000           0x08000240   Section        2  rtexit.o(.ARM.Collect$$rtexit$$00000000)
    .ARM.Collect$$rtexit$$00000002           0x08000242   Section        0  rtexit2.o(.ARM.Collect$$rtexit$$00000002)
    .ARM.Collect$$rtexit$$00000003           0x08000242   Section        4  rtexit2.o(.ARM.Collect$$rtexit$$00000003)
    .ARM.Collect$$rtexit$$00000004           0x08000246   Section        6  rtexit2.o(.ARM.Collect$$rtexit$$00000004)
    .emb_text                                0x0800024c   Section      182  port.o(.emb_text)
    $v0                                      0x0800024c   Number         0  port.o(.emb_text)
    .text                                    0x08000304   Section       64  startup_stm32f40_41xxx.o(.text)
    $v0                                      0x08000304   Number         0  startup_stm32f40_41xxx.o(.text)
    .text                                    0x08000344   Section        2  use_no_semi_2.o(.text)
    .text                                    0x08000348   Section        0  noretval__2printf.o(.text)
    .text                                    0x08000360   Section        0  _printf_str.o(.text)
    .text                                    0x080003b4   Section        0  _printf_dec.o(.text)
    .text                                    0x0800042c   Section        0  __printf_wp.o(.text)
    .text                                    0x0800053a   Section      138  rt_memcpy_v6.o(.text)
    .text                                    0x080005c4   Section       16  aeabi_memset.o(.text)
    .text                                    0x080005d4   Section        0  heapauxi.o(.text)
    .text                                    0x080005da   Section        2  use_no_semi.o(.text)
    .text                                    0x080005dc   Section        0  _printf_intcommon.o(.text)
    .text                                    0x0800068e   Section        0  _printf_fp_dec.o(.text)
    _fp_digits                               0x08000691   Thumb Code   428  _printf_fp_dec.o(.text)
    .text                                    0x08000aa8   Section        0  _printf_char_common.o(.text)
    _printf_input_char                       0x08000aa9   Thumb Code    10  _printf_char_common.o(.text)
    .text                                    0x08000ad8   Section        0  _printf_char.o(.text)
    .text                                    0x08000b04   Section        0  _printf_char_file.o(.text)
    .text                                    0x08000b28   Section      100  rt_memcpy_w.o(.text)
    .text                                    0x08000b8c   Section       68  rt_memclr.o(.text)
    .text                                    0x08000bd0   Section        8  rt_locale_intlibspace.o(.text)
    .text                                    0x08000bd8   Section      138  lludiv10.o(.text)
    .text                                    0x08000c64   Section        0  _printf_fp_infnan.o(.text)
    .text                                    0x08000ce4   Section        0  bigflt0.o(.text)
    .text                                    0x08000dc0   Section        0  ferror.o(.text)
    .text                                    0x08000dc8   Section       78  rt_memclr_w.o(.text)
    .text                                    0x08000e18   Section        8  libspace.o(.text)
    .text                                    0x08000e20   Section       74  sys_stackheap_outer.o(.text)
    .text                                    0x08000e6a   Section        0  exit.o(.text)
    .text                                    0x08000e78   Section      128  strcmpv7m.o(.text)
    CL$$btod_d2e                             0x08000ef8   Section       62  btod.o(CL$$btod_d2e)
    CL$$btod_d2e_denorm_low                  0x08000f36   Section       70  btod.o(CL$$btod_d2e_denorm_low)
    CL$$btod_d2e_norm_op1                    0x08000f7c   Section       96  btod.o(CL$$btod_d2e_norm_op1)
    CL$$btod_div_common                      0x08000fdc   Section      824  btod.o(CL$$btod_div_common)
    CL$$btod_e2e                             0x08001314   Section      198  btod.o(CL$$btod_e2e)
    CL$$btod_ediv                            0x080013da   Section       40  btod.o(CL$$btod_ediv)
    CL$$btod_emul                            0x08001402   Section       40  btod.o(CL$$btod_emul)
    CL$$btod_mult_common                     0x0800142a   Section      580  btod.o(CL$$btod_mult_common)
    i.BusFault_Handler                       0x0800166e   Section        0  stm32f4xx_it.o(i.BusFault_Handler)
    i.DebugMon_Handler                       0x08001670   Section        0  stm32f4xx_it.o(i.DebugMon_Handler)
    i.GPIO_Init                              0x08001672   Section        0  stm32f4xx_gpio.o(i.GPIO_Init)
    i.GPIO_PinAFConfig                       0x080016ea   Section        0  stm32f4xx_gpio.o(i.GPIO_PinAFConfig)
    i.GPIO_SetBits                           0x0800170a   Section        0  stm32f4xx_gpio.o(i.GPIO_SetBits)
    i.HardFault_Handler                      0x0800170e   Section        0  stm32f4xx_it.o(i.HardFault_Handler)
    i.LED_Init                               0x08001710   Section        0  led.o(i.LED_Init)
    i.MemManage_Handler                      0x08001750   Section        0  stm32f4xx_it.o(i.MemManage_Handler)
    i.NMI_Handler                            0x08001752   Section        0  stm32f4xx_it.o(i.NMI_Handler)
    i.NVIC_Init                              0x08001754   Section        0  misc.o(i.NVIC_Init)
    i.NVIC_PriorityGroupConfig               0x080017b8   Section        0  misc.o(i.NVIC_PriorityGroupConfig)
    i.RCC_AHB1PeriphClockCmd                 0x080017cc   Section        0  stm32f4xx_rcc.o(i.RCC_AHB1PeriphClockCmd)
    i.RCC_APB2PeriphClockCmd                 0x080017e4   Section        0  stm32f4xx_rcc.o(i.RCC_APB2PeriphClockCmd)
    i.RCC_GetClocksFreq                      0x080017fc   Section        0  stm32f4xx_rcc.o(i.RCC_GetClocksFreq)
    i.SetSysClock                            0x0800188c   Section        0  system_stm32f4xx.o(i.SetSysClock)
    SetSysClock                              0x0800188d   Thumb Code   162  system_stm32f4xx.o(i.SetSysClock)
    i.SysTick_CLKSourceConfig                0x08001940   Section        0  misc.o(i.SysTick_CLKSourceConfig)
    i.SysTick_Handler                        0x08001958   Section        0  delay.o(i.SysTick_Handler)
    i.SystemInit                             0x0800196c   Section        0  system_stm32f4xx.o(i.SystemInit)
    i.USART1_IRQHandler                      0x080019c8   Section        0  usart.o(i.USART1_IRQHandler)
    i.USART_Cmd                              0x08001a2c   Section        0  stm32f4xx_usart.o(i.USART_Cmd)
    i.USART_GetITStatus                      0x08001a40   Section        0  stm32f4xx_usart.o(i.USART_GetITStatus)
    i.USART_ITConfig                         0x08001a7e   Section        0  stm32f4xx_usart.o(i.USART_ITConfig)
    i.USART_Init                             0x08001ab0   Section        0  stm32f4xx_usart.o(i.USART_Init)
    i.USART_ReceiveData                      0x08001b5c   Section        0  stm32f4xx_usart.o(i.USART_ReceiveData)
    i.UsageFault_Handler                     0x08001b64   Section        0  stm32f4xx_it.o(i.UsageFault_Handler)
    i.__ARM_fpclassify                       0x08001b66   Section        0  fpclassify.o(i.__ARM_fpclassify)
    i._is_digit                              0x08001b96   Section        0  __printf_wp.o(i._is_digit)
    i._sys_exit                              0x08001ba4   Section        0  usart.o(i._sys_exit)
    i.delay_init                             0x08001ba8   Section        0  delay.o(i.delay_init)
    i.float_task                             0x08001be0   Section        0  main.o(i.float_task)
    i.fputc                                  0x08001c38   Section        0  usart.o(i.fputc)
    i.led0_task                              0x08001c4c   Section        0  main.o(i.led0_task)
    i.led1_task                              0x08001c68   Section        0  main.o(i.led1_task)
    i.main                                   0x08001c8c   Section        0  main.o(i.main)
    i.prvAddCurrentTaskToDelayedList         0x08001cd8   Section        0  tasks.o(i.prvAddCurrentTaskToDelayedList)
    prvAddCurrentTaskToDelayedList           0x08001cd9   Thumb Code   102  tasks.o(i.prvAddCurrentTaskToDelayedList)
    i.prvAddNewTaskToReadyList               0x08001d48   Section        0  tasks.o(i.prvAddNewTaskToReadyList)
    prvAddNewTaskToReadyList                 0x08001d49   Thumb Code   192  tasks.o(i.prvAddNewTaskToReadyList)
    i.prvCheckForValidListAndQueue           0x08001e18   Section        0  timers.o(i.prvCheckForValidListAndQueue)
    prvCheckForValidListAndQueue             0x08001e19   Thumb Code    62  timers.o(i.prvCheckForValidListAndQueue)
    i.prvCheckTasksWaitingTermination        0x08001e68   Section        0  tasks.o(i.prvCheckTasksWaitingTermination)
    prvCheckTasksWaitingTermination          0x08001e69   Thumb Code    74  tasks.o(i.prvCheckTasksWaitingTermination)
    i.prvCopyDataFromQueue                   0x08001ebc   Section        0  queue.o(i.prvCopyDataFromQueue)
    prvCopyDataFromQueue                     0x08001ebd   Thumb Code    38  queue.o(i.prvCopyDataFromQueue)
    i.prvCopyDataToQueue                     0x08001ee2   Section        0  queue.o(i.prvCopyDataToQueue)
    prvCopyDataToQueue                       0x08001ee3   Thumb Code   108  queue.o(i.prvCopyDataToQueue)
    i.prvDeleteTCB                           0x08001f4e   Section        0  tasks.o(i.prvDeleteTCB)
    prvDeleteTCB                             0x08001f4f   Thumb Code    20  tasks.o(i.prvDeleteTCB)
    i.prvHeapInit                            0x08001f64   Section        0  heap_4.o(i.prvHeapInit)
    prvHeapInit                              0x08001f65   Thumb Code    66  heap_4.o(i.prvHeapInit)
    i.prvIdleTask                            0x08001fb0   Section        0  tasks.o(i.prvIdleTask)
    prvIdleTask                              0x08001fb1   Thumb Code    30  tasks.o(i.prvIdleTask)
    i.prvInitialiseNewTask                   0x08001fd8   Section        0  tasks.o(i.prvInitialiseNewTask)
    prvInitialiseNewTask                     0x08001fd9   Thumb Code   154  tasks.o(i.prvInitialiseNewTask)
    i.prvInsertBlockIntoFreeList             0x08002098   Section        0  heap_4.o(i.prvInsertBlockIntoFreeList)
    prvInsertBlockIntoFreeList               0x08002099   Thumb Code    72  heap_4.o(i.prvInsertBlockIntoFreeList)
    i.prvInsertTimerInActiveList             0x080020e4   Section        0  timers.o(i.prvInsertTimerInActiveList)
    prvInsertTimerInActiveList               0x080020e5   Thumb Code    52  timers.o(i.prvInsertTimerInActiveList)
    i.prvIsQueueEmpty                        0x0800211c   Section        0  queue.o(i.prvIsQueueEmpty)
    prvIsQueueEmpty                          0x0800211d   Thumb Code    26  queue.o(i.prvIsQueueEmpty)
    i.prvNotifyQueueSetContainer             0x08002138   Section        0  queue.o(i.prvNotifyQueueSetContainer)
    prvNotifyQueueSetContainer               0x08002139   Thumb Code   108  queue.o(i.prvNotifyQueueSetContainer)
    i.prvProcessExpiredTimer                 0x080021c8   Section        0  timers.o(i.prvProcessExpiredTimer)
    prvProcessExpiredTimer                   0x080021c9   Thumb Code    86  timers.o(i.prvProcessExpiredTimer)
    i.prvProcessReceivedCommands             0x08002228   Section        0  timers.o(i.prvProcessReceivedCommands)
    prvProcessReceivedCommands               0x08002229   Thumb Code   196  timers.o(i.prvProcessReceivedCommands)
    i.prvProcessTimerOrBlockTask             0x08002318   Section        0  timers.o(i.prvProcessTimerOrBlockTask)
    prvProcessTimerOrBlockTask               0x08002319   Thumb Code    98  timers.o(i.prvProcessTimerOrBlockTask)
    i.prvResetNextTaskUnblockTime            0x08002384   Section        0  tasks.o(i.prvResetNextTaskUnblockTime)
    prvResetNextTaskUnblockTime              0x08002385   Thumb Code    26  tasks.o(i.prvResetNextTaskUnblockTime)
    i.prvSampleTimeNow                       0x080023a4   Section        0  timers.o(i.prvSampleTimeNow)
    prvSampleTimeNow                         0x080023a5   Thumb Code    36  timers.o(i.prvSampleTimeNow)
    i.prvSwitchTimerLists                    0x080023cc   Section        0  timers.o(i.prvSwitchTimerLists)
    prvSwitchTimerLists                      0x080023cd   Thumb Code   100  timers.o(i.prvSwitchTimerLists)
    i.prvTaskExitError                       0x08002438   Section        0  port.o(i.prvTaskExitError)
    prvTaskExitError                         0x08002439   Thumb Code    36  port.o(i.prvTaskExitError)
    i.prvTimerTask                           0x0800249c   Section        0  timers.o(i.prvTimerTask)
    prvTimerTask                             0x0800249d   Thumb Code    34  timers.o(i.prvTimerTask)
    i.prvUnlockQueue                         0x080024c4   Section        0  queue.o(i.prvUnlockQueue)
    prvUnlockQueue                           0x080024c5   Thumb Code   120  queue.o(i.prvUnlockQueue)
    i.pvPortMalloc                           0x0800253c   Section        0  heap_4.o(i.pvPortMalloc)
    i.pvTaskIncrementMutexHeldCount          0x08002650   Section        0  tasks.o(i.pvTaskIncrementMutexHeldCount)
    i.pxPortInitialiseStack                  0x08002668   Section        0  port.o(i.pxPortInitialiseStack)
    i.start_task                             0x08002694   Section        0  main.o(i.start_task)
    i.uart_init                              0x08002720   Section        0  usart.o(i.uart_init)
    i.uxListRemove                           0x080027cc   Section        0  list.o(i.uxListRemove)
    i.vListInitialise                        0x080027f0   Section        0  list.o(i.vListInitialise)
    i.vListInitialiseItem                    0x08002806   Section        0  list.o(i.vListInitialiseItem)
    i.vListInsert                            0x0800280c   Section        0  list.o(i.vListInsert)
    i.vListInsertEnd                         0x0800283c   Section        0  list.o(i.vListInsertEnd)
    i.vPortEnterCritical                     0x08002854   Section        0  port.o(i.vPortEnterCritical)
    i.vPortExitCritical                      0x080028cc   Section        0  port.o(i.vPortExitCritical)
    i.vPortFree                              0x08002930   Section        0  heap_4.o(i.vPortFree)
    i.vPortSetupTimerInterrupt               0x080029cc   Section        0  port.o(i.vPortSetupTimerInterrupt)
    i.vPortValidateInterruptPriority         0x080029ec   Section        0  port.o(i.vPortValidateInterruptPriority)
    i.vQueueAddToRegistry                    0x08002a78   Section        0  queue.o(i.vQueueAddToRegistry)
    i.vQueueWaitForMessageRestricted         0x08002a9c   Section        0  queue.o(i.vQueueWaitForMessageRestricted)
    i.vTaskDelay                             0x08002ae0   Section        0  tasks.o(i.vTaskDelay)
    i.vTaskDelete                            0x08002b4c   Section        0  tasks.o(i.vTaskDelete)
    i.vTaskMissedYield                       0x08002c18   Section        0  tasks.o(i.vTaskMissedYield)
    i.vTaskPlaceOnEventList                  0x08002c24   Section        0  tasks.o(i.vTaskPlaceOnEventList)
    i.vTaskPlaceOnEventListRestricted        0x08002c78   Section        0  tasks.o(i.vTaskPlaceOnEventListRestricted)
    i.vTaskPriorityInherit                   0x08002cd4   Section        0  tasks.o(i.vTaskPriorityInherit)
    i.vTaskSetTimeOutState                   0x08002d58   Section        0  tasks.o(i.vTaskSetTimeOutState)
    i.vTaskStartScheduler                    0x08002da0   Section        0  tasks.o(i.vTaskStartScheduler)
    i.vTaskSuspendAll                        0x08002e34   Section        0  tasks.o(i.vTaskSuspendAll)
    i.vTaskSwitchContext                     0x08002e44   Section        0  tasks.o(i.vTaskSwitchContext)
    i.xPortStartScheduler                    0x08002ec0   Section        0  port.o(i.xPortStartScheduler)
    i.xPortSysTickHandler                    0x08002fd4   Section        0  port.o(i.xPortSysTickHandler)
    i.xQueueGenericCreate                    0x08003000   Section        0  queue.o(i.xQueueGenericCreate)
    i.xQueueGenericReceive                   0x08003078   Section        0  queue.o(i.xQueueGenericReceive)
    i.xQueueGenericReset                     0x080031fc   Section        0  queue.o(i.xQueueGenericReset)
    i.xQueueGenericSend                      0x080032a4   Section        0  queue.o(i.xQueueGenericSend)
    i.xQueueGenericSendFromISR               0x0800342c   Section        0  queue.o(i.xQueueGenericSendFromISR)
    i.xTaskCheckForTimeOut                   0x0800350c   Section        0  tasks.o(i.xTaskCheckForTimeOut)
    i.xTaskCreate                            0x08003594   Section        0  tasks.o(i.xTaskCreate)
    i.xTaskGetSchedulerState                 0x080035ec   Section        0  tasks.o(i.xTaskGetSchedulerState)
    i.xTaskGetTickCount                      0x08003608   Section        0  tasks.o(i.xTaskGetTickCount)
    i.xTaskIncrementTick                     0x08003614   Section        0  tasks.o(i.xTaskIncrementTick)
    i.xTaskPriorityDisinherit                0x080036fc   Section        0  tasks.o(i.xTaskPriorityDisinherit)
    i.xTaskRemoveFromEventList               0x080037b0   Section        0  tasks.o(i.xTaskRemoveFromEventList)
    i.xTaskResumeAll                         0x08003848   Section        0  tasks.o(i.xTaskResumeAll)
    i.xTimerCreate                           0x0800392c   Section        0  timers.o(i.xTimerCreate)
    i.xTimerCreateTimerTask                  0x080039a0   Section        0  timers.o(i.xTimerCreateTimerTask)
    i.xTimerGenericCommand                   0x08003a14   Section        0  timers.o(i.xTimerGenericCommand)
    locale$$code                             0x08003aa4   Section       44  lc_numeric_c.o(locale$$code)
    x$fpl$dretinf                            0x08003ad0   Section       12  dretinf.o(x$fpl$dretinf)
    $v0                                      0x08003ad0   Number         0  dretinf.o(x$fpl$dretinf)
    x$fpl$f2d                                0x08003adc   Section       86  f2d.o(x$fpl$f2d)
    $v0                                      0x08003adc   Number         0  f2d.o(x$fpl$f2d)
    x$fpl$fnaninf                            0x08003b32   Section      140  fnaninf.o(x$fpl$fnaninf)
    $v0                                      0x08003b32   Number         0  fnaninf.o(x$fpl$fnaninf)
    x$fpl$fpinit                             0x08003bbe   Section       10  fpinit.o(x$fpl$fpinit)
    $v0                                      0x08003bbe   Number         0  fpinit.o(x$fpl$fpinit)
    x$fpl$printf1                            0x08003bc8   Section        4  printf1.o(x$fpl$printf1)
    $v0                                      0x08003bc8   Number         0  printf1.o(x$fpl$printf1)
    .constdata                               0x08003bcc   Section      148  bigflt0.o(.constdata)
    x$fpl$usenofp                            0x08003bcc   Section        0  usenofp.o(x$fpl$usenofp)
    tenpwrs_x                                0x08003bcc   Data          60  bigflt0.o(.constdata)
    tenpwrs_i                                0x08003c08   Data          64  bigflt0.o(.constdata)
    locale$$data                             0x08003c80   Section       28  lc_numeric_c.o(locale$$data)
    __lcnum_c_name                           0x08003c84   Data           2  lc_numeric_c.o(locale$$data)
    __lcnum_c_start                          0x08003c8c   Data           0  lc_numeric_c.o(locale$$data)
    __lcnum_c_point                          0x08003c98   Data           0  lc_numeric_c.o(locale$$data)
    __lcnum_c_thousands                      0x08003c9a   Data           0  lc_numeric_c.o(locale$$data)
    __lcnum_c_grouping                       0x08003c9b   Data           0  lc_numeric_c.o(locale$$data)
    __lcnum_c_end                            0x08003c9c   Data           0  lc_numeric_c.o(locale$$data)
    .data                                    0x20000000   Section       20  main.o(.data)
    float_num                                0x20000000   Data           4  main.o(.data)
    .data                                    0x20000014   Section       20  system_stm32f4xx.o(.data)
    .data                                    0x20000028   Section        4  delay.o(.data)
    fac_us                                   0x20000028   Data           1  delay.o(.data)
    fac_ms                                   0x2000002a   Data           2  delay.o(.data)
    .data                                    0x2000002c   Section        2  usart.o(.data)
    .data                                    0x20000030   Section        4  usart.o(.data)
    .data                                    0x20000034   Section       16  stm32f4xx_rcc.o(.data)
    APBAHBPrescTable                         0x20000034   Data          16  stm32f4xx_rcc.o(.data)
    .data                                    0x20000044   Section       60  tasks.o(.data)
    uxDeletedTasksWaitingCleanUp             0x20000048   Data           4  tasks.o(.data)
    uxCurrentNumberOfTasks                   0x2000004c   Data           4  tasks.o(.data)
    xTickCount                               0x20000050   Data           4  tasks.o(.data)
    uxTopReadyPriority                       0x20000054   Data           4  tasks.o(.data)
    xSchedulerRunning                        0x20000058   Data           4  tasks.o(.data)
    uxPendedTicks                            0x2000005c   Data           4  tasks.o(.data)
    xYieldPending                            0x20000060   Data           4  tasks.o(.data)
    xNumOfOverflows                          0x20000064   Data           4  tasks.o(.data)
    uxTaskNumber                             0x20000068   Data           4  tasks.o(.data)
    xNextTaskUnblockTime                     0x2000006c   Data           4  tasks.o(.data)
    xIdleTaskHandle                          0x20000070   Data           4  tasks.o(.data)
    uxSchedulerSuspended                     0x20000074   Data           4  tasks.o(.data)
    pxDelayedTaskList                        0x20000078   Data           4  tasks.o(.data)
    pxOverflowDelayedTaskList                0x2000007c   Data           4  tasks.o(.data)
    .data                                    0x20000080   Section       20  timers.o(.data)
    xTimerQueue                              0x20000080   Data           4  timers.o(.data)
    xTimerTaskHandle                         0x20000084   Data           4  timers.o(.data)
    xLastTime                                0x20000088   Data           4  timers.o(.data)
    pxCurrentTimerList                       0x2000008c   Data           4  timers.o(.data)
    pxOverflowTimerList                      0x20000090   Data           4  timers.o(.data)
    .data                                    0x20000094   Section       12  port.o(.data)
    ucMaxSysCallPriority                     0x20000094   Data           1  port.o(.data)
    uxCriticalNesting                        0x20000098   Data           4  port.o(.data)
    ulMaxPRIGROUPValue                       0x2000009c   Data           4  port.o(.data)
    .data                                    0x200000a0   Section       24  heap_4.o(.data)
    pxEnd                                    0x200000a0   Data           4  heap_4.o(.data)
    xFreeBytesRemaining                      0x200000a4   Data           4  heap_4.o(.data)
    xMinimumEverFreeBytesRemaining           0x200000a8   Data           4  heap_4.o(.data)
    xBlockAllocatedBit                       0x200000ac   Data           4  heap_4.o(.data)
    xStart                                   0x200000b0   Data           8  heap_4.o(.data)
    .bss                                     0x200000b8   Section      200  usart.o(.bss)
    .bss                                     0x20000180   Section       64  queue.o(.bss)
    .bss                                     0x200001c0   Section      740  tasks.o(.bss)
    pxReadyTasksLists                        0x200001c0   Data         640  tasks.o(.bss)
    xDelayedTaskList1                        0x20000440   Data          20  tasks.o(.bss)
    xDelayedTaskList2                        0x20000454   Data          20  tasks.o(.bss)
    xPendingReadyList                        0x20000468   Data          20  tasks.o(.bss)
    xTasksWaitingTermination                 0x2000047c   Data          20  tasks.o(.bss)
    xSuspendedTaskList                       0x20000490   Data          20  tasks.o(.bss)
    .bss                                     0x200004a4   Section       40  timers.o(.bss)
    xActiveTimerList1                        0x200004a4   Data          20  timers.o(.bss)
    xActiveTimerList2                        0x200004b8   Data          20  timers.o(.bss)
    .bss                                     0x200004cc   Section    20480  heap_4.o(.bss)
    ucHeap                                   0x200004cc   Data       20480  heap_4.o(.bss)
    .bss                                     0x200054cc   Section       96  libspace.o(.bss)
    HEAP                                     0x20005530   Section      512  startup_stm32f40_41xxx.o(HEAP)
    Heap_Mem                                 0x20005530   Data         512  startup_stm32f40_41xxx.o(HEAP)
    STACK                                    0x20005730   Section     1024  startup_stm32f40_41xxx.o(STACK)
    Stack_Mem                                0x20005730   Data        1024  startup_stm32f40_41xxx.o(STACK)
    __initial_sp                             0x20005b30   Data           0  startup_stm32f40_41xxx.o(STACK)

    Global Symbols

    Symbol Name                              Value     Ov Type        Size  Object(Section)

    BuildAttributes$$THM_ISAv4$E$P$D$K$B$S$7EM$VFPi3$EXTD16$VFPS$VFMA$PE$A:L22UL41UL21$X:L11$S22US41US21$IEEE1$IW$USESV6$~STKCKD$USESV7$~SHL$OTIME$ROPI$IEEEJ$EBA8$UX$STANDARDLIB$REQ8$PRES8$EABIv2 0x00000000   Number         0  anon$$obj.o ABSOLUTE
    __ARM_use_no_argv                        0x00000000   Number         0  main.o ABSOLUTE
    _printf_flags                            0x00000000   Number         0  printf_stubs.o ABSOLUTE
    _printf_return_value                     0x00000000   Number         0  printf_stubs.o ABSOLUTE
    _printf_sizespec                         0x00000000   Number         0  printf_stubs.o ABSOLUTE
    _printf_widthprec                        0x00000000   Number         0  printf_stubs.o ABSOLUTE
    __ARM_exceptions_init                     - Undefined Weak Reference
    __alloca_initialize                       - Undefined Weak Reference
    __arm_preinit_                            - Undefined Weak Reference
    __cpp_initialize__aeabi_                  - Undefined Weak Reference
    __cxa_finalize                            - Undefined Weak Reference
    __sigvec_lookup                           - Undefined Weak Reference
    _atexit_init                              - Undefined Weak Reference
    _call_atexit_fns                          - Undefined Weak Reference
    _clock_init                               - Undefined Weak Reference
    _fp_trap_init                             - Undefined Weak Reference
    _fp_trap_shutdown                         - Undefined Weak Reference
    _get_lc_collate                           - Undefined Weak Reference
    _get_lc_ctype                             - Undefined Weak Reference
    _get_lc_monetary                          - Undefined Weak Reference
    _get_lc_time                              - Undefined Weak Reference
    _getenv_init                              - Undefined Weak Reference
    _handle_redirection                       - Undefined Weak Reference
    _init_alloc                               - Undefined Weak Reference
    _init_user_alloc                          - Undefined Weak Reference
    _initio                                   - Undefined Weak Reference
    _mutex_acquire                            - Undefined Weak Reference
    _mutex_release                            - Undefined Weak Reference
    _printf_mbtowc                            - Undefined Weak Reference
    _printf_post_padding                      - Undefined Weak Reference
    _printf_pre_padding                       - Undefined Weak Reference
    _printf_truncate_signed                   - Undefined Weak Reference
    _printf_truncate_unsigned                 - Undefined Weak Reference
    _rand_init                                - Undefined Weak Reference
    _signal_finish                            - Undefined Weak Reference
    _signal_init                              - Undefined Weak Reference
    _terminate_alloc                          - Undefined Weak Reference
    _terminate_user_alloc                     - Undefined Weak Reference
    _terminateio                              - Undefined Weak Reference
    __Vectors_Size                           0x00000188   Number         0  startup_stm32f40_41xxx.o ABSOLUTE
    __Vectors                                0x08000000   Data           4  startup_stm32f40_41xxx.o(RESET)
    __Vectors_End                            0x08000188   Data           0  startup_stm32f40_41xxx.o(RESET)
    __main                                   0x08000189   Thumb Code     8  __main.o(!!!main)
    __scatterload                            0x08000191   Thumb Code     0  __scatter.o(!!!scatter)
    __scatterload_rt2                        0x08000191   Thumb Code    44  __scatter.o(!!!scatter)
    __scatterload_rt2_thumb_only             0x08000191   Thumb Code     0  __scatter.o(!!!scatter)
    __scatterload_null                       0x0800019f   Thumb Code     0  __scatter.o(!!!scatter)
    __scatterload_copy                       0x080001c5   Thumb Code    26  __scatter_copy.o(!!handler_copy)
    __scatterload_zeroinit                   0x080001e1   Thumb Code    28  __scatter_zi.o(!!handler_zi)
    _printf_f                                0x080001fd   Thumb Code     0  _printf_f.o(.ARM.Collect$$_printf_percent$$00000003)
    _printf_percent                          0x080001fd   Thumb Code     0  _printf_percent.o(.ARM.Collect$$_printf_percent$$00000000)
    _printf_d                                0x08000203   Thumb Code     0  _printf_d.o(.ARM.Collect$$_printf_percent$$00000009)
    _printf_s                                0x08000209   Thumb Code     0  _printf_s.o(.ARM.Collect$$_printf_percent$$00000014)
    _printf_percent_end                      0x0800020f   Thumb Code     0  _printf_percent_end.o(.ARM.Collect$$_printf_percent$$00000017)
    __rt_lib_init                            0x08000213   Thumb Code     0  libinit.o(.ARM.Collect$$libinit$$00000000)
    __rt_lib_init_fp_1                       0x08000215   Thumb Code     0  libinit2.o(.ARM.Collect$$libinit$$00000001)
    __rt_lib_init_heap_1                     0x08000219   Thumb Code     0  libinit2.o(.ARM.Collect$$libinit$$0000000A)
    __rt_lib_init_lc_common                  0x08000219   Thumb Code     0  libinit2.o(.ARM.Collect$$libinit$$0000000F)
    __rt_lib_init_preinit_1                  0x08000219   Thumb Code     0  libinit2.o(.ARM.Collect$$libinit$$00000004)
    __rt_lib_init_rand_1                     0x08000219   Thumb Code     0  libinit2.o(.ARM.Collect$$libinit$$0000000E)
    __rt_lib_init_user_alloc_1               0x08000219   Thumb Code     0  libinit2.o(.ARM.Collect$$libinit$$0000000C)
    __rt_lib_init_lc_collate_1               0x0800021f   Thumb Code     0  libinit2.o(.ARM.Collect$$libinit$$00000011)
    __rt_lib_init_lc_ctype_1                 0x0800021f   Thumb Code     0  libinit2.o(.ARM.Collect$$libinit$$00000013)
    __rt_lib_init_lc_monetary_1              0x0800021f   Thumb Code     0  libinit2.o(.ARM.Collect$$libinit$$00000015)
    __rt_lib_init_lc_numeric_2               0x0800021f   Thumb Code     0  libinit2.o(.ARM.Collect$$libinit$$00000016)
    __rt_lib_init_alloca_1                   0x08000229   Thumb Code     0  libinit2.o(.ARM.Collect$$libinit$$0000002E)
    __rt_lib_init_argv_1                     0x08000229   Thumb Code     0  libinit2.o(.ARM.Collect$$libinit$$0000002C)
    __rt_lib_init_atexit_1                   0x08000229   Thumb Code     0  libinit2.o(.ARM.Collect$$libinit$$0000001B)
    __rt_lib_init_clock_1                    0x08000229   Thumb Code     0  libinit2.o(.ARM.Collect$$libinit$$00000021)
    __rt_lib_init_cpp_1                      0x08000229   Thumb Code     0  libinit2.o(.ARM.Collect$$libinit$$00000032)
    __rt_lib_init_exceptions_1               0x08000229   Thumb Code     0  libinit2.o(.ARM.Collect$$libinit$$00000030)
    __rt_lib_init_fp_trap_1                  0x08000229   Thumb Code     0  libinit2.o(.ARM.Collect$$libinit$$0000001F)
    __rt_lib_init_getenv_1                   0x08000229   Thumb Code     0  libinit2.o(.ARM.Collect$$libinit$$00000023)
    __rt_lib_init_lc_numeric_1               0x08000229   Thumb Code     0  libinit2.o(.ARM.Collect$$libinit$$00000017)
    __rt_lib_init_lc_time_1                  0x08000229   Thumb Code     0  libinit2.o(.ARM.Collect$$libinit$$00000019)
    __rt_lib_init_return                     0x08000229   Thumb Code     0  libinit2.o(.ARM.Collect$$libinit$$00000033)
    __rt_lib_init_signal_1                   0x08000229   Thumb Code     0  libinit2.o(.ARM.Collect$$libinit$$0000001D)
    __rt_lib_init_stdio_1                    0x08000229   Thumb Code     0  libinit2.o(.ARM.Collect$$libinit$$00000025)
    __rt_lib_shutdown                        0x0800022b   Thumb Code     0  libshutdown.o(.ARM.Collect$$libshutdown$$00000000)
    __rt_lib_shutdown_fp_trap_1              0x0800022d   Thumb Code     0  libshutdown2.o(.ARM.Collect$$libshutdown$$00000006)
    __rt_lib_shutdown_heap_1                 0x0800022d   Thumb Code     0  libshutdown2.o(.ARM.Collect$$libshutdown$$0000000E)
    __rt_lib_shutdown_return                 0x0800022d   Thumb Code     0  libshutdown2.o(.ARM.Collect$$libshutdown$$0000000F)
    __rt_lib_shutdown_signal_1               0x0800022d   Thumb Code     0  libshutdown2.o(.ARM.Collect$$libshutdown$$00000009)
    __rt_lib_shutdown_stdio_1                0x0800022d   Thumb Code     0  libshutdown2.o(.ARM.Collect$$libshutdown$$00000003)
    __rt_lib_shutdown_user_alloc_1           0x0800022d   Thumb Code     0  libshutdown2.o(.ARM.Collect$$libshutdown$$0000000B)
    __rt_entry                               0x0800022f   Thumb Code     0  __rtentry.o(.ARM.Collect$$rtentry$$00000000)
    __rt_entry_presh_1                       0x0800022f   Thumb Code     0  __rtentry2.o(.ARM.Collect$$rtentry$$00000002)
    __rt_entry_sh                            0x0800022f   Thumb Code     0  __rtentry4.o(.ARM.Collect$$rtentry$$00000004)
    __rt_entry_li                            0x08000235   Thumb Code     0  __rtentry2.o(.ARM.Collect$$rtentry$$0000000A)
    __rt_entry_postsh_1                      0x08000235   Thumb Code     0  __rtentry2.o(.ARM.Collect$$rtentry$$00000009)
    __rt_entry_main                          0x08000239   Thumb Code     0  __rtentry2.o(.ARM.Collect$$rtentry$$0000000D)
    __rt_entry_postli_1                      0x08000239   Thumb Code     0  __rtentry2.o(.ARM.Collect$$rtentry$$0000000C)
    __rt_exit                                0x08000241   Thumb Code     0  rtexit.o(.ARM.Collect$$rtexit$$00000000)
    __rt_exit_ls                             0x08000243   Thumb Code     0  rtexit2.o(.ARM.Collect$$rtexit$$00000003)
    __rt_exit_prels_1                        0x08000243   Thumb Code     0  rtexit2.o(.ARM.Collect$$rtexit$$00000002)
    __rt_exit_exit                           0x08000247   Thumb Code     0  rtexit2.o(.ARM.Collect$$rtexit$$00000004)
    SVC_Handler                              0x0800024d   Thumb Code    28  port.o(.emb_text)
    __asm___6_port_c_39a90d8d__prvStartFirstTask 0x0800026d   Thumb Code    28  port.o(.emb_text)
    __asm___6_port_c_39a90d8d__prvEnableVFP  0x0800028d   Thumb Code    16  port.o(.emb_text)
    PendSV_Handler                           0x080002a1   Thumb Code    88  port.o(.emb_text)
    vPortGetIPSR                             0x080002fd   Thumb Code     6  port.o(.emb_text)
    Reset_Handler                            0x08000305   Thumb Code     8  startup_stm32f40_41xxx.o(.text)
    ADC_IRQHandler                           0x0800031f   Thumb Code     0  startup_stm32f40_41xxx.o(.text)
    CAN1_RX0_IRQHandler                      0x0800031f   Thumb Code     0  startup_stm32f40_41xxx.o(.text)
    CAN1_RX1_IRQHandler                      0x0800031f   Thumb Code     0  startup_stm32f40_41xxx.o(.text)
    CAN1_SCE_IRQHandler                      0x0800031f   Thumb Code     0  startup_stm32f40_41xxx.o(.text)
    CAN1_TX_IRQHandler                       0x0800031f   Thumb Code     0  startup_stm32f40_41xxx.o(.text)
    CAN2_RX0_IRQHandler                      0x0800031f   Thumb Code     0  startup_stm32f40_41xxx.o(.text)
    CAN2_RX1_IRQHandler                      0x0800031f   Thumb Code     0  startup_stm32f40_41xxx.o(.text)
    CAN2_SCE_IRQHandler                      0x0800031f   Thumb Code     0  startup_stm32f40_41xxx.o(.text)
    CAN2_TX_IRQHandler                       0x0800031f   Thumb Code     0  startup_stm32f40_41xxx.o(.text)
    CRYP_IRQHandler                          0x0800031f   Thumb Code     0  startup_stm32f40_41xxx.o(.text)
    DCMI_IRQHandler                          0x0800031f   Thumb Code     0  startup_stm32f40_41xxx.o(.text)
    DMA1_Stream0_IRQHandler                  0x0800031f   Thumb Code     0  startup_stm32f40_41xxx.o(.text)
    DMA1_Stream1_IRQHandler                  0x0800031f   Thumb Code     0  startup_stm32f40_41xxx.o(.text)
    DMA1_Stream2_IRQHandler                  0x0800031f   Thumb Code     0  startup_stm32f40_41xxx.o(.text)
    DMA1_Stream3_IRQHandler                  0x0800031f   Thumb Code     0  startup_stm32f40_41xxx.o(.text)
    DMA1_Stream4_IRQHandler                  0x0800031f   Thumb Code     0  startup_stm32f40_41xxx.o(.text)
    DMA1_Stream5_IRQHandler                  0x0800031f   Thumb Code     0  startup_stm32f40_41xxx.o(.text)
    DMA1_Stream6_IRQHandler                  0x0800031f   Thumb Code     0  startup_stm32f40_41xxx.o(.text)
    DMA1_Stream7_IRQHandler                  0x0800031f   Thumb Code     0  startup_stm32f40_41xxx.o(.text)
    DMA2_Stream0_IRQHandler                  0x0800031f   Thumb Code     0  startup_stm32f40_41xxx.o(.text)
    DMA2_Stream1_IRQHandler                  0x0800031f   Thumb Code     0  startup_stm32f40_41xxx.o(.text)
    DMA2_Stream2_IRQHandler                  0x0800031f   Thumb Code     0  startup_stm32f40_41xxx.o(.text)
    DMA2_Stream3_IRQHandler                  0x0800031f   Thumb Code     0  startup_stm32f40_41xxx.o(.text)
    DMA2_Stream4_IRQHandler                  0x0800031f   Thumb Code     0  startup_stm32f40_41xxx.o(.text)
    DMA2_Stream5_IRQHandler                  0x0800031f   Thumb Code     0  startup_stm32f40_41xxx.o(.text)
    DMA2_Stream6_IRQHandler                  0x0800031f   Thumb Code     0  startup_stm32f40_41xxx.o(.text)
    DMA2_Stream7_IRQHandler                  0x0800031f   Thumb Code     0  startup_stm32f40_41xxx.o(.text)
    ETH_IRQHandler                           0x0800031f   Thumb Code     0  startup_stm32f40_41xxx.o(.text)
    ETH_WKUP_IRQHandler                      0x0800031f   Thumb Code     0  startup_stm32f40_41xxx.o(.text)
    EXTI0_IRQHandler                         0x0800031f   Thumb Code     0  startup_stm32f40_41xxx.o(.text)
    EXTI15_10_IRQHandler                     0x0800031f   Thumb Code     0  startup_stm32f40_41xxx.o(.text)
    EXTI1_IRQHandler                         0x0800031f   Thumb Code     0  startup_stm32f40_41xxx.o(.text)
    EXTI2_IRQHandler                         0x0800031f   Thumb Code     0  startup_stm32f40_41xxx.o(.text)
    EXTI3_IRQHandler                         0x0800031f   Thumb Code     0  startup_stm32f40_41xxx.o(.text)
    EXTI4_IRQHandler                         0x0800031f   Thumb Code     0  startup_stm32f40_41xxx.o(.text)
    EXTI9_5_IRQHandler                       0x0800031f   Thumb Code     0  startup_stm32f40_41xxx.o(.text)
    FLASH_IRQHandler                         0x0800031f   Thumb Code     0  startup_stm32f40_41xxx.o(.text)
    FPU_IRQHandler                           0x0800031f   Thumb Code     0  startup_stm32f40_41xxx.o(.text)
    FSMC_IRQHandler                          0x0800031f   Thumb Code     0  startup_stm32f40_41xxx.o(.text)
    HASH_RNG_IRQHandler                      0x0800031f   Thumb Code     0  startup_stm32f40_41xxx.o(.text)
    I2C1_ER_IRQHandler                       0x0800031f   Thumb Code     0  startup_stm32f40_41xxx.o(.text)
    I2C1_EV_IRQHandler                       0x0800031f   Thumb Code     0  startup_stm32f40_41xxx.o(.text)
    I2C2_ER_IRQHandler                       0x0800031f   Thumb Code     0  startup_stm32f40_41xxx.o(.text)
    I2C2_EV_IRQHandler                       0x0800031f   Thumb Code     0  startup_stm32f40_41xxx.o(.text)
    I2C3_ER_IRQHandler                       0x0800031f   Thumb Code     0  startup_stm32f40_41xxx.o(.text)
    I2C3_EV_IRQHandler                       0x0800031f   Thumb Code     0  startup_stm32f40_41xxx.o(.text)
    OTG_FS_IRQHandler                        0x0800031f   Thumb Code     0  startup_stm32f40_41xxx.o(.text)
    OTG_FS_WKUP_IRQHandler                   0x0800031f   Thumb Code     0  startup_stm32f40_41xxx.o(.text)
    OTG_HS_EP1_IN_IRQHandler                 0x0800031f   Thumb Code     0  startup_stm32f40_41xxx.o(.text)
    OTG_HS_EP1_OUT_IRQHandler                0x0800031f   Thumb Code     0  startup_stm32f40_41xxx.o(.text)
    OTG_HS_IRQHandler                        0x0800031f   Thumb Code     0  startup_stm32f40_41xxx.o(.text)
    OTG_HS_WKUP_IRQHandler                   0x0800031f   Thumb Code     0  startup_stm32f40_41xxx.o(.text)
    PVD_IRQHandler                           0x0800031f   Thumb Code     0  startup_stm32f40_41xxx.o(.text)
    RCC_IRQHandler                           0x0800031f   Thumb Code     0  startup_stm32f40_41xxx.o(.text)
    RTC_Alarm_IRQHandler                     0x0800031f   Thumb Code     0  startup_stm32f40_41xxx.o(.text)
    RTC_WKUP_IRQHandler                      0x0800031f   Thumb Code     0  startup_stm32f40_41xxx.o(.text)
    SDIO_IRQHandler                          0x0800031f   Thumb Code     0  startup_stm32f40_41xxx.o(.text)
    SPI1_IRQHandler                          0x0800031f   Thumb Code     0  startup_stm32f40_41xxx.o(.text)
    SPI2_IRQHandler                          0x0800031f   Thumb Code     0  startup_stm32f40_41xxx.o(.text)
    SPI3_IRQHandler                          0x0800031f   Thumb Code     0  startup_stm32f40_41xxx.o(.text)
    TAMP_STAMP_IRQHandler                    0x0800031f   Thumb Code     0  startup_stm32f40_41xxx.o(.text)
    TIM1_BRK_TIM9_IRQHandler                 0x0800031f   Thumb Code     0  startup_stm32f40_41xxx.o(.text)
    TIM1_CC_IRQHandler                       0x0800031f   Thumb Code     0  startup_stm32f40_41xxx.o(.text)
    TIM1_TRG_COM_TIM11_IRQHandler            0x0800031f   Thumb Code     0  startup_stm32f40_41xxx.o(.text)
    TIM1_UP_TIM10_IRQHandler                 0x0800031f   Thumb Code     0  startup_stm32f40_41xxx.o(.text)
    TIM2_IRQHandler                          0x0800031f   Thumb Code     0  startup_stm32f40_41xxx.o(.text)
    TIM3_IRQHandler                          0x0800031f   Thumb Code     0  startup_stm32f40_41xxx.o(.text)
    TIM4_IRQHandler                          0x0800031f   Thumb Code     0  startup_stm32f40_41xxx.o(.text)
    TIM5_IRQHandler                          0x0800031f   Thumb Code     0  startup_stm32f40_41xxx.o(.text)
    TIM6_DAC_IRQHandler                      0x0800031f   Thumb Code     0  startup_stm32f40_41xxx.o(.text)
    TIM7_IRQHandler                          0x0800031f   Thumb Code     0  startup_stm32f40_41xxx.o(.text)
    TIM8_BRK_TIM12_IRQHandler                0x0800031f   Thumb Code     0  startup_stm32f40_41xxx.o(.text)
    TIM8_CC_IRQHandler                       0x0800031f   Thumb Code     0  startup_stm32f40_41xxx.o(.text)
    TIM8_TRG_COM_TIM14_IRQHandler            0x0800031f   Thumb Code     0  startup_stm32f40_41xxx.o(.text)
    TIM8_UP_TIM13_IRQHandler                 0x0800031f   Thumb Code     0  startup_stm32f40_41xxx.o(.text)
    UART4_IRQHandler                         0x0800031f   Thumb Code     0  startup_stm32f40_41xxx.o(.text)
    UART5_IRQHandler                         0x0800031f   Thumb Code     0  startup_stm32f40_41xxx.o(.text)
    USART2_IRQHandler                        0x0800031f   Thumb Code     0  startup_stm32f40_41xxx.o(.text)
    USART3_IRQHandler                        0x0800031f   Thumb Code     0  startup_stm32f40_41xxx.o(.text)
    USART6_IRQHandler                        0x0800031f   Thumb Code     0  startup_stm32f40_41xxx.o(.text)
    WWDG_IRQHandler                          0x0800031f   Thumb Code     0  startup_stm32f40_41xxx.o(.text)
    __user_initial_stackheap                 0x08000321   Thumb Code     0  startup_stm32f40_41xxx.o(.text)
    __use_no_semihosting                     0x08000345   Thumb Code     2  use_no_semi_2.o(.text)
    __2printf                                0x08000349   Thumb Code    20  noretval__2printf.o(.text)
    _printf_str                              0x08000361   Thumb Code    82  _printf_str.o(.text)
    _printf_int_dec                          0x080003b5   Thumb Code   104  _printf_dec.o(.text)
    __printf                                 0x0800042d   Thumb Code   270  __printf_wp.o(.text)
    __aeabi_memcpy                           0x0800053b   Thumb Code     0  rt_memcpy_v6.o(.text)
    __rt_memcpy                              0x0800053b   Thumb Code   138  rt_memcpy_v6.o(.text)
    _memcpy_lastbytes                        0x080005a1   Thumb Code     0  rt_memcpy_v6.o(.text)
    __aeabi_memset                           0x080005c5   Thumb Code    16  aeabi_memset.o(.text)
    __use_two_region_memory                  0x080005d5   Thumb Code     2  heapauxi.o(.text)
    __rt_heap_escrow$2region                 0x080005d7   Thumb Code     2  heapauxi.o(.text)
    __rt_heap_expand$2region                 0x080005d9   Thumb Code     2  heapauxi.o(.text)
    __I$use$semihosting                      0x080005db   Thumb Code     0  use_no_semi.o(.text)
    __use_no_semihosting_swi                 0x080005db   Thumb Code     2  use_no_semi.o(.text)
    _printf_int_common                       0x080005dd   Thumb Code   178  _printf_intcommon.o(.text)
    __lib_sel_fp_printf                      0x0800068f   Thumb Code     2  _printf_fp_dec.o(.text)
    _printf_fp_dec_real                      0x0800083d   Thumb Code   620  _printf_fp_dec.o(.text)
    _printf_char_common                      0x08000ab3   Thumb Code    32  _printf_char_common.o(.text)
    _printf_cs_common                        0x08000ad9   Thumb Code    20  _printf_char.o(.text)
    _printf_char                             0x08000aed   Thumb Code    16  _printf_char.o(.text)
    _printf_string                           0x08000afd   Thumb Code     8  _printf_char.o(.text)
    _printf_char_file                        0x08000b05   Thumb Code    32  _printf_char_file.o(.text)
    __aeabi_memcpy4                          0x08000b29   Thumb Code     0  rt_memcpy_w.o(.text)
    __aeabi_memcpy8                          0x08000b29   Thumb Code     0  rt_memcpy_w.o(.text)
    __rt_memcpy_w                            0x08000b29   Thumb Code   100  rt_memcpy_w.o(.text)
    _memcpy_lastbytes_aligned                0x08000b71   Thumb Code     0  rt_memcpy_w.o(.text)
    __aeabi_memclr                           0x08000b8d   Thumb Code     0  rt_memclr.o(.text)
    __rt_memclr                              0x08000b8d   Thumb Code    68  rt_memclr.o(.text)
    _memset                                  0x08000b91   Thumb Code     0  rt_memclr.o(.text)
    __rt_locale                              0x08000bd1   Thumb Code     8  rt_locale_intlibspace.o(.text)
    _ll_udiv10                               0x08000bd9   Thumb Code   138  lludiv10.o(.text)
    _printf_fp_infnan                        0x08000c65   Thumb Code   112  _printf_fp_infnan.o(.text)
    _btod_etento                             0x08000ce5   Thumb Code   216  bigflt0.o(.text)
    ferror                                   0x08000dc1   Thumb Code     8  ferror.o(.text)
    __aeabi_memclr4                          0x08000dc9   Thumb Code     0  rt_memclr_w.o(.text)
    __aeabi_memclr8                          0x08000dc9   Thumb Code     0  rt_memclr_w.o(.text)
    __rt_memclr_w                            0x08000dc9   Thumb Code    78  rt_memclr_w.o(.text)
    _memset_w                                0x08000dcd   Thumb Code     0  rt_memclr_w.o(.text)
    __user_libspace                          0x08000e19   Thumb Code     8  libspace.o(.text)
    __user_perproc_libspace                  0x08000e19   Thumb Code     0  libspace.o(.text)
    __user_perthread_libspace                0x08000e19   Thumb Code     0  libspace.o(.text)
    __user_setup_stackheap                   0x08000e21   Thumb Code    74  sys_stackheap_outer.o(.text)
    exit                                     0x08000e6b   Thumb Code    12  exit.o(.text)
    strcmp                                   0x08000e79   Thumb Code   128  strcmpv7m.o(.text)
    _btod_d2e                                0x08000ef9   Thumb Code    62  btod.o(CL$$btod_d2e)
    _d2e_denorm_low                          0x08000f37   Thumb Code    70  btod.o(CL$$btod_d2e_denorm_low)
    _d2e_norm_op1                            0x08000f7d   Thumb Code    96  btod.o(CL$$btod_d2e_norm_op1)
    __btod_div_common                        0x08000fdd   Thumb Code   696  btod.o(CL$$btod_div_common)
    _e2e                                     0x08001315   Thumb Code   198  btod.o(CL$$btod_e2e)
    _btod_ediv                               0x080013db   Thumb Code    40  btod.o(CL$$btod_ediv)
    _btod_emul                               0x08001403   Thumb Code    40  btod.o(CL$$btod_emul)
    __btod_mult_common                       0x0800142b   Thumb Code   580  btod.o(CL$$btod_mult_common)
    BusFault_Handler                         0x0800166f   Thumb Code     2  stm32f4xx_it.o(i.BusFault_Handler)
    DebugMon_Handler                         0x08001671   Thumb Code     2  stm32f4xx_it.o(i.DebugMon_Handler)
    GPIO_Init                                0x08001673   Thumb Code   120  stm32f4xx_gpio.o(i.GPIO_Init)
    GPIO_PinAFConfig                         0x080016eb   Thumb Code    32  stm32f4xx_gpio.o(i.GPIO_PinAFConfig)
    GPIO_SetBits                             0x0800170b   Thumb Code     4  stm32f4xx_gpio.o(i.GPIO_SetBits)
    HardFault_Handler                        0x0800170f   Thumb Code     2  stm32f4xx_it.o(i.HardFault_Handler)
    LED_Init                                 0x08001711   Thumb Code    58  led.o(i.LED_Init)
    MemManage_Handler                        0x08001751   Thumb Code     2  stm32f4xx_it.o(i.MemManage_Handler)
    NMI_Handler                              0x08001753   Thumb Code     2  stm32f4xx_it.o(i.NMI_Handler)
    NVIC_Init                                0x08001755   Thumb Code    96  misc.o(i.NVIC_Init)
    NVIC_PriorityGroupConfig                 0x080017b9   Thumb Code    10  misc.o(i.NVIC_PriorityGroupConfig)
    RCC_AHB1PeriphClockCmd                   0x080017cd   Thumb Code    18  stm32f4xx_rcc.o(i.RCC_AHB1PeriphClockCmd)
    RCC_APB2PeriphClockCmd                   0x080017e5   Thumb Code    18  stm32f4xx_rcc.o(i.RCC_APB2PeriphClockCmd)
    RCC_GetClocksFreq                        0x080017fd   Thumb Code   132  stm32f4xx_rcc.o(i.RCC_GetClocksFreq)
    SysTick_CLKSourceConfig                  0x08001941   Thumb Code    24  misc.o(i.SysTick_CLKSourceConfig)
    SysTick_Handler                          0x08001959   Thumb Code    20  delay.o(i.SysTick_Handler)
    SystemInit                               0x0800196d   Thumb Code    74  system_stm32f4xx.o(i.SystemInit)
    USART1_IRQHandler                        0x080019c9   Thumb Code    88  usart.o(i.USART1_IRQHandler)
    USART_Cmd                                0x08001a2d   Thumb Code    20  stm32f4xx_usart.o(i.USART_Cmd)
    USART_GetITStatus                        0x08001a41   Thumb Code    62  stm32f4xx_usart.o(i.USART_GetITStatus)
    USART_ITConfig                           0x08001a7f   Thumb Code    48  stm32f4xx_usart.o(i.USART_ITConfig)
    USART_Init                               0x08001ab1   Thumb Code   164  stm32f4xx_usart.o(i.USART_Init)
    USART_ReceiveData                        0x08001b5d   Thumb Code     8  stm32f4xx_usart.o(i.USART_ReceiveData)
    UsageFault_Handler                       0x08001b65   Thumb Code     2  stm32f4xx_it.o(i.UsageFault_Handler)
    __ARM_fpclassify                         0x08001b67   Thumb Code    48  fpclassify.o(i.__ARM_fpclassify)
    _is_digit                                0x08001b97   Thumb Code    14  __printf_wp.o(i._is_digit)
    _sys_exit                                0x08001ba5   Thumb Code     2  usart.o(i._sys_exit)
    delay_init                               0x08001ba9   Thumb Code    50  delay.o(i.delay_init)
    float_task                               0x08001be1   Thumb Code    56  main.o(i.float_task)
    fputc                                    0x08001c39   Thumb Code    14  usart.o(i.fputc)
    led0_task                                0x08001c4d   Thumb Code    24  main.o(i.led0_task)
    led1_task                                0x08001c69   Thumb Code    32  main.o(i.led1_task)
    main                                     0x08001c8d   Thumb Code    56  main.o(i.main)
    pvPortMalloc                             0x0800253d   Thumb Code   214  heap_4.o(i.pvPortMalloc)
    pvTaskIncrementMutexHeldCount            0x08002651   Thumb Code    18  tasks.o(i.pvTaskIncrementMutexHeldCount)
    pxPortInitialiseStack                    0x08002669   Thumb Code    40  port.o(i.pxPortInitialiseStack)
    start_task                               0x08002695   Thumb Code    88  main.o(i.start_task)
    uart_init                                0x08002721   Thumb Code   164  usart.o(i.uart_init)
    uxListRemove                             0x080027cd   Thumb Code    36  list.o(i.uxListRemove)
    vListInitialise                          0x080027f1   Thumb Code    22  list.o(i.vListInitialise)
    vListInitialiseItem                      0x08002807   Thumb Code     6  list.o(i.vListInitialiseItem)
    vListInsert                              0x0800280d   Thumb Code    48  list.o(i.vListInsert)
    vListInsertEnd                           0x0800283d   Thumb Code    24  list.o(i.vListInsertEnd)
    vPortEnterCritical                       0x08002855   Thumb Code    50  port.o(i.vPortEnterCritical)
    vPortExitCritical                        0x080028cd   Thumb Code    34  port.o(i.vPortExitCritical)
    vPortFree                                0x08002931   Thumb Code    94  heap_4.o(i.vPortFree)
    vPortSetupTimerInterrupt                 0x080029cd   Thumb Code    26  port.o(i.vPortSetupTimerInterrupt)
    vPortValidateInterruptPriority           0x080029ed   Thumb Code    70  port.o(i.vPortValidateInterruptPriority)
    vQueueAddToRegistry                      0x08002a79   Thumb Code    32  queue.o(i.vQueueAddToRegistry)
    vQueueWaitForMessageRestricted           0x08002a9d   Thumb Code    68  queue.o(i.vQueueWaitForMessageRestricted)
    vTaskDelay                               0x08002ae1   Thumb Code    62  tasks.o(i.vTaskDelay)
    vTaskDelete                              0x08002b4d   Thumb Code   152  tasks.o(i.vTaskDelete)
    vTaskMissedYield                         0x08002c19   Thumb Code     8  tasks.o(i.vTaskMissedYield)
    vTaskPlaceOnEventList                    0x08002c25   Thumb Code    44  tasks.o(i.vTaskPlaceOnEventList)
    vTaskPlaceOnEventListRestricted          0x08002c79   Thumb Code    52  tasks.o(i.vTaskPlaceOnEventListRestricted)
    vTaskPriorityInherit                     0x08002cd5   Thumb Code   124  tasks.o(i.vTaskPriorityInherit)
    vTaskSetTimeOutState                     0x08002d59   Thumb Code    30  tasks.o(i.vTaskSetTimeOutState)
    vTaskStartScheduler                      0x08002da1   Thumb Code    96  tasks.o(i.vTaskStartScheduler)
    vTaskSuspendAll                          0x08002e35   Thumb Code    10  tasks.o(i.vTaskSuspendAll)
    vTaskSwitchContext                       0x08002e45   Thumb Code    80  tasks.o(i.vTaskSwitchContext)
    xPortStartScheduler                      0x08002ec1   Thumb Code   196  port.o(i.xPortStartScheduler)
    xPortSysTickHandler                      0x08002fd5   Thumb Code    38  port.o(i.xPortSysTickHandler)
    xQueueGenericCreate                      0x08003001   Thumb Code    82  queue.o(i.xQueueGenericCreate)
    xQueueGenericReceive                     0x08003079   Thumb Code   348  queue.o(i.xQueueGenericReceive)
    xQueueGenericReset                       0x080031fd   Thumb Code   128  queue.o(i.xQueueGenericReset)
    xQueueGenericSend                        0x080032a5   Thumb Code   350  queue.o(i.xQueueGenericSend)
    xQueueGenericSendFromISR                 0x0800342d   Thumb Code   188  queue.o(i.xQueueGenericSendFromISR)
    xTaskCheckForTimeOut                     0x0800350d   Thumb Code    94  tasks.o(i.xTaskCheckForTimeOut)
    xTaskCreate                              0x08003595   Thumb Code    86  tasks.o(i.xTaskCreate)
    xTaskGetSchedulerState                   0x080035ed   Thumb Code    22  tasks.o(i.xTaskGetSchedulerState)
    xTaskGetTickCount                        0x08003609   Thumb Code     6  tasks.o(i.xTaskGetTickCount)
    xTaskIncrementTick                       0x08003615   Thumb Code   188  tasks.o(i.xTaskIncrementTick)
    xTaskPriorityDisinherit                  0x080036fd   Thumb Code   136  tasks.o(i.xTaskPriorityDisinherit)
    xTaskRemoveFromEventList                 0x080037b1   Thumb Code   102  tasks.o(i.xTaskRemoveFromEventList)
    xTaskResumeAll                           0x08003849   Thumb Code   180  tasks.o(i.xTaskResumeAll)
    xTimerCreate                             0x0800392d   Thumb Code    74  timers.o(i.xTimerCreate)
    xTimerCreateTimerTask                    0x080039a1   Thumb Code    58  timers.o(i.xTimerCreateTimerTask)
    xTimerGenericCommand                     0x08003a15   Thumb Code    98  timers.o(i.xTimerGenericCommand)
    _get_lc_numeric                          0x08003aa5   Thumb Code    44  lc_numeric_c.o(locale$$code)
    __fpl_dretinf                            0x08003ad1   Thumb Code    12  dretinf.o(x$fpl$dretinf)
    __aeabi_f2d                              0x08003add   Thumb Code     0  f2d.o(x$fpl$f2d)
    _f2d                                     0x08003add   Thumb Code    86  f2d.o(x$fpl$f2d)
    __fpl_fnaninf                            0x08003b33   Thumb Code   140  fnaninf.o(x$fpl$fnaninf)
    _fp_init                                 0x08003bbf   Thumb Code    10  fpinit.o(x$fpl$fpinit)
    __fplib_config_fpu_vfp                   0x08003bc7   Thumb Code     0  fpinit.o(x$fpl$fpinit)
    __fplib_config_pureend_doubles           0x08003bc7   Thumb Code     0  fpinit.o(x$fpl$fpinit)
    _printf_fp_dec                           0x08003bc9   Thumb Code     4  printf1.o(x$fpl$printf1)
    __I$use$fp                               0x08003bcc   Number         0  usenofp.o(x$fpl$usenofp)
    Region$$Table$$Base                      0x08003c60   Number         0  anon$$obj.o(Region$$Table)
    Region$$Table$$Limit                     0x08003c80   Number         0  anon$$obj.o(Region$$Table)
    StartTask_Handler                        0x20000004   Data           4  main.o(.data)
    LED0Task_Handler                         0x20000008   Data           4  main.o(.data)
    LED1Task_Handler                         0x2000000c   Data           4  main.o(.data)
    FLOATTask_Handler                        0x20000010   Data           4  main.o(.data)
    SystemCoreClock                          0x20000014   Data           4  system_stm32f4xx.o(.data)
    AHBPrescTable                            0x20000018   Data          16  system_stm32f4xx.o(.data)
    USART_RX_STA                             0x2000002c   Data           2  usart.o(.data)
    __stdout                                 0x20000030   Data           4  usart.o(.data)
    pxCurrentTCB                             0x20000044   Data           4  tasks.o(.data)
    USART_RX_BUF                             0x200000b8   Data         200  usart.o(.bss)
    xQueueRegistry                           0x20000180   Data          64  queue.o(.bss)
    __libspace_start                         0x200054cc   Data          96  libspace.o(.bss)
    __temporary_stack_top$libspace           0x2000552c   Data           0  libspace.o(.bss)



==============================================================================

Memory Map of the image

  Image Entry point : 0x08000189

  Load Region LR_IROM1 (Base: 0x08000000, Size: 0x00003d54, Max: 0x00100000, ABSOLUTE)

    Execution Region ER_IROM1 (Base: 0x08000000, Size: 0x00003c9c, Max: 0x00100000, ABSOLUTE)

    Base Addr    Size         Type   Attr      Idx    E Section Name        Object

    0x08000000   0x00000188   Data   RO          467    RESET               startup_stm32f40_41xxx.o
    0x08000188   0x00000008   Code   RO         2282  * !!!main             c_w.l(__main.o)
    0x08000190   0x00000034   Code   RO         2513    !!!scatter          c_w.l(__scatter.o)
    0x080001c4   0x0000001a   Code   RO         2515    !!handler_copy      c_w.l(__scatter_copy.o)
    0x080001de   0x00000002   PAD
    0x080001e0   0x0000001c   Code   RO         2517    !!handler_zi        c_w.l(__scatter_zi.o)
    0x080001fc   0x00000000   Code   RO         2271    .ARM.Collect$$_printf_percent$$00000000  c_w.l(_printf_percent.o)
    0x080001fc   0x00000006   Code   RO         2270    .ARM.Collect$$_printf_percent$$00000003  c_w.l(_printf_f.o)
    0x08000202   0x00000006   Code   RO         2268    .ARM.Collect$$_printf_percent$$00000009  c_w.l(_printf_d.o)
    0x08000208   0x00000006   Code   RO         2267    .ARM.Collect$$_printf_percent$$00000014  c_w.l(_printf_s.o)
    0x0800020e   0x00000004   Code   RO         2303    .ARM.Collect$$_printf_percent$$00000017  c_w.l(_printf_percent_end.o)
    0x08000212   0x00000002   Code   RO         2391    .ARM.Collect$$libinit$$00000000  c_w.l(libinit.o)
    0x08000214   0x00000004   Code   RO         2392    .ARM.Collect$$libinit$$00000001  c_w.l(libinit2.o)
    0x08000218   0x00000000   Code   RO         2395    .ARM.Collect$$libinit$$00000004  c_w.l(libinit2.o)
    0x08000218   0x00000000   Code   RO         2398    .ARM.Collect$$libinit$$0000000A  c_w.l(libinit2.o)
    0x08000218   0x00000000   Code   RO         2400    .ARM.Collect$$libinit$$0000000C  c_w.l(libinit2.o)
    0x08000218   0x00000000   Code   RO         2402    .ARM.Collect$$libinit$$0000000E  c_w.l(libinit2.o)
    0x08000218   0x00000006   Code   RO         2403    .ARM.Collect$$libinit$$0000000F  c_w.l(libinit2.o)
    0x0800021e   0x00000000   Code   RO         2405    .ARM.Collect$$libinit$$00000011  c_w.l(libinit2.o)
    0x0800021e   0x00000000   Code   RO         2407    .ARM.Collect$$libinit$$00000013  c_w.l(libinit2.o)
    0x0800021e   0x00000000   Code   RO         2409    .ARM.Collect$$libinit$$00000015  c_w.l(libinit2.o)
    0x0800021e   0x0000000a   Code   RO         2410    .ARM.Collect$$libinit$$00000016  c_w.l(libinit2.o)
    0x08000228   0x00000000   Code   RO         2411    .ARM.Collect$$libinit$$00000017  c_w.l(libinit2.o)
    0x08000228   0x00000000   Code   RO         2413    .ARM.Collect$$libinit$$00000019  c_w.l(libinit2.o)
    0x08000228   0x00000000   Code   RO         2415    .ARM.Collect$$libinit$$0000001B  c_w.l(libinit2.o)
    0x08000228   0x00000000   Code   RO         2417    .ARM.Collect$$libinit$$0000001D  c_w.l(libinit2.o)
    0x08000228   0x00000000   Code   RO         2419    .ARM.Collect$$libinit$$0000001F  c_w.l(libinit2.o)
    0x08000228   0x00000000   Code   RO         2421    .ARM.Collect$$libinit$$00000021  c_w.l(libinit2.o)
    0x08000228   0x00000000   Code   RO         2423    .ARM.Collect$$libinit$$00000023  c_w.l(libinit2.o)
    0x08000228   0x00000000   Code   RO         2425    .ARM.Collect$$libinit$$00000025  c_w.l(libinit2.o)
    0x08000228   0x00000000   Code   RO         2429    .ARM.Collect$$libinit$$0000002C  c_w.l(libinit2.o)
    0x08000228   0x00000000   Code   RO         2431    .ARM.Collect$$libinit$$0000002E  c_w.l(libinit2.o)
    0x08000228   0x00000000   Code   RO         2433    .ARM.Collect$$libinit$$00000030  c_w.l(libinit2.o)
    0x08000228   0x00000000   Code   RO         2435    .ARM.Collect$$libinit$$00000032  c_w.l(libinit2.o)
    0x08000228   0x00000002   Code   RO         2436    .ARM.Collect$$libinit$$00000033  c_w.l(libinit2.o)
    0x0800022a   0x00000002   Code   RO         2464    .ARM.Collect$$libshutdown$$00000000  c_w.l(libshutdown.o)
    0x0800022c   0x00000000   Code   RO         2474    .ARM.Collect$$libshutdown$$00000003  c_w.l(libshutdown2.o)
    0x0800022c   0x00000000   Code   RO         2477    .ARM.Collect$$libshutdown$$00000006  c_w.l(libshutdown2.o)
    0x0800022c   0x00000000   Code   RO         2480    .ARM.Collect$$libshutdown$$00000009  c_w.l(libshutdown2.o)
    0x0800022c   0x00000000   Code   RO         2482    .ARM.Collect$$libshutdown$$0000000B  c_w.l(libshutdown2.o)
    0x0800022c   0x00000000   Code   RO         2485    .ARM.Collect$$libshutdown$$0000000E  c_w.l(libshutdown2.o)
    0x0800022c   0x00000002   Code   RO         2486    .ARM.Collect$$libshutdown$$0000000F  c_w.l(libshutdown2.o)
    0x0800022e   0x00000000   Code   RO         2290    .ARM.Collect$$rtentry$$00000000  c_w.l(__rtentry.o)
    0x0800022e   0x00000000   Code   RO         2314    .ARM.Collect$$rtentry$$00000002  c_w.l(__rtentry2.o)
    0x0800022e   0x00000006   Code   RO         2326    .ARM.Collect$$rtentry$$00000004  c_w.l(__rtentry4.o)
    0x08000234   0x00000000   Code   RO         2316    .ARM.Collect$$rtentry$$00000009  c_w.l(__rtentry2.o)
    0x08000234   0x00000004   Code   RO         2317    .ARM.Collect$$rtentry$$0000000A  c_w.l(__rtentry2.o)
    0x08000238   0x00000000   Code   RO         2319    .ARM.Collect$$rtentry$$0000000C  c_w.l(__rtentry2.o)
    0x08000238   0x00000008   Code   RO         2320    .ARM.Collect$$rtentry$$0000000D  c_w.l(__rtentry2.o)
    0x08000240   0x00000002   Code   RO         2437    .ARM.Collect$$rtexit$$00000000  c_w.l(rtexit.o)
    0x08000242   0x00000000   Code   RO         2444    .ARM.Collect$$rtexit$$00000002  c_w.l(rtexit2.o)
    0x08000242   0x00000004   Code   RO         2445    .ARM.Collect$$rtexit$$00000003  c_w.l(rtexit2.o)
    0x08000246   0x00000006   Code   RO         2446    .ARM.Collect$$rtexit$$00000004  c_w.l(rtexit2.o)
    0x0800024c   0x000000b6   Code   RO         2088    .emb_text           port.o
    0x08000302   0x00000002   PAD
    0x08000304   0x00000040   Code   RO          468    .text               startup_stm32f40_41xxx.o
    0x08000344   0x00000002   Code   RO         2230    .text               c_w.l(use_no_semi_2.o)
    0x08000346   0x00000002   PAD
    0x08000348   0x00000018   Code   RO         2236    .text               c_w.l(noretval__2printf.o)
    0x08000360   0x00000052   Code   RO         2242    .text               c_w.l(_printf_str.o)
    0x080003b2   0x00000002   PAD
    0x080003b4   0x00000078   Code   RO         2244    .text               c_w.l(_printf_dec.o)
    0x0800042c   0x0000010e   Code   RO         2254    .text               c_w.l(__printf_wp.o)
    0x0800053a   0x0000008a   Code   RO         2276    .text               c_w.l(rt_memcpy_v6.o)
    0x080005c4   0x00000010   Code   RO         2278    .text               c_w.l(aeabi_memset.o)
    0x080005d4   0x00000006   Code   RO         2280    .text               c_w.l(heapauxi.o)
    0x080005da   0x00000002   Code   RO         2288    .text               c_w.l(use_no_semi.o)
    0x080005dc   0x000000b2   Code   RO         2291    .text               c_w.l(_printf_intcommon.o)
    0x0800068e   0x0000041a   Code   RO         2293    .text               c_w.l(_printf_fp_dec.o)
    0x08000aa8   0x00000030   Code   RO         2295    .text               c_w.l(_printf_char_common.o)
    0x08000ad8   0x0000002c   Code   RO         2299    .text               c_w.l(_printf_char.o)
    0x08000b04   0x00000024   Code   RO         2301    .text               c_w.l(_printf_char_file.o)
    0x08000b28   0x00000064   Code   RO         2304    .text               c_w.l(rt_memcpy_w.o)
    0x08000b8c   0x00000044   Code   RO         2306    .text               c_w.l(rt_memclr.o)
    0x08000bd0   0x00000008   Code   RO         2331    .text               c_w.l(rt_locale_intlibspace.o)
    0x08000bd8   0x0000008a   Code   RO         2333    .text               c_w.l(lludiv10.o)
    0x08000c62   0x00000002   PAD
    0x08000c64   0x00000080   Code   RO         2335    .text               c_w.l(_printf_fp_infnan.o)
    0x08000ce4   0x000000dc   Code   RO         2339    .text               c_w.l(bigflt0.o)
    0x08000dc0   0x00000008   Code   RO         2364    .text               c_w.l(ferror.o)
    0x08000dc8   0x0000004e   Code   RO         2371    .text               c_w.l(rt_memclr_w.o)
    0x08000e16   0x00000002   PAD
    0x08000e18   0x00000008   Code   RO         2377    .text               c_w.l(libspace.o)
    0x08000e20   0x0000004a   Code   RO         2380    .text               c_w.l(sys_stackheap_outer.o)
    0x08000e6a   0x0000000c   Code   RO         2382    .text               c_w.l(exit.o)
    0x08000e76   0x00000002   PAD
    0x08000e78   0x00000080   Code   RO         2384    .text               c_w.l(strcmpv7m.o)
    0x08000ef8   0x0000003e   Code   RO         2342    CL$$btod_d2e        c_w.l(btod.o)
    0x08000f36   0x00000046   Code   RO         2344    CL$$btod_d2e_denorm_low  c_w.l(btod.o)
    0x08000f7c   0x00000060   Code   RO         2343    CL$$btod_d2e_norm_op1  c_w.l(btod.o)
    0x08000fdc   0x00000338   Code   RO         2352    CL$$btod_div_common  c_w.l(btod.o)
    0x08001314   0x000000c6   Code   RO         2349    CL$$btod_e2e        c_w.l(btod.o)
    0x080013da   0x00000028   Code   RO         2346    CL$$btod_ediv       c_w.l(btod.o)
    0x08001402   0x00000028   Code   RO         2345    CL$$btod_emul       c_w.l(btod.o)
    0x0800142a   0x00000244   Code   RO         2351    CL$$btod_mult_common  c_w.l(btod.o)
    0x0800166e   0x00000002   Code   RO          204    i.BusFault_Handler  stm32f4xx_it.o
    0x08001670   0x00000002   Code   RO          205    i.DebugMon_Handler  stm32f4xx_it.o
    0x08001672   0x00000078   Code   RO          519    i.GPIO_Init         stm32f4xx_gpio.o
    0x080016ea   0x00000020   Code   RO          520    i.GPIO_PinAFConfig  stm32f4xx_gpio.o
    0x0800170a   0x00000004   Code   RO          527    i.GPIO_SetBits      stm32f4xx_gpio.o
    0x0800170e   0x00000002   Code   RO          206    i.HardFault_Handler  stm32f4xx_it.o
    0x08001710   0x00000040   Code   RO          320    i.LED_Init          led.o
    0x08001750   0x00000002   Code   RO          207    i.MemManage_Handler  stm32f4xx_it.o
    0x08001752   0x00000002   Code   RO          208    i.NMI_Handler       stm32f4xx_it.o
    0x08001754   0x00000064   Code   RO          474    i.NVIC_Init         misc.o
    0x080017b8   0x00000014   Code   RO          475    i.NVIC_PriorityGroupConfig  misc.o
    0x080017cc   0x00000018   Code   RO          616    i.RCC_AHB1PeriphClockCmd  stm32f4xx_rcc.o
    0x080017e4   0x00000018   Code   RO          628    i.RCC_APB2PeriphClockCmd  stm32f4xx_rcc.o
    0x080017fc   0x00000090   Code   RO          637    i.RCC_GetClocksFreq  stm32f4xx_rcc.o
    0x0800188c   0x000000b4   Code   RO          283    i.SetSysClock       system_stm32f4xx.o
    0x08001940   0x00000018   Code   RO          478    i.SysTick_CLKSourceConfig  misc.o
    0x08001958   0x00000014   Code   RO          340    i.SysTick_Handler   delay.o
    0x0800196c   0x0000005c   Code   RO          285    i.SystemInit        system_stm32f4xx.o
    0x080019c8   0x00000064   Code   RO          414    i.USART1_IRQHandler  usart.o
    0x08001a2c   0x00000014   Code   RO         1010    i.USART_Cmd         stm32f4xx_usart.o
    0x08001a40   0x0000003e   Code   RO         1014    i.USART_GetITStatus  stm32f4xx_usart.o
    0x08001a7e   0x00000030   Code   RO         1016    i.USART_ITConfig    stm32f4xx_usart.o
    0x08001aae   0x00000002   PAD
    0x08001ab0   0x000000ac   Code   RO         1017    i.USART_Init        stm32f4xx_usart.o
    0x08001b5c   0x00000008   Code   RO         1024    i.USART_ReceiveData  stm32f4xx_usart.o
    0x08001b64   0x00000002   Code   RO          209    i.UsageFault_Handler  stm32f4xx_it.o
    0x08001b66   0x00000030   Code   RO         2375    i.__ARM_fpclassify  m_wm.l(fpclassify.o)
    0x08001b96   0x0000000e   Code   RO         2256    i._is_digit         c_w.l(__printf_wp.o)
    0x08001ba4   0x00000002   Code   RO          415    i._sys_exit         usart.o
    0x08001ba6   0x00000002   PAD
    0x08001ba8   0x00000038   Code   RO          341    i.delay_init        delay.o
    0x08001be0   0x00000058   Code   RO            3    i.float_task        main.o
    0x08001c38   0x00000014   Code   RO          416    i.fputc             usart.o
    0x08001c4c   0x0000001c   Code   RO            4    i.led0_task         main.o
    0x08001c68   0x00000024   Code   RO            5    i.led1_task         main.o
    0x08001c8c   0x0000004c   Code   RO            6    i.main              main.o
    0x08001cd8   0x00000070   Code   RO         1607    i.prvAddCurrentTaskToDelayedList  tasks.o
    0x08001d48   0x000000d0   Code   RO         1608    i.prvAddNewTaskToReadyList  tasks.o
    0x08001e18   0x00000050   Code   RO         1960    i.prvCheckForValidListAndQueue  timers.o
    0x08001e68   0x00000054   Code   RO         1609    i.prvCheckTasksWaitingTermination  tasks.o
    0x08001ebc   0x00000026   Code   RO         1378    i.prvCopyDataFromQueue  queue.o
    0x08001ee2   0x0000006c   Code   RO         1379    i.prvCopyDataToQueue  queue.o
    0x08001f4e   0x00000014   Code   RO         1610    i.prvDeleteTCB      tasks.o
    0x08001f62   0x00000002   PAD
    0x08001f64   0x0000004c   Code   RO         2173    i.prvHeapInit       heap_4.o
    0x08001fb0   0x00000028   Code   RO         1611    i.prvIdleTask       tasks.o
    0x08001fd8   0x000000c0   Code   RO         1612    i.prvInitialiseNewTask  tasks.o
    0x08002098   0x0000004c   Code   RO         2174    i.prvInsertBlockIntoFreeList  heap_4.o
    0x080020e4   0x00000038   Code   RO         1961    i.prvInsertTimerInActiveList  timers.o
    0x0800211c   0x0000001a   Code   RO         1380    i.prvIsQueueEmpty   queue.o
    0x08002136   0x00000002   PAD
    0x08002138   0x00000090   Code   RO         1381    i.prvNotifyQueueSetContainer  queue.o
    0x080021c8   0x00000060   Code   RO         1962    i.prvProcessExpiredTimer  timers.o
    0x08002228   0x000000f0   Code   RO         1963    i.prvProcessReceivedCommands  timers.o
    0x08002318   0x0000006c   Code   RO         1964    i.prvProcessTimerOrBlockTask  timers.o
    0x08002384   0x00000020   Code   RO         1614    i.prvResetNextTaskUnblockTime  tasks.o
    0x080023a4   0x00000028   Code   RO         1965    i.prvSampleTimeNow  timers.o
    0x080023cc   0x0000006c   Code   RO         1966    i.prvSwitchTimerLists  timers.o
    0x08002438   0x00000064   Code   RO         2089    i.prvTaskExitError  port.o
    0x0800249c   0x00000028   Code   RO         1967    i.prvTimerTask      timers.o
    0x080024c4   0x00000078   Code   RO         1382    i.prvUnlockQueue    queue.o
    0x0800253c   0x00000114   Code   RO         2175    i.pvPortMalloc      heap_4.o
    0x08002650   0x00000018   Code   RO         1616    i.pvTaskIncrementMutexHeldCount  tasks.o
    0x08002668   0x0000002c   Code   RO         2090    i.pxPortInitialiseStack  port.o
    0x08002694   0x0000008c   Code   RO            7    i.start_task        main.o
    0x08002720   0x000000ac   Code   RO          417    i.uart_init         usart.o
    0x080027cc   0x00000024   Code   RO         1333    i.uxListRemove      list.o
    0x080027f0   0x00000016   Code   RO         1334    i.vListInitialise   list.o
    0x08002806   0x00000006   Code   RO         1335    i.vListInitialiseItem  list.o
    0x0800280c   0x00000030   Code   RO         1336    i.vListInsert       list.o
    0x0800283c   0x00000018   Code   RO         1337    i.vListInsertEnd    list.o
    0x08002854   0x00000078   Code   RO         2092    i.vPortEnterCritical  port.o
    0x080028cc   0x00000064   Code   RO         2093    i.vPortExitCritical  port.o
    0x08002930   0x0000009c   Code   RO         2176    i.vPortFree         heap_4.o
    0x080029cc   0x00000020   Code   RO         2094    i.vPortSetupTimerInterrupt  port.o
    0x080029ec   0x0000008c   Code   RO         2095    i.vPortValidateInterruptPriority  port.o
    0x08002a78   0x00000024   Code   RO         1388    i.vQueueAddToRegistry  queue.o
    0x08002a9c   0x00000044   Code   RO         1392    i.vQueueWaitForMessageRestricted  queue.o
    0x08002ae0   0x0000006c   Code   RO         1624    i.vTaskDelay        tasks.o
    0x08002b4c   0x000000cc   Code   RO         1626    i.vTaskDelete       tasks.o
    0x08002c18   0x0000000c   Code   RO         1630    i.vTaskMissedYield  tasks.o
    0x08002c24   0x00000054   Code   RO         1632    i.vTaskPlaceOnEventList  tasks.o
    0x08002c78   0x0000005c   Code   RO         1633    i.vTaskPlaceOnEventListRestricted  tasks.o
    0x08002cd4   0x00000084   Code   RO         1635    i.vTaskPriorityInherit  tasks.o
    0x08002d58   0x00000048   Code   RO         1639    i.vTaskSetTimeOutState  tasks.o
    0x08002da0   0x00000094   Code   RO         1640    i.vTaskStartScheduler  tasks.o
    0x08002e34   0x00000010   Code   RO         1642    i.vTaskSuspendAll   tasks.o
    0x08002e44   0x0000007c   Code   RO         1643    i.vTaskSwitchContext  tasks.o
    0x08002ec0   0x00000114   Code   RO         2096    i.xPortStartScheduler  port.o
    0x08002fd4   0x0000002c   Code   RO         2097    i.xPortSysTickHandler  port.o
    0x08003000   0x00000078   Code   RO         1397    i.xQueueGenericCreate  queue.o
    0x08003078   0x00000184   Code   RO         1398    i.xQueueGenericReceive  queue.o
    0x080031fc   0x000000a8   Code   RO         1399    i.xQueueGenericReset  queue.o
    0x080032a4   0x00000188   Code   RO         1400    i.xQueueGenericSend  queue.o
    0x0800342c   0x000000e0   Code   RO         1401    i.xQueueGenericSendFromISR  queue.o
    0x0800350c   0x00000088   Code   RO         1644    i.xTaskCheckForTimeOut  tasks.o
    0x08003594   0x00000056   Code   RO         1645    i.xTaskCreate       tasks.o
    0x080035ea   0x00000002   PAD
    0x080035ec   0x0000001c   Code   RO         1649    i.xTaskGetSchedulerState  tasks.o
    0x08003608   0x0000000c   Code   RO         1650    i.xTaskGetTickCount  tasks.o
    0x08003614   0x000000e8   Code   RO         1652    i.xTaskIncrementTick  tasks.o
    0x080036fc   0x000000b4   Code   RO         1655    i.xTaskPriorityDisinherit  tasks.o
    0x080037b0   0x00000098   Code   RO         1656    i.xTaskRemoveFromEventList  tasks.o
    0x08003848   0x000000e4   Code   RO         1658    i.xTaskResumeAll    tasks.o
    0x0800392c   0x00000074   Code   RO         1970    i.xTimerCreate      timers.o
    0x080039a0   0x00000074   Code   RO         1971    i.xTimerCreateTimerTask  timers.o
    0x08003a14   0x00000090   Code   RO         1972    i.xTimerGenericCommand  timers.o
    0x08003aa4   0x0000002c   Code   RO         2369    locale$$code        c_w.l(lc_numeric_c.o)
    0x08003ad0   0x0000000c   Code   RO         2308    x$fpl$dretinf       fz_wm.l(dretinf.o)
    0x08003adc   0x00000056   Code   RO         2284    x$fpl$f2d           fz_wm.l(f2d.o)
    0x08003b32   0x0000008c   Code   RO         2310    x$fpl$fnaninf       fz_wm.l(fnaninf.o)
    0x08003bbe   0x0000000a   Code   RO         2441    x$fpl$fpinit        fz_wm.l(fpinit.o)
    0x08003bc8   0x00000004   Code   RO         2286    x$fpl$printf1       fz_wm.l(printf1.o)
    0x08003bcc   0x00000000   Code   RO         2312    x$fpl$usenofp       fz_wm.l(usenofp.o)
    0x08003bcc   0x00000094   Data   RO         2340    .constdata          c_w.l(bigflt0.o)
    0x08003c60   0x00000020   Data   RO         2511    Region$$Table       anon$$obj.o
    0x08003c80   0x0000001c   Data   RO         2368    locale$$data        c_w.l(lc_numeric_c.o)


    Execution Region RW_IRAM1 (Base: 0x20000000, Size: 0x00005b30, Max: 0x00020000, ABSOLUTE)

    Base Addr    Size         Type   Attr      Idx    E Section Name        Object

    0x20000000   0x00000014   Data   RW            8    .data               main.o
    0x20000014   0x00000014   Data   RW          286    .data               system_stm32f4xx.o
    0x20000028   0x00000004   Data   RW          345    .data               delay.o
    0x2000002c   0x00000002   Data   RW          419    .data               usart.o
    0x2000002e   0x00000002   PAD
    0x20000030   0x00000004   Data   RW          420    .data               usart.o
    0x20000034   0x00000010   Data   RW          669    .data               stm32f4xx_rcc.o
    0x20000044   0x0000003c   Data   RW         1661    .data               tasks.o
    0x20000080   0x00000014   Data   RW         1980    .data               timers.o
    0x20000094   0x0000000c   Data   RW         2098    .data               port.o
    0x200000a0   0x00000018   Data   RW         2181    .data               heap_4.o
    0x200000b8   0x000000c8   Zero   RW          418    .bss                usart.o
    0x20000180   0x00000040   Zero   RW         1412    .bss                queue.o
    0x200001c0   0x000002e4   Zero   RW         1660    .bss                tasks.o
    0x200004a4   0x00000028   Zero   RW         1979    .bss                timers.o
    0x200004cc   0x00005000   Zero   RW         2180    .bss                heap_4.o
    0x200054cc   0x00000060   Zero   RW         2378    .bss                c_w.l(libspace.o)
    0x2000552c   0x00000004   PAD
    0x20005530   0x00000200   Zero   RW          466    HEAP                startup_stm32f40_41xxx.o
    0x20005730   0x00000400   Zero   RW          465    STACK               startup_stm32f40_41xxx.o


==============================================================================

Image component sizes


      Code (inc. data)   RO Data    RW Data    ZI Data      Debug   Object Name

        76          6          0          4          0       1243   delay.o
         0          0          0          0          0      11700   event_groups.o
       584        138          0         24      20480       3719   heap_4.o
        64          6          0          0          0        527   led.o
       136          0          0          0          0       2934   list.o
       368        112          0         20          0     274545   main.o
       144         14          0          0          0       1917   misc.o
      1038        382          0         12          0      10613   port.o
      1832        236          0          0         64      13753   queue.o
        64         26        392          0       1536        832   startup_stm32f40_41xxx.o
       156          0          0          0          0       2066   stm32f4xx_gpio.o
        12          0          0          0          0       2625   stm32f4xx_it.o
       192         24          0         16          0       3866   stm32f4xx_rcc.o
       310          8          0          0          0       3802   stm32f4xx_usart.o
       272         36          0         20          0       1709   system_stm32f4xx.o
      2758        670          0         60        740      27983   tasks.o
      1144        260          0         20         40       8802   timers.o
       294         26          0          6        200       4116   usart.o

    ----------------------------------------------------------------------
      9456       1944        424        184      23060     376752   Object Totals
         0          0         32          0          0          0   (incl. Generated)
        12          0          0          2          0          0   (incl. Padding)

    ----------------------------------------------------------------------

      Code (inc. data)   RO Data    RW Data    ZI Data      Debug   Library Member Name

         8          0          0          0          0         68   __main.o
       284          0          0          0          0        156   __printf_wp.o
         0          0          0          0          0          0   __rtentry.o
        12          0          0          0          0          0   __rtentry2.o
         6          0          0          0          0          0   __rtentry4.o
        52          8          0          0          0          0   __scatter.o
        26          0          0          0          0          0   __scatter_copy.o
        28          0          0          0          0          0   __scatter_zi.o
        44          0          0          0          0        108   _printf_char.o
        48          6          0          0          0         96   _printf_char_common.o
        36          4          0          0          0         80   _printf_char_file.o
         6          0          0          0          0          0   _printf_d.o
       120         16          0          0          0         92   _printf_dec.o
         6          0          0          0          0          0   _printf_f.o
      1050          0          0          0          0        216   _printf_fp_dec.o
       128         16          0          0          0         84   _printf_fp_infnan.o
       178          0          0          0          0         88   _printf_intcommon.o
         0          0          0          0          0          0   _printf_percent.o
         4          0          0          0          0          0   _printf_percent_end.o
         6          0          0          0          0          0   _printf_s.o
        82          0          0          0          0         80   _printf_str.o
        16          0          0          0          0         68   aeabi_memset.o
       220          4        148          0          0         96   bigflt0.o
      1910        128          0          0          0        672   btod.o
        12          0          0          0          0         72   exit.o
         8          0          0          0          0         68   ferror.o
         6          0          0          0          0        152   heapauxi.o
        44         10         28          0          0         76   lc_numeric_c.o
         2          0          0          0          0          0   libinit.o
        22          0          0          0          0          0   libinit2.o
         2          0          0          0          0          0   libshutdown.o
         2          0          0          0          0          0   libshutdown2.o
         8          4          0          0         96         68   libspace.o
       138          0          0          0          0         80   lludiv10.o
        24          4          0          0          0         84   noretval__2printf.o
         8          4          0          0          0         68   rt_locale_intlibspace.o
        68          0          0          0          0         68   rt_memclr.o
        78          0          0          0          0         80   rt_memclr_w.o
       138          0          0          0          0         68   rt_memcpy_v6.o
       100          0          0          0          0         80   rt_memcpy_w.o
         2          0          0          0          0          0   rtexit.o
        10          0          0          0          0          0   rtexit2.o
       128          0          0          0          0         68   strcmpv7m.o
        74          0          0          0          0         80   sys_stackheap_outer.o
         2          0          0          0          0         68   use_no_semi.o
         2          0          0          0          0         68   use_no_semi_2.o
        12          0          0          0          0        116   dretinf.o
        86          4          0          0          0        132   f2d.o
       140          4          0          0          0        132   fnaninf.o
        10          0          0          0          0        116   fpinit.o
         4          0          0          0          0        116   printf1.o
         0          0          0          0          0          0   usenofp.o
        48          0          0          0          0        124   fpclassify.o

    ----------------------------------------------------------------------
      5460        212        176          0        100       3888   Library Totals
        12          0          0          0          4          0   (incl. Padding)

    ----------------------------------------------------------------------

      Code (inc. data)   RO Data    RW Data    ZI Data      Debug   Library Name

      5148        204        176          0         96       3152   c_w.l
       252          8          0          0          0        612   fz_wm.l
        48          0          0          0          0        124   m_wm.l

    ----------------------------------------------------------------------
      5460        212        176          0        100       3888   Library Totals

    ----------------------------------------------------------------------

==============================================================================


      Code (inc. data)   RO Data    RW Data    ZI Data      Debug   

     14916       2156        600        184      23160     368972   Grand Totals
     14916       2156        600        184      23160     368972   ELF Image Totals
     14916       2156        600        184          0          0   ROM Totals

==============================================================================

    Total RO  Size (Code + RO Data)                15516 (  15.15kB)
    Total RW  Size (RW Data + ZI Data)             23344 (  22.80kB)
    Total ROM Size (Code + RO Data + RW Data)      15700 (  15.33kB)

==============================================================================

